C51 COMPILER V9.56.0.0   ADC                                                               03/15/2024 09:55:10 PAGE 1   


C51 COMPILER V9.56.0.0, COMPILATION OF MODULE ADC
OBJECT MODULE PLACED IN .\Objects\adc.obj
COMPILER INVOKED BY: C:\Keil_v5\C51\BIN\C51.EXE Source\adc.c OPTIMIZE(8,SPEED) BROWSE INCDIR(.\Source;.\Source;.\Source\
                    -Buzzer;.\Source\CHRG;.\Source\KEY;.\Source\Timer;.\Source\IIC;.\Source\USER;.\Source\SYS;.\Source\UART;.\Source\LCD;.\So
                    -urce\LED;.\Source\INC;.\Source\InfraRed;.\Source\ISP;.\Source\WS2811;.\Source\RF;.\Hardware\SN8F5702_Hardware\inc;.\Sour
                    -ce\AHT10) DEBUG OBJECTEXTEND PRINT(.\Listings\adc.lst) TABS(2) OBJECT(.\Objects\adc.obj)

line level    source

   1          #include "adc.h"
   2          /***********************************************************
   3          **函数名     :adc_config()()
   4          **功能描述   :
   5          **
   6          **输入参数   : 
   7          **
   8          **返回参数   :
   9          **
  10          **使用说明   :配置ADC寄存器,和响应的IO口
  11          ***********************************************************/
  12          void adc_config()
  13          {
  14   1      
  15   1        ADM = 0x80|L_AD_CHANNEL1;                         //ADC Enable
  16   1        ADR = 0x40;                                       //AIN channel Enable
  17   1        VREFH = L_VREF_INT;             
  18   1        VREFH |= L_VERFH_3V;                            
  19   1        P4CON |= 0x02;                                    // AD口使用需打开将PxCON的相应的位置1,否则漏电 
  20   1      }
  21          /***********************************************************
  22          **函数名     : ADAverge(uint16_t *ad_array)
  23          **功能描述   :
  24          **
  25          **输入参数   : 
  26          **
  27          **返回参数   :
  28          **
  29          **使用说明   :滑动平均
  30          ***********************************************************/
  31          uint16_t ADAverge(uint16_t *ad_array)
  32          {
  33   1        uint8_t i = 0;
  34   1        uint16_t temp_sum = 0;
  35   1        
  36   1        for(i = 0;i < L_AD_SAMPLE_MAX;i++)
  37   1        {
  38   2          temp_sum += *(ad_array+i);
  39   2        }
  40   1        temp_sum = temp_sum >> L_AD_SHIFT;
  41   1        
  42   1        return temp_sum;
  43   1      }
  44          /***********************************************************
  45          **函数名     : uint16_t GetAD(uint8_t ad_channel)
  46          **功能描述   :
  47          **
  48          **输入参数   : ad_channel :ADC通道
  49          **
  50          **返回参数   : ad_channel通道的AD值
  51          **
  52          **使用说明   :采集一个通道的ADC值,并且返回
C51 COMPILER V9.56.0.0   ADC                                                               03/15/2024 09:55:10 PAGE 2   

  53          ***********************************************************/
  54          uint16_t GetAD(uint8_t  ad_channel)
  55          {   
  56   1        uint8_t i = 0;
  57   1        uint16_t j = 0;
  58   1        uint16_t temp_ad_max = 0;
  59   1        uint16_t temp_ad_min = 0xffff;
  60   1        uint16_t temp_ad_buf = 0;
  61   1        uint16_t temp_ad_data = 0;
  62   1        
  63   1        ADM = (ADM&0XE0)|ad_channel;
  64   1        
  65   1        for(i = 0; i < L_AD_SAMPLE_MAX + 2; i++)        
  66   1        {
  67   2          ADM |= 0x40;                          //Start ADC
  68   2          while((ADM & 0x20) != 0X20);          //EOC           
  69   2          ADM &= 0xdf;
  70   2          
  71   2          temp_ad_buf = ADB;
  72   2          temp_ad_buf = (temp_ad_buf << 4) + (ADR & 0X0F);
  73   2          temp_ad_data += temp_ad_buf; 
  74   2          
  75   2          if(temp_ad_buf < temp_ad_min)
  76   2          {
  77   3            temp_ad_min = temp_ad_buf;
  78   3          }
  79   2          if(temp_ad_buf > temp_ad_max)
  80   2          {
  81   3            temp_ad_max = temp_ad_buf;
  82   3          } 
  83   2        }
  84   1        
  85   1        temp_ad_data = (temp_ad_data - temp_ad_min - temp_ad_max) >> L_AD_SHIFT;          
  86   1        return  temp_ad_data;
  87   1      }


MODULE INFORMATION:   STATIC OVERLAYABLE
   CODE SIZE        =    227    ----
   CONSTANT SIZE    =   ----    ----
   XDATA SIZE       =   ----    ----
   PDATA SIZE       =   ----    ----
   DATA SIZE        =   ----      13
   IDATA SIZE       =   ----    ----
   BIT SIZE         =   ----    ----
END OF MODULE INFORMATION.


C51 COMPILATION COMPLETE.  0 WARNING(S),  0 ERROR(S)
