C51 COMPILER V9.56.0.0   MAIN                                                              03/25/2024 18:12:39 PAGE 1   


C51 COMPILER V9.56.0.0, COMPILATION OF MODULE MAIN
OBJECT MODULE PLACED IN .\Objects\main.obj
COMPILER INVOKED BY: C:\Keil_v5\C51\BIN\C51.EXE Source\main.c OPTIMIZE(8,SPEED) BROWSE INCDIR(.\Source;.\Source;.\Source
                    -\Buzzer;.\Source\CHRG;.\Source\KEY;.\Source\Timer;.\Source\IIC;.\Source\USER;.\Source\SYS;.\Source\UART;.\Source\LCD;.\S
                    -ource\LED;.\Source\INC;.\Source\InfraRed;.\Source\ISP;.\Source\WS2811;.\Source\RF;.\Hardware\SN8F5702_Hardware\inc;.\Sou
                    -rce\AHT10) DEBUG OBJECTEXTEND PRINT(.\Listings\main.lst) TABS(2) OBJECT(.\Objects\main.obj)

line level    source

   1          #define __XRAM_SFR_H__
   2          #include "mcu.h"
   3          #include "led.h"
   4          #include "key.h"
   5          
   6          void delay_ms(uint16_t ms);
   7          /***********************************************************
   8          **Function name   :
   9          **
  10          **Input parameter : 
  11          **
  12          **Input parameter :
  13          **
  14          **Description     :
  15          ***********************************************************/
  16          int main(void)
  17          { 
  18   1        CKCON   = 0X70;
  19   1        CLKSEL  = 0X05;               //Fcpu = 32M/4
  20   1        CLKCMD  = 0X69;               
  21   1        CKCON   = 0X00;   
  22   1        led_config();
  23   1        while(1)
  24   1        {
  25   2          WDTR = 0x5A;                //CLR WDTR
  26   2          delay_ms(1);
  27   2          Mnkey();
  28   2        }
  29   1      }
  30          /***********************************************************
  31          **Function name   :delay_ms
  32          **
  33          **Input parameter : uint16_t ms
  34          **
  35          **Input parameter :
  36          **
  37          **Description     : Software delay ms
  38          ***********************************************************/
  39          void delay_ms(uint16_t ms)
  40          {
  41   1        uint16_t i,j;
  42   1        for(i = 0; i < 1000;i++)
  43   1        {
  44   2          WDTR = 0x5A;
  45   2          for(j=0;j<ms;j++);
  46   2        }
  47   1      }
  48            


MODULE INFORMATION:   STATIC OVERLAYABLE
   CODE SIZE        =     65    ----
C51 COMPILER V9.56.0.0   MAIN                                                              03/25/2024 18:12:39 PAGE 2   

   CONSTANT SIZE    =   ----    ----
   XDATA SIZE       =   ----    ----
   PDATA SIZE       =   ----    ----
   DATA SIZE        =   ----    ----
   IDATA SIZE       =   ----    ----
   BIT SIZE         =   ----    ----
END OF MODULE INFORMATION.


C51 COMPILATION COMPLETE.  0 WARNING(S),  0 ERROR(S)
