C51 COMPILER V9.56.0.0   EXINT                                                             03/27/2024 16:57:14 PAGE 1   


C51 COMPILER V9.56.0.0, COMPILATION OF MODULE EXINT
OBJECT MODULE PLACED IN .\Objects\exint.obj
COMPILER INVOKED BY: C:\Keil_v5\C51\BIN\C51.EXE Source\exint.c OPTIMIZE(8,SPEED) BROWSE INCDIR(.\Source;.\Source;.\Sourc
                    -e\Buzzer;.\Source\CHRG;.\Source\KEY;.\Source\Timer;.\Source\IIC;.\Source\USER;.\Source\SYS;.\Source\UART;.\Source\LCD;.\
                    -Source\LED;.\Source\INC;.\Source\InfraRed;.\Source\ISP;.\Source\WS2811;.\Source\RF;.\Hardware\SN8F5702_Hardware\inc;.\So
                    -urce\AHT10) DEBUG OBJECTEXTEND PRINT(.\Listings\exint.lst) TABS(2) OBJECT(.\Objects\exint.obj)

line level    source

   1          #include "exint.h"
   2          #include "7segment_led.h"
   3          
   4          #define keyout0   P44                                           //按键接口引脚定义
   5          #define keyout1   P45
   6          #define keyout2   P46
   7          #define keyout3   P47
   8          
   9          #define keyin0    P24
  10          #define keyin1    P25
  11          #define keyin2    P26
  12          #define keyin3    P27
  13          
  14          uint8_t keyinbuf1,keyinbuf2;      
  15          /***********************************************************
  16          **Function name   :int0_config()
  17          **
  18          **Input parameter : 
  19          **
  20          **Input parameter :
  21          **
  22          **Description     :INT0 is configured to trigger the falling edge
  23          ***********************************************************/
  24          void int0_config()
  25          {
  26   1        P4  &= 0X0F;
  27   1        P4M |= 0XF0;
  28   1        
  29   1        PEDGE = 0X02;
  30   1        EX0 = 1;
  31   1        EAL = 1;
  32   1      }
  33          /***********************************************************
  34          **Function name   :
  35          **
  36          **Input parameter : 
  37          **
  38          **Input parameter :
  39          **
  40          **Description     :
  41          ***********************************************************/
  42          void int0_isr(void) interrupt ISRInt0
  43          {
  44   1        
  45   1        uint8_t key_value;
  46   1        uint8_t i;
  47   1        PEDGE = 0;
  48   1        P44 = 0;
  49   1        P4 |= 0XEF; 
  50   1        for(i = 0;i<8;i++);
  51   1        if(keyin0 == 0)
  52   1          key_value = 13;
C51 COMPILER V9.56.0.0   EXINT                                                             03/27/2024 16:57:14 PAGE 2   

  53   1        if(keyin1 == 0)
  54   1          key_value = 9;
  55   1        if(keyin2 == 0)
  56   1          key_value = 5;
  57   1        if(keyin3 == 0)
  58   1          key_value = 1;  
  59   1      
  60   1        
  61   1        P4 |= 0XDF; 
  62   1        P45 = 0;
  63   1        for(i = 0;i<8;i++);
  64   1        if(keyin0 == 0)
  65   1          key_value = 14;
  66   1        if(keyin1 == 0)
  67   1          key_value = 10;
  68   1        if(keyin2 == 0)
  69   1          key_value = 6;
  70   1        if(keyin3 == 0)
  71   1          key_value = 2;  
  72   1        
  73   1        P4 |= 0XbF; 
  74   1        P46 = 0;
  75   1        for(i = 0;i<8;i++);
  76   1        if(keyin0 == 0)
  77   1          key_value = 15;
  78   1        if(keyin1 == 0)
  79   1          key_value = 11;
  80   1        if(keyin2 == 0)
  81   1          key_value = 7;
  82   1        if(keyin3 == 0)
  83   1          key_value = 3;  
  84   1      
  85   1        P4 |= 0X7F; 
  86   1        P47 = 0;
  87   1        for(i = 0;i<8;i++);
  88   1        if(keyin0 == 0)
  89   1          key_value = 16;
  90   1        if(keyin1 == 0)
  91   1          key_value = 12;
  92   1        if(keyin2 == 0)
  93   1          key_value = 8;
  94   1        if(keyin3 == 0)
  95   1          key_value = 4;    
  96   1        
  97   1        P4 &= 0X0F;
  98   1        segment_displayhex(key_value);   
  99   1      
 100   1        PEDGE = 0X02;
 101   1      }


MODULE INFORMATION:   STATIC OVERLAYABLE
   CODE SIZE        =    226    ----
   CONSTANT SIZE    =   ----    ----
   XDATA SIZE       =   ----    ----
   PDATA SIZE       =   ----    ----
   DATA SIZE        =      2       1
   IDATA SIZE       =   ----    ----
   BIT SIZE         =   ----    ----
END OF MODULE INFORMATION.


C51 COMPILATION COMPLETE.  0 WARNING(S),  0 ERROR(S)
