BL51 BANKED LINKER/LOCATER V6.22                                                        03/27/2024  16:57:53  PAGE 1


BL51 BANKED LINKER/LOCATER V6.22, INVOKED BY:
C:\KEIL_V5\C51\BIN\BL51.EXE .\Objects\STARTUP.obj, .\Objects\OPTIONS_SN8F5708.obj, .\Objects\main.obj, .\Objects\exint.o
>> bj, .\Objects\7segment_led.obj TO .\Objects\key_demo PRINT (.\Listings\key_demo.m51) RAMSIZE (256)


MEMORY MODEL: SMALL


INPUT MODULES INCLUDED:
  .\Objects\STARTUP.obj (?C_STARTUP)
  .\Objects\OPTIONS_SN8F5708.obj (OPTIONS_SN8F5708)
  .\Objects\main.obj (MAIN)
  .\Objects\exint.obj (EXINT)
  .\Objects\7segment_led.obj (7SEGMENT_LED)
  C:\KEIL_V5\C51\LIB\C51S.LIB (?C_INIT)
  C:\KEIL_V5\C51\LIB\C51S.LIB (?C?UIDIV)


LINK MAP OF MODULE:  .\Objects\key_demo (?C_STARTUP)


            TYPE    BASE      LENGTH    RELOCATION   SEGMENT NAME
            -----------------------------------------------------

            * * * * * * *   D A T A   M E M O R Y   * * * * * * *
            REG     0000H     0008H     ABSOLUTE     "REG BANK 0"
            DATA    0008H     0005H     UNIT         ?DT?7SEGMENT_LED
            DATA    000DH     0002H     UNIT         ?DT?MAIN
            DATA    000FH     0002H     UNIT         ?DT?EXINT
            DATA    0011H     0001H     UNIT         _DATA_GROUP_
            IDATA   0012H     0001H     UNIT         ?STACK

            * * * * * * *   C O D E   M E M O R Y   * * * * * * *
            CODE    0000H     0003H     ABSOLUTE     
            CODE    0003H     0003H     ABSOLUTE     
            CODE    0006H     00D4H     UNIT         ?PR?INT0_ISR?EXINT
            CODE    00DAH     0095H     UNIT         ?PR?_SEGMENT_DISPLAY?7SEGMENT_LED
            CODE    016FH     008CH     UNIT         ?C_C51STARTUP
            CODE    01FBH     0069H     UNIT         ?PR?_SEGMENT_DISPLAYHEX?7SEGMENT_LED
            CODE    0264H     0055H     UNIT         ?C?LIB_CODE
            CODE    02B9H     003AH     UNIT         ?PR?SEGMENT_LED_SCAN?7SEGMENT_LED
            CODE    02F3H     0023H     UNIT         ?PR?_DELAY_MS?MAIN
            CODE    0316H     0021H     UNIT         ?PR?MAIN?MAIN
            CODE    0337H     0010H     UNIT         ?CO?7SEGMENT_LED
            CODE    0347H     000EH     UNIT         ?PR?INT0_CONFIG?EXINT
            CODE    0355H     000DH     UNIT         ?PR?SEGMENT_LED_CONFIG?7SEGMENT_LED
            CODE    0362H     0008H     UNIT         ?C_INITSEG
                    036AH     3C91H                  *** GAP ***
            CODE    3FFBH     0005H     ABSOLUTE     



OVERLAY MAP OF MODULE:   .\Objects\key_demo (?C_STARTUP)


SEGMENT                                        DATA_GROUP 
  +--> CALLED SEGMENT                        START    LENGTH
------------------------------------------------------------
BL51 BANKED LINKER/LOCATER V6.22                                                      03/27/2024  16:57:53  PAGE 2


?C_C51STARTUP                                -----    -----
  +--> ?PR?MAIN?MAIN
  +--> ?C_INITSEG

?PR?MAIN?MAIN                                -----    -----
  +--> ?PR?INT0_CONFIG?EXINT
  +--> ?PR?SEGMENT_LED_CONFIG?7SEGMENT_LED
  +--> ?PR?_DELAY_MS?MAIN
  +--> ?PR?SEGMENT_LED_SCAN?7SEGMENT_LED

*** NEW ROOT ***************************************************

?PR?INT0_ISR?EXINT                           0011H    0001H
  +--> ?PR?_SEGMENT_DISPLAYHEX?7SEGMENT_LED

?PR?_SEGMENT_DISPLAYHEX?7SEGMENT_LED         -----    -----
  +--> ?CO?7SEGMENT_LED



SYMBOL TABLE OF MODULE:  .\Objects\key_demo (?C_STARTUP)

  VALUE           TYPE          NAME
  ----------------------------------

  -------         MODULE        ?C_STARTUP
  C:016FH         SEGMENT       ?C_C51STARTUP
  I:0012H         SEGMENT       ?STACK
  C:0000H         PUBLIC        ?C_STARTUP
  D:00E0H         SYMBOL        ACC
  D:00F0H         SYMBOL        B
  D:0083H         SYMBOL        DPH
  D:0082H         SYMBOL        DPL
  N:0000H         SYMBOL        IBPSTACK
  N:0100H         SYMBOL        IBPSTACKTOP
  N:0100H         SYMBOL        IDATALEN
  C:0172H         SYMBOL        IDATALOOP
  N:0000H         SYMBOL        PBPSTACK
  N:0100H         SYMBOL        PBPSTACKTOP
  N:0000H         SYMBOL        PDATALEN
  N:0000H         SYMBOL        PDATASTART
  N:0000H         SYMBOL        PPAGE
  N:0000H         SYMBOL        PPAGEENABLE
  D:00A0H         SYMBOL        PPAGE_SFR
  D:0081H         SYMBOL        SP
  C:016FH         SYMBOL        STARTUP1
  N:0000H         SYMBOL        XBPSTACK
  N:0000H         SYMBOL        XBPSTACKTOP
  N:0000H         SYMBOL        XDATALEN
  N:0000H         SYMBOL        XDATASTART
  C:0000H         LINE#         126
  C:016FH         LINE#         133
  C:0171H         LINE#         134
  C:0172H         LINE#         135
  C:0173H         LINE#         136
  C:0175H         LINE#         185
  C:0178H         LINE#         196
BL51 BANKED LINKER/LOCATER V6.22                                                      03/27/2024  16:57:53  PAGE 3


  -------         ENDMOD        ?C_STARTUP

  -------         MODULE        OPTIONS_SN8F5708
  N:000EH         SYMBOL        CLOCKSRC_SET
  N:0006H         SYMBOL        LVDMODE_SET
  N:0001H         SYMBOL        NOISEFILT_SET
  N:0010H         SYMBOL        RESETPIN_SET
  N:0001H         SYMBOL        SECURITY_SET
  N:00C0H         SYMBOL        WATCHCLK_SET
  N:0050H         SYMBOL        WATCHDOG_SET
  -------         ENDMOD        OPTIONS_SN8F5708

  -------         MODULE        MAIN
  C:0000H         SYMBOL        _ICE_DUMMY_
  D:0080H         PUBLIC        P0
  D:0090H         PUBLIC        P1
  D:00A0H         PUBLIC        P2
  D:00B0H         PUBLIC        P3
  D:00E8H         PUBLIC        P4
  D:00F8H         PUBLIC        P5
  D:00A8H         PUBLIC        IEN0
  D:00B8H         PUBLIC        IEN1
  D:00D8H         PUBLIC        S0CON2
  C:0316H         PUBLIC        main
  D:00E6H         PUBLIC        CLKCMD
  D:0088H         PUBLIC        TCON
  D:00E5H         PUBLIC        CLKSEL
  D:0086H         PUBLIC        WDTR
  C:02F3H         PUBLIC        _delay_ms
  D:0098H         PUBLIC        S0CON
  D:00C8H         PUBLIC        T2CON
  D:000DH         PUBLIC        sys_count
  D:008EH         PUBLIC        CKCON
  D:00D0H         PUBLIC        PSW
  D:00C0H         PUBLIC        IRCON
  -------         PROC          MAIN
  C:0316H         LINE#         17
  C:0316H         LINE#         18
  C:0316H         LINE#         19
  C:0319H         LINE#         20
  C:031CH         LINE#         21
  C:031FH         LINE#         22
  C:0322H         LINE#         23
  C:0325H         LINE#         24
  C:0328H         LINE#         25
  C:0328H         LINE#         26
  C:0328H         LINE#         27
  C:032BH         LINE#         28
  C:0332H         LINE#         29
  C:0335H         LINE#         31
  -------         ENDPROC       MAIN
  -------         PROC          _DELAY_MS
  D:0006H         SYMBOL        ms
  -------         DO            
  D:0004H         SYMBOL        i
  D:0002H         SYMBOL        j
  -------         ENDDO         
BL51 BANKED LINKER/LOCATER V6.22                                                      03/27/2024  16:57:53  PAGE 4


  C:02F3H         LINE#         42
  C:02F3H         LINE#         43
  C:02F3H         LINE#         45
  C:02F6H         LINE#         46
  C:02F6H         LINE#         47
  C:02F9H         LINE#         48
  C:030AH         LINE#         49
  C:0315H         LINE#         50
  -------         ENDPROC       _DELAY_MS
  -------         ENDMOD        MAIN

  -------         MODULE        EXINT
  C:0000H         SYMBOL        _ICE_DUMMY_
  D:0080H         PUBLIC        P0
  D:0090H         PUBLIC        P1
  D:00A0H         PUBLIC        P2
  D:00B0H         PUBLIC        P3
  D:00E8H         PUBLIC        P4
  D:00F8H         PUBLIC        P5
  D:00A8H         PUBLIC        IEN0
  D:00B8H         PUBLIC        IEN1
  D:000FH         PUBLIC        keyinbuf1
  D:0010H         PUBLIC        keyinbuf2
  D:00D8H         PUBLIC        S0CON2
  C:0006H         PUBLIC        int0_isr
  D:0088H         PUBLIC        TCON
  B:00A0H.4       PUBLIC        P24
  B:00A0H.5       PUBLIC        P25
  B:00E8H.4       PUBLIC        P44
  B:00A0H.6       PUBLIC        P26
  B:00E8H.5       PUBLIC        P45
  B:00A0H.7       PUBLIC        P27
  B:00E8H.6       PUBLIC        P46
  B:00E8H.7       PUBLIC        P47
  B:00A8H.0       PUBLIC        EX0
  D:00FDH         PUBLIC        P4M
  B:00A8H.7       PUBLIC        EAL
  C:0347H         PUBLIC        int0_config
  D:0098H         PUBLIC        S0CON
  D:008FH         PUBLIC        PEDGE
  D:00C8H         PUBLIC        T2CON
  D:00D0H         PUBLIC        PSW
  D:00C0H         PUBLIC        IRCON
  -------         PROC          INT0_CONFIG
  C:0347H         LINE#         24
  C:0347H         LINE#         25
  C:0347H         LINE#         26
  C:034AH         LINE#         27
  C:034DH         LINE#         29
  C:0350H         LINE#         30
  C:0352H         LINE#         31
  C:0354H         LINE#         32
  -------         ENDPROC       INT0_CONFIG
  -------         PROC          INT0_ISR
  -------         DO            
  D:0011H         SYMBOL        key_value
  D:0007H         SYMBOL        i
BL51 BANKED LINKER/LOCATER V6.22                                                      03/27/2024  16:57:53  PAGE 5


  -------         ENDDO         
  C:0006H         LINE#         42
  C:0023H         LINE#         47
  C:0026H         LINE#         48
  C:0028H         LINE#         49
  C:002BH         LINE#         50
  C:0031H         LINE#         51
  C:0034H         LINE#         52
  C:0037H         LINE#         53
  C:003AH         LINE#         54
  C:003DH         LINE#         55
  C:0040H         LINE#         56
  C:0043H         LINE#         57
  C:0046H         LINE#         58
  C:0049H         LINE#         61
  C:004CH         LINE#         62
  C:004EH         LINE#         63
  C:0054H         LINE#         64
  C:0057H         LINE#         65
  C:005AH         LINE#         66
  C:005DH         LINE#         67
  C:0060H         LINE#         68
  C:0063H         LINE#         69
  C:0066H         LINE#         70
  C:0069H         LINE#         71
  C:006CH         LINE#         73
  C:006FH         LINE#         74
  C:0071H         LINE#         75
  C:0077H         LINE#         76
  C:007AH         LINE#         77
  C:007DH         LINE#         78
  C:0080H         LINE#         79
  C:0083H         LINE#         80
  C:0086H         LINE#         81
  C:0089H         LINE#         82
  C:008CH         LINE#         83
  C:008FH         LINE#         85
  C:0092H         LINE#         86
  C:0094H         LINE#         87
  C:009AH         LINE#         88
  C:009DH         LINE#         89
  C:00A0H         LINE#         90
  C:00A3H         LINE#         91
  C:00A6H         LINE#         92
  C:00A9H         LINE#         93
  C:00ACH         LINE#         94
  C:00AFH         LINE#         95
  C:00B2H         LINE#         97
  C:00B5H         LINE#         98
  C:00BCH         LINE#         100
  C:00BFH         LINE#         101
  -------         ENDPROC       INT0_ISR
  -------         ENDMOD        EXINT

  -------         MODULE        7SEGMENT_LED
  C:0000H         SYMBOL        _ICE_DUMMY_
  D:0080H         PUBLIC        P0
BL51 BANKED LINKER/LOCATER V6.22                                                      03/27/2024  16:57:53  PAGE 6


  D:0090H         PUBLIC        P1
  D:00A0H         PUBLIC        P2
  D:00B0H         PUBLIC        P3
  D:00E8H         PUBLIC        P4
  D:00F8H         PUBLIC        P5
  D:00A8H         PUBLIC        IEN0
  D:00B8H         PUBLIC        IEN1
  C:02B9H         PUBLIC        segment_led_scan
  D:00D8H         PUBLIC        S0CON2
  C:01FBH         PUBLIC        _segment_displayhex
  C:0337H         PUBLIC        numble_tab
  B:00F8H.0       PUBLIC        P50
  D:0088H         PUBLIC        TCON
  B:00F8H.1       PUBLIC        P51
  B:00F8H.2       PUBLIC        P52
  B:00F8H.3       PUBLIC        P53
  D:0009H         PUBLIC        led_buff
  D:00FCH         PUBLIC        P3M
  D:00FEH         PUBLIC        P5M
  C:00DAH         PUBLIC        _segment_display
  D:0098H         PUBLIC        S0CON
  D:00C8H         PUBLIC        T2CON
  C:0355H         PUBLIC        segment_led_config
  D:00D0H         PUBLIC        PSW
  D:00C0H         PUBLIC        IRCON
  -------         PROC          SEGMENT_LED_CONFIG
  C:0355H         LINE#         18
  C:0355H         LINE#         19
  C:0355H         LINE#         20
  C:0358H         LINE#         21
  C:035BH         LINE#         22
  C:035EH         LINE#         23
  C:0361H         LINE#         24
  -------         ENDPROC       SEGMENT_LED_CONFIG
  -------         PROC          SEGMENT_LED_SCAN
  -------         DO            
  D:0008H         SYMBOL        cnt
  -------         ENDDO         
  C:02B9H         LINE#         34
  C:02B9H         LINE#         35
  C:02B9H         LINE#         37
  C:02BBH         LINE#         38
  C:02BDH         LINE#         39
  C:02BFH         LINE#         40
  C:02C1H         LINE#         41
  C:02D0H         LINE#         42
  C:02D0H         LINE#         43
  C:02D4H         LINE#         44
  C:02D8H         LINE#         45
  C:02DCH         LINE#         46
  C:02DEH         LINE#         47
  C:02DEH         LINE#         48
  C:02E6H         LINE#         51
  C:02EFH         LINE#         52
  C:02F2H         LINE#         53
  -------         ENDPROC       SEGMENT_LED_SCAN
  -------         PROC          _SEGMENT_DISPLAY
BL51 BANKED LINKER/LOCATER V6.22                                                      03/27/2024  16:57:53  PAGE 7


  D:0002H         SYMBOL        tempdata
  C:00DAH         LINE#         64
  C:00DEH         LINE#         65
  C:00DEH         LINE#         66
  C:00E7H         LINE#         67
  C:00EAH         LINE#         68
  C:00EDH         LINE#         69
  C:00F0H         LINE#         70
  C:00F3H         LINE#         71
  C:00F4H         LINE#         72
  C:010DH         LINE#         73
  C:011CH         LINE#         74
  C:0131H         LINE#         75
  C:0140H         LINE#         76
  C:0155H         LINE#         77
  C:0160H         LINE#         78
  C:016EH         LINE#         79
  C:016EH         LINE#         80
  -------         ENDPROC       _SEGMENT_DISPLAY
  -------         PROC          _SEGMENT_DISPLAYHEX
  D:0006H         SYMBOL        tempdata
  C:01FBH         LINE#         90
  C:01FBH         LINE#         91
  C:01FBH         LINE#         92
  C:020DH         LINE#         93
  C:021BH         LINE#         94
  C:022AH         LINE#         95
  C:0238H         LINE#         96
  C:0247H         LINE#         97
  C:0252H         LINE#         98
  C:0263H         LINE#         99
  -------         ENDPROC       _SEGMENT_DISPLAYHEX
  -------         ENDMOD        7SEGMENT_LED

  -------         MODULE        ?C?UIDIV
  C:0264H         PUBLIC        ?C?UIDIV
  -------         ENDMOD        ?C?UIDIV

*** WARNING L16: UNCALLED SEGMENT, IGNORED FOR OVERLAY PROCESS
    SEGMENT: ?PR?_SEGMENT_DISPLAY?7SEGMENT_LED

Program Size: data=19.0 xdata=0 code=879
LINK/LOCATE RUN COMPLETE.  1 WARNING(S),  0 ERROR(S)
