Archive member included to satisfy reference by file (symbol)

d:/gmd/toolchain/arm_toolchain/bin/../lib/gcc/arm-none-eabi/8.3.1/../../../../arm-none-eabi/lib/thumb/v7-m/nofp\libg.a(lib_a-exit.o)
                              d:/gmd/toolchain/arm_toolchain/bin/../lib/gcc/arm-none-eabi/8.3.1/../../../../arm-none-eabi/lib/thumb/v7-m/nofp/crt0.o (exit)
d:/gmd/toolchain/arm_toolchain/bin/../lib/gcc/arm-none-eabi/8.3.1/../../../../arm-none-eabi/lib/thumb/v7-m/nofp\libg.a(lib_a-impure.o)
                              d:/gmd/toolchain/arm_toolchain/bin/../lib/gcc/arm-none-eabi/8.3.1/../../../../arm-none-eabi/lib/thumb/v7-m/nofp\libg.a(lib_a-exit.o) (_global_impure_ptr)
d:/gmd/toolchain/arm_toolchain/bin/../lib/gcc/arm-none-eabi/8.3.1/../../../../arm-none-eabi/lib/thumb/v7-m/nofp\libg.a(lib_a-init.o)
                              d:/gmd/toolchain/arm_toolchain/bin/../lib/gcc/arm-none-eabi/8.3.1/../../../../arm-none-eabi/lib/thumb/v7-m/nofp/crt0.o (__libc_init_array)
d:/gmd/toolchain/arm_toolchain/bin/../lib/gcc/arm-none-eabi/8.3.1/../../../../arm-none-eabi/lib/thumb/v7-m/nofp\libg.a(lib_a-memcpy.o)
                              ./src/library/middlewares/3rd_party/rtthread_nano/components/finsh/cmd.o (memcpy)
d:/gmd/toolchain/arm_toolchain/bin/../lib/gcc/arm-none-eabi/8.3.1/../../../../arm-none-eabi/lib/thumb/v7-m/nofp\libg.a(lib_a-memset.o)
                              d:/gmd/toolchain/arm_toolchain/bin/../lib/gcc/arm-none-eabi/8.3.1/../../../../arm-none-eabi/lib/thumb/v7-m/nofp/crt0.o (memset)
d:/gmd/toolchain/arm_toolchain/bin/../lib/gcc/arm-none-eabi/8.3.1/../../../../arm-none-eabi/lib/thumb/v7-m/nofp\libg.a(lib_a-strlen-stub.o)
                              ./src/library/middlewares/3rd_party/rtthread_nano/components/finsh/msh.o (strlen)
d:/gmd/toolchain/arm_toolchain/bin/../lib/gcc/arm-none-eabi/8.3.1/../../../../arm-none-eabi/lib/thumb/v7-m/nofp\libg.a(lib_a-strncmp.o)
                              ./src/library/middlewares/3rd_party/rtthread_nano/components/finsh/cmd.o (strncmp)
d:/gmd/toolchain/arm_toolchain/bin/../lib/gcc/arm-none-eabi/8.3.1/../../../../arm-none-eabi/lib/thumb/v7-m/nofp\libg.a(lib_a-strncpy.o)
                              ./src/library/middlewares/3rd_party/rtthread_nano/components/finsh/shell.o (strncpy)
d:/gmd/toolchain/arm_toolchain/bin/../lib/gcc/arm-none-eabi/8.3.1/../../../../arm-none-eabi/lib/thumb/v7-m/nofp\libg.a(lib_a-__call_atexit.o)
                              d:/gmd/toolchain/arm_toolchain/bin/../lib/gcc/arm-none-eabi/8.3.1/../../../../arm-none-eabi/lib/thumb/v7-m/nofp\libg.a(lib_a-exit.o) (__call_exitprocs)
d:/gmd/toolchain/arm_toolchain/bin/../lib/gcc/arm-none-eabi/8.3.1/../../../../arm-none-eabi/lib/thumb/v7-m/nofp\libg.a(lib_a-atexit.o)
                              d:/gmd/toolchain/arm_toolchain/bin/../lib/gcc/arm-none-eabi/8.3.1/../../../../arm-none-eabi/lib/thumb/v7-m/nofp\libg.a(lib_a-__call_atexit.o) (atexit)
d:/gmd/toolchain/arm_toolchain/bin/../lib/gcc/arm-none-eabi/8.3.1/../../../../arm-none-eabi/lib/thumb/v7-m/nofp\libg.a(lib_a-fini.o)
                              d:/gmd/toolchain/arm_toolchain/bin/../lib/gcc/arm-none-eabi/8.3.1/../../../../arm-none-eabi/lib/thumb/v7-m/nofp\libg.a(lib_a-__call_atexit.o) (__libc_fini_array)
d:/gmd/toolchain/arm_toolchain/bin/../lib/gcc/arm-none-eabi/8.3.1/../../../../arm-none-eabi/lib/thumb/v7-m/nofp\libg.a(lib_a-lock.o)
                              d:/gmd/toolchain/arm_toolchain/bin/../lib/gcc/arm-none-eabi/8.3.1/../../../../arm-none-eabi/lib/thumb/v7-m/nofp\libg.a(lib_a-__call_atexit.o) (__retarget_lock_acquire_recursive)
d:/gmd/toolchain/arm_toolchain/bin/../lib/gcc/arm-none-eabi/8.3.1/../../../../arm-none-eabi/lib/thumb/v7-m/nofp\libg.a(lib_a-__atexit.o)
                              d:/gmd/toolchain/arm_toolchain/bin/../lib/gcc/arm-none-eabi/8.3.1/../../../../arm-none-eabi/lib/thumb/v7-m/nofp\libg.a(lib_a-atexit.o) (__register_exitproc)
d:/gmd/toolchain/arm_toolchain/bin/../lib/gcc/arm-none-eabi/8.3.1/../../../../arm-none-eabi/lib/thumb/v7-m/nofp\libnosys.a(_exit.o)
                              d:/gmd/toolchain/arm_toolchain/bin/../lib/gcc/arm-none-eabi/8.3.1/../../../../arm-none-eabi/lib/thumb/v7-m/nofp\libg.a(lib_a-exit.o) (_exit)

Allocating common symbols
Common symbol       size              file

__lock___atexit_recursive_mutex
                    0x1               d:/gmd/toolchain/arm_toolchain/bin/../lib/gcc/arm-none-eabi/8.3.1/../../../../arm-none-eabi/lib/thumb/v7-m/nofp\libg.a(lib_a-lock.o)
rt_interrupt_to_thread
                    0x4               ./src/library/middlewares/3rd_party/rtthread_nano/libcpu/arm/cortex-m3/cpuport.o
rt_interrupt_from_thread
                    0x4               ./src/library/middlewares/3rd_party/rtthread_nano/libcpu/arm/cortex-m3/cpuport.o
__lock___arc4random_mutex
                    0x1               d:/gmd/toolchain/arm_toolchain/bin/../lib/gcc/arm-none-eabi/8.3.1/../../../../arm-none-eabi/lib/thumb/v7-m/nofp\libg.a(lib_a-lock.o)
[...]
Memory Configuration

Name             Origin             Length             Attributes
FLASH            0x00000000         0x00008000         xr
RAM              0x20000000         0x00004000         xrw
*default*        0x00000000         0xffffffff

Linker script and memory map

LOAD d:/gmd/toolchain/arm_toolchain/bin/../lib/gcc/arm-none-eabi/8.3.1/thumb/v7-m/nofp/crti.o
LOAD d:/gmd/toolchain/arm_toolchain/bin/../lib/gcc/arm-none-eabi/8.3.1/thumb/v7-m/nofp/crtbegin.o
LOAD d:/gmd/toolchain/arm_toolchain/bin/../lib/gcc/arm-none-eabi/8.3.1/../../../../arm-none-eabi/lib/thumb/v7-m/nofp/crt0.o
LOAD ./src/project/rtthread_nano/src/gw1ns4c_it.o
LOAD ./src/project/rtthread_nano/src/main.o
LOAD ./src/library/middlewares/uart/gmd/retarget.o
LOAD ./src/library/middlewares/uart/uart.o
LOAD ./src/library/middlewares/spi_flash/spi_flash.o
LOAD ./src/library/middlewares/psram/psram.o
LOAD ./src/library/middlewares/hyper_ram/hyper_ram.o
LOAD ./src/library/middlewares/gpio/gpio.o
LOAD ./src/library/middlewares/dmm/malloc.o
LOAD ./src/library/middlewares/delay/delay.o
LOAD ./src/library/middlewares/3rd_party/rtthread_nano/src/clock.o
LOAD ./src/library/middlewares/3rd_party/rtthread_nano/src/components.o
LOAD ./src/library/middlewares/3rd_party/rtthread_nano/src/cpu.o
LOAD ./src/library/middlewares/3rd_party/rtthread_nano/src/idle.o
LOAD ./src/library/middlewares/3rd_party/rtthread_nano/src/ipc.o
LOAD ./src/library/middlewares/3rd_party/rtthread_nano/src/irq.o
LOAD ./src/library/middlewares/3rd_party/rtthread_nano/src/kservice.o
LOAD ./src/library/middlewares/3rd_party/rtthread_nano/src/mem.o
LOAD ./src/library/middlewares/3rd_party/rtthread_nano/src/memheap.o
LOAD ./src/library/middlewares/3rd_party/rtthread_nano/src/mempool.o
LOAD ./src/library/middlewares/3rd_party/rtthread_nano/src/object.o
LOAD ./src/library/middlewares/3rd_party/rtthread_nano/src/scheduler.o
LOAD ./src/library/middlewares/3rd_party/rtthread_nano/src/slab.o
LOAD ./src/library/middlewares/3rd_party/rtthread_nano/src/thread.o
LOAD ./src/library/middlewares/3rd_party/rtthread_nano/src/timer.o
LOAD ./src/library/middlewares/3rd_party/rtthread_nano/libcpu/arm/cortex-m3/context_gcc.o
LOAD ./src/library/middlewares/3rd_party/rtthread_nano/libcpu/arm/cortex-m3/cpuport.o
LOAD ./src/library/middlewares/3rd_party/rtthread_nano/components/finsh/cmd.o
LOAD ./src/library/middlewares/3rd_party/rtthread_nano/components/finsh/finsh_port.o
LOAD ./src/library/middlewares/3rd_party/rtthread_nano/components/finsh/msh.o
LOAD ./src/library/middlewares/3rd_party/rtthread_nano/components/finsh/shell.o
LOAD ./src/library/middlewares/3rd_party/rtthread_nano/components/device/device.o
LOAD ./src/library/middlewares/3rd_party/rtthread_nano/bsp/cm3/drivers/board.o
LOAD ./src/library/libraries/drivers/src/gw1ns4c_gpio.o
LOAD ./src/library/libraries/drivers/src/gw1ns4c_i2c.o
LOAD ./src/library/libraries/drivers/src/gw1ns4c_misc.o
LOAD ./src/library/libraries/drivers/src/gw1ns4c_rtc.o
LOAD ./src/library/libraries/drivers/src/gw1ns4c_spi.o
LOAD ./src/library/libraries/drivers/src/gw1ns4c_syscon.o
LOAD ./src/library/libraries/drivers/src/gw1ns4c_timer.o
LOAD ./src/library/libraries/drivers/src/gw1ns4c_uart.o
LOAD ./src/library/libraries/drivers/src/gw1ns4c_wdog.o
LOAD ./src/library/libraries/cmsis/cm3/device_support/startup/gmd/startup_gw1ns4c.o
LOAD ./src/library/libraries/cmsis/cm3/device_support/system_gw1ns4c.o
LOAD ./src/library/libraries/cmsis/cm3/core_support/gmd/core_cm3.o
START GROUP
LOAD d:/gmd/toolchain/arm_toolchain/bin/../lib/gcc/arm-none-eabi/8.3.1/thumb/v7-m/nofp\libgcc.a
LOAD d:/gmd/toolchain/arm_toolchain/bin/../lib/gcc/arm-none-eabi/8.3.1/../../../../arm-none-eabi/lib/thumb/v7-m/nofp\libg.a
LOAD d:/gmd/toolchain/arm_toolchain/bin/../lib/gcc/arm-none-eabi/8.3.1/../../../../arm-none-eabi/lib/thumb/v7-m/nofp\libc.a
END GROUP
LOAD d:/gmd/toolchain/arm_toolchain/bin/../lib/gcc/arm-none-eabi/8.3.1/thumb/v7-m/nofp/crtend.o
LOAD d:/gmd/toolchain/arm_toolchain/bin/../lib/gcc/arm-none-eabi/8.3.1/thumb/v7-m/nofp/crtn.o
START GROUP
LOAD d:/gmd/toolchain/arm_toolchain/bin/../lib/gcc/arm-none-eabi/8.3.1/thumb/v7-m/nofp\libgcc.a
LOAD d:/gmd/toolchain/arm_toolchain/bin/../lib/gcc/arm-none-eabi/8.3.1/../../../../arm-none-eabi/lib/thumb/v7-m/nofp\libc.a
LOAD d:/gmd/toolchain/arm_toolchain/bin/../lib/gcc/arm-none-eabi/8.3.1/../../../../arm-none-eabi/lib/thumb/v7-m/nofp\libm.a
LOAD d:/gmd/toolchain/arm_toolchain/bin/../lib/gcc/arm-none-eabi/8.3.1/../../../../arm-none-eabi/lib/thumb/v7-m/nofp\libnosys.a
END GROUP

.text           0x00000000     0x4a90
 *(.isr_vector)
 .isr_vector    0x00000000       0xc0 ./src/library/libraries/cmsis/cm3/device_support/startup/gmd/startup_gw1ns4c.o
                0x00000000                __isr_vector
 *(.text*)
 .text.NMI_Handler
                0x000000c0        0xc ./src/project/rtthread_nano/src/gw1ns4c_it.o
                0x000000c0                NMI_Handler
 .text.MemManage_Handler
                0x000000cc        0x6 ./src/project/rtthread_nano/src/gw1ns4c_it.o
                0x000000cc                MemManage_Handler
 .text.BusFault_Handler
                0x000000d2        0x6 ./src/project/rtthread_nano/src/gw1ns4c_it.o
                0x000000d2                BusFault_Handler
 .text.UsageFault_Handler
                0x000000d8        0x6 ./src/project/rtthread_nano/src/gw1ns4c_it.o
                0x000000d8                UsageFault_Handler
 .text.SVC_Handler
                0x000000de        0xc ./src/project/rtthread_nano/src/gw1ns4c_it.o
                0x000000de                SVC_Handler
 .text.DebugMon_Handler
                0x000000ea        0xc ./src/project/rtthread_nano/src/gw1ns4c_it.o
                0x000000ea                DebugMon_Handler
 .text.USER_INT0_Handler
                0x000000f6        0xc ./src/project/rtthread_nano/src/gw1ns4c_it.o
                0x000000f6                USER_INT0_Handler
 .text.USER_INT1_Handler
                0x00000102        0xc ./src/project/rtthread_nano/src/gw1ns4c_it.o
                0x00000102                USER_INT1_Handler
 .text.USER_INT2_Handler
                0x0000010e        0xc ./src/project/rtthread_nano/src/gw1ns4c_it.o
                0x0000010e                USER_INT2_Handler
 .text.USER_INT3_Handler
                0x0000011a        0xc ./src/project/rtthread_nano/src/gw1ns4c_it.o
                0x0000011a                USER_INT3_Handler
 .text.USER_INT4_Handler
                0x00000126        0xc ./src/project/rtthread_nano/src/gw1ns4c_it.o
                0x00000126                USER_INT4_Handler
 .text.USER_INT5_Handler
                0x00000132        0xc ./src/project/rtthread_nano/src/gw1ns4c_it.o
                0x00000132                USER_INT5_Handler
 .text.UART0_Handler
                0x0000013e        0xc ./src/project/rtthread_nano/src/gw1ns4c_it.o
                0x0000013e                UART0_Handler
 .text.UART1_Handler
                0x0000014a        0xc ./src/project/rtthread_nano/src/gw1ns4c_it.o
                0x0000014a                UART1_Handler
 .text.TIMER0_Handler
                0x00000156        0xc ./src/project/rtthread_nano/src/gw1ns4c_it.o
                0x00000156                TIMER0_Handler
 .text.TIMER1_Handler
                0x00000162        0xc ./src/project/rtthread_nano/src/gw1ns4c_it.o
                0x00000162                TIMER1_Handler
 .text.I2C_Handler
                0x0000016e        0xc ./src/project/rtthread_nano/src/gw1ns4c_it.o
                0x0000016e                I2C_Handler
 .text.RTC_Handler
                0x0000017a        0xc ./src/project/rtthread_nano/src/gw1ns4c_it.o
                0x0000017a                RTC_Handler
 .text.PORT0_0_Handler
                0x00000186        0xc ./src/project/rtthread_nano/src/gw1ns4c_it.o
                0x00000186                PORT0_0_Handler
 .text.PORT0_1_Handler
                0x00000192        0xc ./src/project/rtthread_nano/src/gw1ns4c_it.o
                0x00000192                PORT0_1_Handler
 .text.PORT0_2_Handler
                0x0000019e        0xc ./src/project/rtthread_nano/src/gw1ns4c_it.o
                0x0000019e                PORT0_2_Handler
 .text.PORT0_3_Handler
                0x000001aa        0xc ./src/project/rtthread_nano/src/gw1ns4c_it.o
                0x000001aa                PORT0_3_Handler
 .text.PORT0_4_Handler
                0x000001b6        0xc ./src/project/rtthread_nano/src/gw1ns4c_it.o
                0x000001b6                PORT0_4_Handler
 .text.PORT0_5_Handler
                0x000001c2        0xc ./src/project/rtthread_nano/src/gw1ns4c_it.o
                0x000001c2                PORT0_5_Handler
 .text.PORT0_6_Handler
                0x000001ce        0xc ./src/project/rtthread_nano/src/gw1ns4c_it.o
                0x000001ce                PORT0_6_Handler
 .text.PORT0_7_Handler
                0x000001da        0xc ./src/project/rtthread_nano/src/gw1ns4c_it.o
                0x000001da                PORT0_7_Handler
 .text.PORT0_8_Handler
                0x000001e6        0xc ./src/project/rtthread_nano/src/gw1ns4c_it.o
                0x000001e6                PORT0_8_Handler
 .text.PORT0_9_Handler
                0x000001f2        0xc ./src/project/rtthread_nano/src/gw1ns4c_it.o
                0x000001f2                PORT0_9_Handler
 .text.PORT0_10_Handler
                0x000001fe        0xc ./src/project/rtthread_nano/src/gw1ns4c_it.o
                0x000001fe                PORT0_10_Handler
 .text.PORT0_11_Handler
                0x0000020a        0xc ./src/project/rtthread_nano/src/gw1ns4c_it.o
                0x0000020a                PORT0_11_Handler
 .text.PORT0_12_Handler
                0x00000216        0xc ./src/project/rtthread_nano/src/gw1ns4c_it.o
                0x00000216                PORT0_12_Handler
 .text.PORT0_13_Handler
                0x00000222        0xc ./src/project/rtthread_nano/src/gw1ns4c_it.o
                0x00000222                PORT0_13_Handler
 .text.PORT0_14_Handler
                0x0000022e        0xc ./src/project/rtthread_nano/src/gw1ns4c_it.o
                0x0000022e                PORT0_14_Handler
 .text.PORT0_15_Handler
                0x0000023a        0xc ./src/project/rtthread_nano/src/gw1ns4c_it.o
                0x0000023a                PORT0_15_Handler
 *fill*         0x00000246        0x2 
 .text.main     0x00000248       0x2c ./src/project/rtthread_nano/src/main.o
                0x00000248                main
 .text.uart_init
                0x00000274       0x4e ./src/library/middlewares/uart/uart.o
                0x00000274                uart_init
 *fill*         0x000002c2        0x2 
 .text.gpio_init
                0x000002c4       0x40 ./src/library/middlewares/gpio/gpio.o
                0x000002c4                gpio_init
 .text.rt_tick_get
                0x00000304       0x14 ./src/library/middlewares/3rd_party/rtthread_nano/src/clock.o
                0x00000304                rt_tick_get
 .text.rt_tick_increase
                0x00000318       0x44 ./src/library/middlewares/3rd_party/rtthread_nano/src/clock.o
                0x00000318                rt_tick_increase
 .text.rt_tick_from_millisecond
                0x0000035c       0x78 ./src/library/middlewares/3rd_party/rtthread_nano/src/clock.o
                0x0000035c                rt_tick_from_millisecond
 .text.rti_start
                0x000003d4        0xe ./src/library/middlewares/3rd_party/rtthread_nano/src/components.o
 .text.rti_board_start
                0x000003e2        0xe ./src/library/middlewares/3rd_party/rtthread_nano/src/components.o
 .text.rti_board_end
                0x000003f0        0xe ./src/library/middlewares/3rd_party/rtthread_nano/src/components.o
 .text.rti_end  0x000003fe        0xe ./src/library/middlewares/3rd_party/rtthread_nano/src/components.o
 .text.rt_components_board_init
                0x0000040c       0x30 ./src/library/middlewares/3rd_party/rtthread_nano/src/components.o
                0x0000040c                rt_components_board_init
 .text.rt_components_init
                0x0000043c       0x30 ./src/library/middlewares/3rd_party/rtthread_nano/src/components.o
                0x0000043c                rt_components_init
 .text.entry    0x0000046c        0xe ./src/library/middlewares/3rd_party/rtthread_nano/src/components.o
                0x0000046c                entry
 .text.main_thread_entry
                0x0000047a       0x18 ./src/library/middlewares/3rd_party/rtthread_nano/src/components.o
                0x0000047a                main_thread_entry
 *fill*         0x00000492        0x2 
 .text.rt_application_init
                0x00000494       0x48 ./src/library/middlewares/3rd_party/rtthread_nano/src/components.o
                0x00000494                rt_application_init
 .text.rtthread_startup
                0x000004dc       0x2e ./src/library/middlewares/3rd_party/rtthread_nano/src/components.o
                0x000004dc                rtthread_startup
 .text.rt_thread_idle_excute
                0x0000050a        0xc ./src/library/middlewares/3rd_party/rtthread_nano/src/idle.o
                0x0000050a                rt_thread_idle_excute
 .text.rt_thread_idle_entry
                0x00000516        0xe ./src/library/middlewares/3rd_party/rtthread_nano/src/idle.o
 .text.rt_thread_idle_init
                0x00000524       0x40 ./src/library/middlewares/3rd_party/rtthread_nano/src/idle.o
                0x00000524                rt_thread_idle_init
 .text.rt_list_init
                0x00000564       0x20 ./src/library/middlewares/3rd_party/rtthread_nano/src/ipc.o
 .text.rt_ipc_object_init
                0x00000584       0x1c ./src/library/middlewares/3rd_party/rtthread_nano/src/ipc.o
 .text.rt_sem_init
                0x000005a0       0x3a ./src/library/middlewares/3rd_party/rtthread_nano/src/ipc.o
                0x000005a0                rt_sem_init
 *fill*         0x000005da        0x2 
 .text.rt_interrupt_enter
                0x000005dc       0x2c ./src/library/middlewares/3rd_party/rtthread_nano/src/irq.o
                0x000005dc                rt_interrupt_enter
 .text.rt_interrupt_leave
                0x00000608       0x2c ./src/library/middlewares/3rd_party/rtthread_nano/src/irq.o
                0x00000608                rt_interrupt_leave
 .text.rt_memset
                0x00000634       0xb4 ./src/library/middlewares/3rd_party/rtthread_nano/src/kservice.o
                0x00000634                rt_memset
 .text.rt_memmove
                0x000006e8       0x84 ./src/library/middlewares/3rd_party/rtthread_nano/src/kservice.o
                0x000006e8                rt_memmove
 .text.rt_strncpy
                0x0000076c       0x66 ./src/library/middlewares/3rd_party/rtthread_nano/src/kservice.o
                0x0000076c                rt_strncpy
 .text.rt_strlen
                0x000007d2       0x2e ./src/library/middlewares/3rd_party/rtthread_nano/src/kservice.o
                0x000007d2                rt_strlen
 .text.rt_show_version
                0x00000800       0x44 ./src/library/middlewares/3rd_party/rtthread_nano/src/kservice.o
                0x00000800                rt_show_version
 .text.divide   0x00000844       0x68 ./src/library/middlewares/3rd_party/rtthread_nano/src/kservice.o
 .text.skip_atoi
                0x000008ac       0x44 ./src/library/middlewares/3rd_party/rtthread_nano/src/kservice.o
 .text.print_number
                0x000008f0      0x1e0 ./src/library/middlewares/3rd_party/rtthread_nano/src/kservice.o
 .text.rt_vsnprintf
                0x00000ad0      0x588 ./src/library/middlewares/3rd_party/rtthread_nano/src/kservice.o
                0x00000ad0                rt_vsnprintf
 .text.rt_kprintf
                0x00001058       0x40 ./src/library/middlewares/3rd_party/rtthread_nano/src/kservice.o
                0x00001058                rt_kprintf
 .text.__rt_ffs
                0x00001098       0x70 ./src/library/middlewares/3rd_party/rtthread_nano/src/kservice.o
                0x00001098                __rt_ffs
 .text.rt_list_insert_after
                0x00001108       0x30 ./src/library/middlewares/3rd_party/rtthread_nano/src/object.o
 .text.rt_list_remove
                0x00001138       0x34 ./src/library/middlewares/3rd_party/rtthread_nano/src/object.o
 .text.rt_object_get_information
                0x0000116c       0x48 ./src/library/middlewares/3rd_party/rtthread_nano/src/object.o
                0x0000116c                rt_object_get_information
 .text.rt_object_init
                0x000011b4       0x7e ./src/library/middlewares/3rd_party/rtthread_nano/src/object.o
                0x000011b4                rt_object_init
 .text.rt_object_detach
                0x00001232       0x2c ./src/library/middlewares/3rd_party/rtthread_nano/src/object.o
                0x00001232                rt_object_detach
 .text.rt_object_is_systemobject
                0x0000125e       0x22 ./src/library/middlewares/3rd_party/rtthread_nano/src/object.o
                0x0000125e                rt_object_is_systemobject
 .text.rt_list_init
                0x00001280       0x20 ./src/library/middlewares/3rd_party/rtthread_nano/src/scheduler.o
 .text.rt_list_insert_before
                0x000012a0       0x30 ./src/library/middlewares/3rd_party/rtthread_nano/src/scheduler.o
 .text.rt_list_remove
                0x000012d0       0x34 ./src/library/middlewares/3rd_party/rtthread_nano/src/scheduler.o
 .text.rt_list_isempty
                0x00001304       0x22 ./src/library/middlewares/3rd_party/rtthread_nano/src/scheduler.o
 *fill*         0x00001326        0x2 
 .text.rt_system_scheduler_init
                0x00001328       0x54 ./src/library/middlewares/3rd_party/rtthread_nano/src/scheduler.o
                0x00001328                rt_system_scheduler_init
 .text.rt_system_scheduler_start
                0x0000137c       0x3c ./src/library/middlewares/3rd_party/rtthread_nano/src/scheduler.o
                0x0000137c                rt_system_scheduler_start
 .text.rt_schedule
                0x000013b8       0xa8 ./src/library/middlewares/3rd_party/rtthread_nano/src/scheduler.o
                0x000013b8                rt_schedule
 .text.rt_schedule_insert_thread
                0x00001460       0x68 ./src/library/middlewares/3rd_party/rtthread_nano/src/scheduler.o
                0x00001460                rt_schedule_insert_thread
 .text.rt_schedule_remove_thread
                0x000014c8       0x58 ./src/library/middlewares/3rd_party/rtthread_nano/src/scheduler.o
                0x000014c8                rt_schedule_remove_thread
 .text.rt_enter_critical
                0x00001520       0x2c ./src/library/middlewares/3rd_party/rtthread_nano/src/scheduler.o
                0x00001520                rt_enter_critical
 .text.rt_exit_critical
                0x0000154c       0x54 ./src/library/middlewares/3rd_party/rtthread_nano/src/scheduler.o
                0x0000154c                rt_exit_critical
 .text.rt_list_init
                0x000015a0       0x20 ./src/library/middlewares/3rd_party/rtthread_nano/src/thread.o
 .text.rt_list_insert_after
                0x000015c0       0x30 ./src/library/middlewares/3rd_party/rtthread_nano/src/thread.o
 .text.rt_list_insert_before
                0x000015f0       0x30 ./src/library/middlewares/3rd_party/rtthread_nano/src/thread.o
 .text.rt_list_remove
                0x00001620       0x34 ./src/library/middlewares/3rd_party/rtthread_nano/src/thread.o
 .text._thread_cleanup_execute
                0x00001654       0x2c ./src/library/middlewares/3rd_party/rtthread_nano/src/thread.o
 .text.rt_thread_exit
                0x00001680       0x6c ./src/library/middlewares/3rd_party/rtthread_nano/src/thread.o
                0x00001680                rt_thread_exit
 .text._rt_thread_init
                0x000016ec       0xcc ./src/library/middlewares/3rd_party/rtthread_nano/src/thread.o
 .text.rt_thread_init
                0x000017b8       0x40 ./src/library/middlewares/3rd_party/rtthread_nano/src/thread.o
                0x000017b8                rt_thread_init
 .text.rt_thread_self
                0x000017f8       0x14 ./src/library/middlewares/3rd_party/rtthread_nano/src/thread.o
                0x000017f8                rt_thread_self
 .text.rt_thread_startup
                0x0000180c       0x4c ./src/library/middlewares/3rd_party/rtthread_nano/src/thread.o
                0x0000180c                rt_thread_startup
 .text.rt_thread_yield
                0x00001858       0x74 ./src/library/middlewares/3rd_party/rtthread_nano/src/thread.o
                0x00001858                rt_thread_yield
 .text.rt_thread_sleep
                0x000018cc       0x5c ./src/library/middlewares/3rd_party/rtthread_nano/src/thread.o
                0x000018cc                rt_thread_sleep
 .text.rt_thread_mdelay
                0x00001928       0x20 ./src/library/middlewares/3rd_party/rtthread_nano/src/thread.o
                0x00001928                rt_thread_mdelay
 .text.rt_thread_suspend
                0x00001948       0x5e ./src/library/middlewares/3rd_party/rtthread_nano/src/thread.o
                0x00001948                rt_thread_suspend
 .text.rt_thread_resume
                0x000019a6       0x4c ./src/library/middlewares/3rd_party/rtthread_nano/src/thread.o
                0x000019a6                rt_thread_resume
 .text.rt_thread_timeout
                0x000019f2       0x30 ./src/library/middlewares/3rd_party/rtthread_nano/src/thread.o
                0x000019f2                rt_thread_timeout
 .text.rt_list_init
                0x00001a22       0x20 ./src/library/middlewares/3rd_party/rtthread_nano/src/timer.o
 .text.rt_list_insert_after
                0x00001a42       0x30 ./src/library/middlewares/3rd_party/rtthread_nano/src/timer.o
 .text.rt_list_remove
                0x00001a72       0x34 ./src/library/middlewares/3rd_party/rtthread_nano/src/timer.o
 .text.rt_list_isempty
                0x00001aa6       0x22 ./src/library/middlewares/3rd_party/rtthread_nano/src/timer.o
 .text._rt_timer_init
                0x00001ac8       0x68 ./src/library/middlewares/3rd_party/rtthread_nano/src/timer.o
 .text._rt_timer_remove
                0x00001b30       0x34 ./src/library/middlewares/3rd_party/rtthread_nano/src/timer.o
 .text.rt_timer_init
                0x00001b64       0x30 ./src/library/middlewares/3rd_party/rtthread_nano/src/timer.o
                0x00001b64                rt_timer_init
 .text.rt_timer_detach
                0x00001b94       0x38 ./src/library/middlewares/3rd_party/rtthread_nano/src/timer.o
                0x00001b94                rt_timer_detach
 .text.rt_timer_start
                0x00001bcc      0x188 ./src/library/middlewares/3rd_party/rtthread_nano/src/timer.o
                0x00001bcc                rt_timer_start
 .text.rt_timer_stop
                0x00001d54       0x44 ./src/library/middlewares/3rd_party/rtthread_nano/src/timer.o
                0x00001d54                rt_timer_stop
 .text.rt_timer_control
                0x00001d98       0x98 ./src/library/middlewares/3rd_party/rtthread_nano/src/timer.o
                0x00001d98                rt_timer_control
 .text.rt_timer_check
                0x00001e30       0xe0 ./src/library/middlewares/3rd_party/rtthread_nano/src/timer.o
                0x00001e30                rt_timer_check
 .text.rt_system_timer_init
                0x00001f10       0x34 ./src/library/middlewares/3rd_party/rtthread_nano/src/timer.o
                0x00001f10                rt_system_timer_init
 .text.rt_system_timer_thread_init
                0x00001f44        0xc ./src/library/middlewares/3rd_party/rtthread_nano/src/timer.o
                0x00001f44                rt_system_timer_thread_init
 .text          0x00001f50      0x100 ./src/library/middlewares/3rd_party/rtthread_nano/libcpu/arm/cortex-m3/context_gcc.o
                0x00001f50                rt_hw_interrupt_disable
                0x00001f58                rt_hw_interrupt_enable
                0x00001f5e                rt_hw_context_switch_interrupt
                0x00001f5e                rt_hw_context_switch
                0x00001f7e                PendSV_Handler
                0x00001fba                rt_hw_context_switch_to
                0x00001ff4                rt_hw_interrupt_thread_switch
                0x00001ff8                HardFault_Handler
                0x0000202e                rt_hw_interrupt_check
 .text.rt_hw_stack_init
                0x00002050       0x88 ./src/library/middlewares/3rd_party/rtthread_nano/libcpu/arm/cortex-m3/cpuport.o
                0x00002050                rt_hw_stack_init
 .text.usage_fault_track
                0x000020d8       0xc4 ./src/library/middlewares/3rd_party/rtthread_nano/libcpu/arm/cortex-m3/cpuport.o
 .text.bus_fault_track
                0x0000219c       0xcc ./src/library/middlewares/3rd_party/rtthread_nano/libcpu/arm/cortex-m3/cpuport.o
 .text.mem_manage_fault_track
                0x00002268       0xb4 ./src/library/middlewares/3rd_party/rtthread_nano/libcpu/arm/cortex-m3/cpuport.o
 .text.hard_fault_track
                0x0000231c       0x78 ./src/library/middlewares/3rd_party/rtthread_nano/libcpu/arm/cortex-m3/cpuport.o
 .text.rt_hw_hard_fault_exception
                0x00002394      0x168 ./src/library/middlewares/3rd_party/rtthread_nano/libcpu/arm/cortex-m3/cpuport.o
                0x00002394                rt_hw_hard_fault_exception
 .text.rt_list_isempty
                0x000024fc       0x22 ./src/library/middlewares/3rd_party/rtthread_nano/components/finsh/cmd.o
 .text.rt_list_len
                0x0000251e       0x34 ./src/library/middlewares/3rd_party/rtthread_nano/components/finsh/cmd.o
 *fill*         0x00002552        0x2 
 .text.hello    0x00002554       0x14 ./src/library/middlewares/3rd_party/rtthread_nano/components/finsh/cmd.o
                0x00002554                hello
 .text.version  0x00002568        0xe ./src/library/middlewares/3rd_party/rtthread_nano/components/finsh/cmd.o
                0x00002568                version
 *fill*         0x00002576        0x2 
 .text.object_split
                0x00002578       0x28 ./src/library/middlewares/3rd_party/rtthread_nano/components/finsh/cmd.o
 .text.list_find_init
                0x000025a0       0x46 ./src/library/middlewares/3rd_party/rtthread_nano/components/finsh/cmd.o
 .text.list_get_next
                0x000025e6       0xc6 ./src/library/middlewares/3rd_party/rtthread_nano/components/finsh/cmd.o
 .text.list_thread
                0x000026ac      0x208 ./src/library/middlewares/3rd_party/rtthread_nano/components/finsh/cmd.o
                0x000026ac                list_thread
 .text.show_wait_queue
                0x000028b4       0x50 ./src/library/middlewares/3rd_party/rtthread_nano/components/finsh/cmd.o
 .text.list_sem
                0x00002904      0x12c ./src/library/middlewares/3rd_party/rtthread_nano/components/finsh/cmd.o
                0x00002904                list_sem
 .text.list_mailbox
                0x00002a30      0x13c ./src/library/middlewares/3rd_party/rtthread_nano/components/finsh/cmd.o
                0x00002a30                list_mailbox
 .text.list_timer
                0x00002b6c      0x108 ./src/library/middlewares/3rd_party/rtthread_nano/components/finsh/cmd.o
                0x00002b6c                list_timer
 .text.list     0x00002c74       0x68 ./src/library/middlewares/3rd_party/rtthread_nano/components/finsh/cmd.o
                0x00002c74                list
 .text.msh_is_used
                0x00002cdc        0xe ./src/library/middlewares/3rd_party/rtthread_nano/components/finsh/msh.o
                0x00002cdc                msh_is_used
 *fill*         0x00002cea        0x2 
 .text.msh_help
                0x00002cec       0x78 ./src/library/middlewares/3rd_party/rtthread_nano/components/finsh/msh.o
                0x00002cec                msh_help
 .text.cmd_ps   0x00002d64       0x18 ./src/library/middlewares/3rd_party/rtthread_nano/components/finsh/msh.o
                0x00002d64                cmd_ps
 .text.msh_split
                0x00002d7c      0x180 ./src/library/middlewares/3rd_party/rtthread_nano/components/finsh/msh.o
 .text.msh_get_cmd
                0x00002efc       0x84 ./src/library/middlewares/3rd_party/rtthread_nano/components/finsh/msh.o
 .text._msh_exec_cmd
                0x00002f80       0xa6 ./src/library/middlewares/3rd_party/rtthread_nano/components/finsh/msh.o
 *fill*         0x00003026        0x2 
 .text.msh_exec
                0x00003028       0x94 ./src/library/middlewares/3rd_party/rtthread_nano/components/finsh/msh.o
                0x00003028                msh_exec
 .text.str_common
                0x000030bc       0x50 ./src/library/middlewares/3rd_party/rtthread_nano/components/finsh/msh.o
 .text.msh_auto_complete
                0x0000310c       0xd4 ./src/library/middlewares/3rd_party/rtthread_nano/components/finsh/msh.o
                0x0000310c                msh_auto_complete
 .text.finsh_get_prompt
                0x000031e0       0xa0 ./src/library/middlewares/3rd_party/rtthread_nano/components/finsh/shell.o
                0x000031e0                finsh_get_prompt
 .text.finsh_set_prompt_mode
                0x00003280       0x30 ./src/library/middlewares/3rd_party/rtthread_nano/components/finsh/shell.o
                0x00003280                finsh_set_prompt_mode
 .text.finsh_getchar
                0x000032b0        0xe ./src/library/middlewares/3rd_party/rtthread_nano/components/finsh/shell.o
 *fill*         0x000032be        0x2 
 .text.shell_auto_complete
                0x000032c0       0x40 ./src/library/middlewares/3rd_party/rtthread_nano/components/finsh/shell.o
 .text.finsh_thread_entry
                0x00003300      0x488 ./src/library/middlewares/3rd_party/rtthread_nano/components/finsh/shell.o
                0x00003300                finsh_thread_entry
 .text.finsh_system_function_init
                0x00003788       0x28 ./src/library/middlewares/3rd_party/rtthread_nano/components/finsh/shell.o
                0x00003788                finsh_system_function_init
 .text.finsh_system_var_init
                0x000037b0       0x28 ./src/library/middlewares/3rd_party/rtthread_nano/components/finsh/shell.o
                0x000037b0                finsh_system_var_init
 .text.finsh_system_init
                0x000037d8       0xa4 ./src/library/middlewares/3rd_party/rtthread_nano/components/finsh/shell.o
                0x000037d8                finsh_system_init
 .text._SysTick_Config
                0x0000387c       0x4c ./src/library/middlewares/3rd_party/rtthread_nano/bsp/cm3/drivers/board.o
 .text.rt_hw_board_init
                0x000038c8       0x54 ./src/library/middlewares/3rd_party/rtthread_nano/bsp/cm3/drivers/board.o
                0x000038c8                rt_hw_board_init
 .text.SysTick_Handler
                0x0000391c       0x14 ./src/library/middlewares/3rd_party/rtthread_nano/bsp/cm3/drivers/board.o
                0x0000391c                SysTick_Handler
 .text.rt_hw_console_output
                0x00003930       0x68 ./src/library/middlewares/3rd_party/rtthread_nano/bsp/cm3/drivers/board.o
                0x00003930                rt_hw_console_output
 .text.rt_hw_console_getchar
                0x00003998       0x12 ./src/library/middlewares/3rd_party/rtthread_nano/bsp/cm3/drivers/board.o
                0x00003998                rt_hw_console_getchar
 .text.GPIO_Init
                0x000039aa      0x190 ./src/library/libraries/drivers/src/gw1ns4c_gpio.o
                0x000039aa                GPIO_Init
 .text.GPIO_SetBit
                0x00003b3a       0x20 ./src/library/libraries/drivers/src/gw1ns4c_gpio.o
                0x00003b3a                GPIO_SetBit
 .text.GPIO_ResetBit
                0x00003b5a       0x22 ./src/library/libraries/drivers/src/gw1ns4c_gpio.o
                0x00003b5a                GPIO_ResetBit
 .text.UART_Init
                0x00003b7c       0xd8 ./src/library/libraries/drivers/src/gw1ns4c_uart.o
                0x00003b7c                UART_Init
 .text.UART_SendChar
                0x00003c54       0x2c ./src/library/libraries/drivers/src/gw1ns4c_uart.o
                0x00003c54                UART_SendChar
 .text.UART_ReceiveChar
                0x00003c80       0x26 ./src/library/libraries/drivers/src/gw1ns4c_uart.o
                0x00003c80                UART_ReceiveChar
 *fill*         0x00003ca6        0x2 
 .text          0x00003ca8       0x98 ./src/library/libraries/cmsis/cm3/device_support/startup/gmd/startup_gw1ns4c.o
                0x00003ca8                Reset_Handler
                0x00003d0e                PORT0_COMB_Handler
                0x00003d18                UARTOVF_Handler
                0x00003d1e                Spare15_Handler
 .text.SystemInit
                0x00003d40       0x40 ./src/library/libraries/cmsis/cm3/device_support/system_gw1ns4c.o
                0x00003d40                SystemInit
 .text.exit     0x00003d80       0x20 d:/gmd/toolchain/arm_toolchain/bin/../lib/gcc/arm-none-eabi/8.3.1/../../../../arm-none-eabi/lib/thumb/v7-m/nofp\libg.a(lib_a-exit.o)
                0x00003d80                exit
 .text          0x00003da0       0xec d:/gmd/toolchain/arm_toolchain/bin/../lib/gcc/arm-none-eabi/8.3.1/../../../../arm-none-eabi/lib/thumb/v7-m/nofp\libg.a(lib_a-memcpy.o)
                0x00003da0                memcpy
 .text.memset   0x00003e8c       0xa0 d:/gmd/toolchain/arm_toolchain/bin/../lib/gcc/arm-none-eabi/8.3.1/../../../../arm-none-eabi/lib/thumb/v7-m/nofp\libg.a(lib_a-memset.o)
                0x00003e8c                memset
 .text.strlen   0x00003f2c       0x5c d:/gmd/toolchain/arm_toolchain/bin/../lib/gcc/arm-none-eabi/8.3.1/../../../../arm-none-eabi/lib/thumb/v7-m/nofp\libg.a(lib_a-strlen-stub.o)
                0x00003f2c                strlen
 .text.strncmp  0x00003f88       0xa0 d:/gmd/toolchain/arm_toolchain/bin/../lib/gcc/arm-none-eabi/8.3.1/../../../../arm-none-eabi/lib/thumb/v7-m/nofp\libg.a(lib_a-strncmp.o)
                0x00003f88                strncmp
 .text.strncpy  0x00004028       0x74 d:/gmd/toolchain/arm_toolchain/bin/../lib/gcc/arm-none-eabi/8.3.1/../../../../arm-none-eabi/lib/thumb/v7-m/nofp\libg.a(lib_a-strncpy.o)
                0x00004028                strncpy
 .text.__call_exitprocs
                0x0000409c       0xb0 d:/gmd/toolchain/arm_toolchain/bin/../lib/gcc/arm-none-eabi/8.3.1/../../../../arm-none-eabi/lib/thumb/v7-m/nofp\libg.a(lib_a-__call_atexit.o)
                0x0000409c                __call_exitprocs
 .text.__retarget_lock_acquire_recursive
                0x0000414c        0x4 d:/gmd/toolchain/arm_toolchain/bin/../lib/gcc/arm-none-eabi/8.3.1/../../../../arm-none-eabi/lib/thumb/v7-m/nofp\libg.a(lib_a-lock.o)
                0x0000414c                __retarget_lock_acquire_recursive
 .text.__retarget_lock_release_recursive
                0x00004150        0x4 d:/gmd/toolchain/arm_toolchain/bin/../lib/gcc/arm-none-eabi/8.3.1/../../../../arm-none-eabi/lib/thumb/v7-m/nofp\libg.a(lib_a-lock.o)
                0x00004150                __retarget_lock_release_recursive
 .text._exit    0x00004154        0x4 d:/gmd/toolchain/arm_toolchain/bin/../lib/gcc/arm-none-eabi/8.3.1/../../../../arm-none-eabi/lib/thumb/v7-m/nofp\libnosys.a(_exit.o)
                0x00004154                _exit
 *(.init)
 .init          0x00004158        0x4 d:/gmd/toolchain/arm_toolchain/bin/../lib/gcc/arm-none-eabi/8.3.1/thumb/v7-m/nofp/crti.o
                0x00004158                _init
 *(.fini)
 .fini          0x0000415c        0x4 d:/gmd/toolchain/arm_toolchain/bin/../lib/gcc/arm-none-eabi/8.3.1/thumb/v7-m/nofp/crti.o
                0x0000415c                _fini
 *crtbegin.o(.ctors)
 *crtbegin?.o(.ctors)
 *(EXCLUDE_FILE(*crtend.o *crtend?.o) .ctors)
 *(SORT_BY_NAME(.ctors.*))
 *(.ctors)
 *crtbegin.o(.dtors)
 *crtbegin?.o(.dtors)
 *(EXCLUDE_FILE(*crtend.o *crtend?.o) .dtors)
 *(SORT_BY_NAME(.dtors.*))
 *(.dtors)
 *(.rodata*)
 .rodata        0x00004160        0x5 ./src/library/middlewares/3rd_party/rtthread_nano/src/components.o
 *fill*         0x00004165        0x3 
 .rodata        0x00004168        0x6 ./src/library/middlewares/3rd_party/rtthread_nano/src/idle.o
 *fill*         0x0000416e        0x2 
 .rodata        0x00004170       0x8f ./src/library/middlewares/3rd_party/rtthread_nano/src/kservice.o
 *fill*         0x000041ff        0x1 
 .rodata.__lowest_bit_bitmap
                0x00004200      0x100 ./src/library/middlewares/3rd_party/rtthread_nano/src/kservice.o
                0x00004200                __lowest_bit_bitmap
 .rodata.large_digits.4896
                0x00004300       0x11 ./src/library/middlewares/3rd_party/rtthread_nano/src/kservice.o
 *fill*         0x00004311        0x3 
 .rodata.small_digits.4895
                0x00004314       0x11 ./src/library/middlewares/3rd_party/rtthread_nano/src/kservice.o
 *fill*         0x00004325        0x3 
 .rodata        0x00004328      0x2b9 ./src/library/middlewares/3rd_party/rtthread_nano/libcpu/arm/cortex-m3/cpuport.o
 *fill*         0x000045e1        0x3 
 .rodata        0x000045e4      0x2b4 ./src/library/middlewares/3rd_party/rtthread_nano/components/finsh/cmd.o
 .rodata.__fsym_hello_name
                0x00004898        0x6 ./src/library/middlewares/3rd_party/rtthread_nano/components/finsh/cmd.o
                0x00004898                __fsym_hello_name
 *fill*         0x0000489e        0x2 
 .rodata.__fsym_version_name
                0x000048a0        0x8 ./src/library/middlewares/3rd_party/rtthread_nano/components/finsh/cmd.o
                0x000048a0                __fsym_version_name
 .rodata.__fsym___cmd_version_name
                0x000048a8        0xe ./src/library/middlewares/3rd_party/rtthread_nano/components/finsh/cmd.o
                0x000048a8                __fsym___cmd_version_name
 *fill*         0x000048b6        0x2 
 .rodata.__fsym_list_thread_name
                0x000048b8        0xc ./src/library/middlewares/3rd_party/rtthread_nano/components/finsh/cmd.o
                0x000048b8                __fsym_list_thread_name
 .rodata.__fsym___cmd_list_thread_name
                0x000048c4       0x12 ./src/library/middlewares/3rd_party/rtthread_nano/components/finsh/cmd.o
                0x000048c4                __fsym___cmd_list_thread_name
 *fill*         0x000048d6        0x2 
 .rodata.__fsym_list_sem_name
                0x000048d8        0x9 ./src/library/middlewares/3rd_party/rtthread_nano/components/finsh/cmd.o
                0x000048d8                __fsym_list_sem_name
 *fill*         0x000048e1        0x3 
 .rodata.__fsym___cmd_list_sem_name
                0x000048e4        0xf ./src/library/middlewares/3rd_party/rtthread_nano/components/finsh/cmd.o
                0x000048e4                __fsym___cmd_list_sem_name
 *fill*         0x000048f3        0x1 
 .rodata.__fsym_list_mailbox_name
                0x000048f4        0xd ./src/library/middlewares/3rd_party/rtthread_nano/components/finsh/cmd.o
                0x000048f4                __fsym_list_mailbox_name
 *fill*         0x00004901        0x3 
 .rodata.__fsym___cmd_list_mailbox_name
                0x00004904       0x13 ./src/library/middlewares/3rd_party/rtthread_nano/components/finsh/cmd.o
                0x00004904                __fsym___cmd_list_mailbox_name
 *fill*         0x00004917        0x1 
 .rodata.__fsym_list_timer_name
                0x00004918        0xb ./src/library/middlewares/3rd_party/rtthread_nano/components/finsh/cmd.o
                0x00004918                __fsym_list_timer_name
 *fill*         0x00004923        0x1 
 .rodata.__fsym___cmd_list_timer_name
                0x00004924       0x11 ./src/library/middlewares/3rd_party/rtthread_nano/components/finsh/cmd.o
                0x00004924                __fsym___cmd_list_timer_name
 *fill*         0x00004935        0x3 
 .rodata.__fsym_list_name
                0x00004938        0x5 ./src/library/middlewares/3rd_party/rtthread_nano/components/finsh/cmd.o
                0x00004938                __fsym_list_name
 *fill*         0x0000493d        0x3 
 .rodata        0x00004940       0x68 ./src/library/middlewares/3rd_party/rtthread_nano/components/finsh/msh.o
 .rodata.__fsym___cmd_help_name
                0x000049a8        0xb ./src/library/middlewares/3rd_party/rtthread_nano/components/finsh/msh.o
                0x000049a8                __fsym___cmd_help_name
 *fill*         0x000049b3        0x1 
 .rodata.__fsym___cmd_ps_name
                0x000049b4        0x9 ./src/library/middlewares/3rd_party/rtthread_nano/components/finsh/msh.o
                0x000049b4                __fsym___cmd_ps_name
 *fill*         0x000049bd        0x3 
 .rodata        0x000049c0       0x45 ./src/library/middlewares/3rd_party/rtthread_nano/components/finsh/shell.o
 *fill*         0x00004a05        0x3 
 .rodata._global_impure_ptr
                0x00004a08        0x4 d:/gmd/toolchain/arm_toolchain/bin/../lib/gcc/arm-none-eabi/8.3.1/../../../../arm-none-eabi/lib/thumb/v7-m/nofp\libg.a(lib_a-impure.o)
                0x00004a08                _global_impure_ptr
                0x00004a0c                . = ALIGN (0x4)
                0x00004a0c                __fsymtab_start = .
 *(FSymTab)
 FSymTab        0x00004a0c       0x60 ./src/library/middlewares/3rd_party/rtthread_nano/components/finsh/cmd.o
                0x00004a0c                __fsym_hello
                0x00004a14                __fsym_version
                0x00004a1c                __fsym___cmd_version
                0x00004a24                __fsym_list_thread
                0x00004a2c                __fsym___cmd_list_thread
                0x00004a34                __fsym_list_sem
                0x00004a3c                __fsym___cmd_list_sem
                0x00004a44                __fsym_list_mailbox
                0x00004a4c                __fsym___cmd_list_mailbox
                0x00004a54                __fsym_list_timer
                0x00004a5c                __fsym___cmd_list_timer
                0x00004a64                __fsym_list
 FSymTab        0x00004a6c       0x10 ./src/library/middlewares/3rd_party/rtthread_nano/components/finsh/msh.o
                0x00004a6c                __fsym___cmd_help
                0x00004a74                __fsym___cmd_ps
                0x00004a7c                __fsymtab_end = .
                0x00004a7c                . = ALIGN (0x4)
                0x00004a7c                __vsymtab_start = .
 *(VSymTab)
                0x00004a7c                __vsymtab_end = .
                0x00004a7c                . = ALIGN (0x4)
                0x00004a7c                . = ALIGN (0x4)
                0x00004a7c                __rt_init_start = .
 *(SORT_BY_NAME(.rti_fn*))
 .rti_fn.0      0x00004a7c        0x4 ./src/library/middlewares/3rd_party/rtthread_nano/src/components.o
                0x00004a7c                __rt_init_rti_start
 .rti_fn.0.end  0x00004a80        0x4 ./src/library/middlewares/3rd_party/rtthread_nano/src/components.o
                0x00004a80                __rt_init_rti_board_start
 .rti_fn.1.end  0x00004a84        0x4 ./src/library/middlewares/3rd_party/rtthread_nano/src/components.o
                0x00004a84                __rt_init_rti_board_end
 .rti_fn.6      0x00004a88        0x4 ./src/library/middlewares/3rd_party/rtthread_nano/components/finsh/shell.o
                0x00004a88                __rt_init_finsh_system_init
 .rti_fn.6.end  0x00004a8c        0x4 ./src/library/middlewares/3rd_party/rtthread_nano/src/components.o
                0x00004a8c                __rt_init_rti_end
                0x00004a90                __rt_init_end = .
                0x00004a90                . = ALIGN (0x4)
 *(.eh_frame*)

.glue_7         0x00004a90        0x0
 .glue_7        0x00004a90        0x0 linker stubs

.glue_7t        0x00004a90        0x0
 .glue_7t       0x00004a90        0x0 linker stubs

.vfp11_veneer   0x00004a90        0x0
 .vfp11_veneer  0x00004a90        0x0 linker stubs

.v4_bx          0x00004a90        0x0
 .v4_bx         0x00004a90        0x0 linker stubs

.iplt           0x00004a90        0x0
 .iplt          0x00004a90        0x0 ./src/project/rtthread_nano/src/gw1ns4c_it.o

.rel.dyn        0x00004a90        0x0
 .rel.iplt      0x00004a90        0x0 ./src/project/rtthread_nano/src/gw1ns4c_it.o

.ARM.extab
 *(.ARM.extab* .gnu.linkonce.armextab.*)
                0x00004a90                __exidx_start = .

.ARM.exidx
 *(.ARM.exidx* .gnu.linkonce.armexidx.*)
                0x00004a90                __exidx_end = .
                0x00004a90                __etext = .

.data           0x20000000      0x47c load address 0x00004a90
                0x20000000                __data_start__ = .
 *(vtable)
 *(.data*)
 .data.rt_object_container
                0x20000000       0x40 ./src/library/middlewares/3rd_party/rtthread_nano/src/object.o
 .data.SystemCoreClock
                0x20000040        0x4 ./src/library/libraries/cmsis/cm3/device_support/system_gw1ns4c.o
                0x20000040                SystemCoreClock
 .data.PCLK1    0x20000044        0x4 ./src/library/libraries/cmsis/cm3/device_support/system_gw1ns4c.o
                0x20000044                PCLK1
 .data.PCLK2    0x20000048        0x4 ./src/library/libraries/cmsis/cm3/device_support/system_gw1ns4c.o
                0x20000048                PCLK2
 .data.HCLK     0x2000004c        0x4 ./src/library/libraries/cmsis/cm3/device_support/system_gw1ns4c.o
                0x2000004c                HCLK
 .data.impure_data
                0x20000050      0x428 d:/gmd/toolchain/arm_toolchain/bin/../lib/gcc/arm-none-eabi/8.3.1/../../../../arm-none-eabi/lib/thumb/v7-m/nofp\libg.a(lib_a-impure.o)
 .data.__atexit_recursive_mutex
                0x20000478        0x4 d:/gmd/toolchain/arm_toolchain/bin/../lib/gcc/arm-none-eabi/8.3.1/../../../../arm-none-eabi/lib/thumb/v7-m/nofp\libg.a(lib_a-__call_atexit.o)
                0x20000478                __atexit_recursive_mutex
                0x2000047c                . = ALIGN (0x4)
                0x2000047c                PROVIDE (__preinit_array_start = .)
 *(.preinit_array)
                0x2000047c                PROVIDE (__preinit_array_end = .)
                0x2000047c                . = ALIGN (0x4)
                0x2000047c                PROVIDE (__init_array_start = .)
 *(SORT_BY_NAME(.init_array.*))
 *(.init_array)
                0x2000047c                PROVIDE (__init_array_end = .)
                0x2000047c                . = ALIGN (0x4)
                0x2000047c                PROVIDE (__fini_array_start = .)
 *(SORT_BY_NAME(.fini_array.*))
 *(.fini_array)
                0x2000047c                PROVIDE (__fini_array_end = .)
                0x2000047c                . = ALIGN (0x4)
                0x2000047c                __data_end__ = .

.igot.plt       0x2000047c        0x0 load address 0x00004f0c
 .igot.plt      0x2000047c        0x0 ./src/project/rtthread_nano/src/gw1ns4c_it.o

.bss            0x20000480      0xc20 load address 0x00004f10
                0x20000480                . = ALIGN (0x4)
                0x20000480                __bss_start__ = .
 *(.bss*)
 .bss.rt_tick   0x20000480        0x4 ./src/library/middlewares/3rd_party/rtthread_nano/src/clock.o
 *fill*         0x20000484        0x4 
 .bss.main_stack
                0x20000488      0x400 ./src/library/middlewares/3rd_party/rtthread_nano/src/components.o
 .bss.idle      0x20000888       0x78 ./src/library/middlewares/3rd_party/rtthread_nano/src/idle.o
 .bss.rt_thread_stack
                0x20000900       0x80 ./src/library/middlewares/3rd_party/rtthread_nano/src/idle.o
 .bss.rt_log_buf.4997
                0x20000980       0x80 ./src/library/middlewares/3rd_party/rtthread_nano/src/kservice.o
 .bss.rt_scheduler_lock_nest
                0x20000a00        0x2 ./src/library/middlewares/3rd_party/rtthread_nano/src/scheduler.o
 *fill*         0x20000a02        0x2 
 .bss.rt_current_thread
                0x20000a04        0x4 ./src/library/middlewares/3rd_party/rtthread_nano/src/scheduler.o
                0x20000a04                rt_current_thread
 .bss.rt_timer_list
                0x20000a08        0x8 ./src/library/middlewares/3rd_party/rtthread_nano/src/timer.o
 .bss.random_nr.4775
                0x20000a10        0x4 ./src/library/middlewares/3rd_party/rtthread_nano/src/timer.o
 .bss.rt_exception_hook
                0x20000a14        0x4 ./src/library/middlewares/3rd_party/rtthread_nano/libcpu/arm/cortex-m3/cpuport.o
 .bss.finsh_thread
                0x20000a18       0x78 ./src/library/middlewares/3rd_party/rtthread_nano/components/finsh/shell.o
 .bss.finsh_thread_stack
                0x20000a90      0x400 ./src/library/middlewares/3rd_party/rtthread_nano/components/finsh/shell.o
 .bss._syscall_table_begin
                0x20000e90        0x4 ./src/library/middlewares/3rd_party/rtthread_nano/components/finsh/shell.o
                0x20000e90                _syscall_table_begin
 .bss._syscall_table_end
                0x20000e94        0x4 ./src/library/middlewares/3rd_party/rtthread_nano/components/finsh/shell.o
                0x20000e94                _syscall_table_end
 .bss._sysvar_table_begin
                0x20000e98        0x4 ./src/library/middlewares/3rd_party/rtthread_nano/components/finsh/shell.o
                0x20000e98                _sysvar_table_begin
 .bss._sysvar_table_end
                0x20000e9c        0x4 ./src/library/middlewares/3rd_party/rtthread_nano/components/finsh/shell.o
                0x20000e9c                _sysvar_table_end
 .bss.finsh_prompt_custom
                0x20000ea0        0x4 ./src/library/middlewares/3rd_party/rtthread_nano/components/finsh/shell.o
 .bss.finsh_prompt.6640
                0x20000ea4       0x81 ./src/library/middlewares/3rd_party/rtthread_nano/components/finsh/shell.o
 *(COMMON)
 *fill*         0x20000f25        0x3 
 COMMON         0x20000f28       0x78 ./src/library/middlewares/3rd_party/rtthread_nano/src/components.o
                0x20000f28                main_thread
 COMMON         0x20000fa0        0x1 ./src/library/middlewares/3rd_party/rtthread_nano/src/irq.o
                0x20000fa0                rt_interrupt_nest
 *fill*         0x20000fa1        0x3 
 COMMON         0x20000fa4       0x50 ./src/library/middlewares/3rd_party/rtthread_nano/src/scheduler.o
                0x20000fa4                rt_thread_priority_table
                0x20000fe4                rt_current_priority
                0x20000fe8                rt_thread_ready_priority_group
                0x20000fec                rt_thread_defunct
 COMMON         0x20000ff4        0xc ./src/library/middlewares/3rd_party/rtthread_nano/libcpu/arm/cortex-m3/cpuport.o
                0x20000ff4                rt_interrupt_to_thread
                0x20000ff8                rt_interrupt_from_thread
                0x20000ffc                rt_thread_switch_interrupt_flag
 COMMON         0x20001000       0x7c ./src/library/middlewares/3rd_party/rtthread_nano/components/finsh/shell.o
                0x20001000                _shell
                0x20001078                shell
 COMMON         0x2000107c       0x21 d:/gmd/toolchain/arm_toolchain/bin/../lib/gcc/arm-none-eabi/8.3.1/../../../../arm-none-eabi/lib/thumb/v7-m/nofp\libg.a(lib_a-lock.o)
                0x2000107c                __lock___atexit_recursive_mutex
                0x20001080                __lock___arc4random_mutex
                0x20001084                __lock___env_recursive_mutex
                0x20001088                __lock___sinit_recursive_mutex
                0x2000108c                __lock___malloc_recursive_mutex
                0x20001090                __lock___at_quick_exit_mutex
                0x20001094                __lock___dd_hash_mutex
                0x20001098                __lock___tz_mutex
                0x2000109c                __lock___sfp_recursive_mutex
                0x200010a0                . = ALIGN (0x4)
 *fill*         0x2000109d        0x3 
                0x200010a0                __bss_end__ = .

.heap           0x200010a0      0x200
                0x200010a0                __end__ = .
                0x200010a0                end = __end__
 *(.heap*)
 .heap          0x200010a0      0x200 ./src/library/libraries/cmsis/cm3/device_support/startup/gmd/startup_gw1ns4c.o
                0x200010a0                __HeapBase
                0x200012a0                __HeapLimit = .

.stack_dummy    0x200010a0      0x400
 *(.stack*)
 .stack         0x200010a0      0x400 ./src/library/libraries/cmsis/cm3/device_support/startup/gmd/startup_gw1ns4c.o
                0x20004000                __StackTop = (ORIGIN (RAM) + LENGTH (RAM))
                0x20003c00                __StackLimit = (__StackTop - SIZEOF (.stack_dummy))
                0x20004000                PROVIDE (__stack = __StackTop)
                0x00000001                ASSERT ((__StackLimit >= __HeapLimit), region RAM overflowed with stack)
OUTPUT(cm3_rtthread_nano.elf elf32-littlearm)

.ARM.attributes
                0x00000000       0x29
 .ARM.attributes
                0x00000000       0x1d d:/gmd/toolchain/arm_toolchain/bin/../lib/gcc/arm-none-eabi/8.3.1/thumb/v7-m/nofp/crti.o
 .ARM.attributes
                0x0000001d       0x2d ./src/project/rtthread_nano/src/gw1ns4c_it.o
 .ARM.attributes
                0x0000004a       0x2d ./src/project/rtthread_nano/src/main.o
 .ARM.attributes
                0x00000077       0x2d ./src/library/middlewares/uart/uart.o
 .ARM.attributes
                0x000000a4       0x2d ./src/library/middlewares/gpio/gpio.o
 .ARM.attributes
                0x000000d1       0x2d ./src/library/middlewares/3rd_party/rtthread_nano/src/clock.o
 .ARM.attributes
                0x000000fe       0x2d ./src/library/middlewares/3rd_party/rtthread_nano/src/components.o
 .ARM.attributes
                0x0000012b       0x2d ./src/library/middlewares/3rd_party/rtthread_nano/src/idle.o
 .ARM.attributes
                0x00000158       0x2d ./src/library/middlewares/3rd_party/rtthread_nano/src/ipc.o
 .ARM.attributes
                0x00000185       0x2d ./src/library/middlewares/3rd_party/rtthread_nano/src/irq.o
 .ARM.attributes
                0x000001b2       0x2d ./src/library/middlewares/3rd_party/rtthread_nano/src/kservice.o
 .ARM.attributes
                0x000001df       0x2d ./src/library/middlewares/3rd_party/rtthread_nano/src/object.o
 .ARM.attributes
                0x0000020c       0x2d ./src/library/middlewares/3rd_party/rtthread_nano/src/scheduler.o
 .ARM.attributes
                0x00000239       0x2d ./src/library/middlewares/3rd_party/rtthread_nano/src/thread.o
 .ARM.attributes
                0x00000266       0x2d ./src/library/middlewares/3rd_party/rtthread_nano/src/timer.o
 .ARM.attributes
                0x00000293       0x21 ./src/library/middlewares/3rd_party/rtthread_nano/libcpu/arm/cortex-m3/context_gcc.o
 .ARM.attributes
                0x000002b4       0x2d ./src/library/middlewares/3rd_party/rtthread_nano/libcpu/arm/cortex-m3/cpuport.o
 .ARM.attributes
                0x000002e1       0x2d ./src/library/middlewares/3rd_party/rtthread_nano/components/finsh/cmd.o
 .ARM.attributes
                0x0000030e       0x2d ./src/library/middlewares/3rd_party/rtthread_nano/components/finsh/msh.o
 .ARM.attributes
                0x0000033b       0x2d ./src/library/middlewares/3rd_party/rtthread_nano/components/finsh/shell.o
 .ARM.attributes
                0x00000368       0x2d ./src/library/middlewares/3rd_party/rtthread_nano/bsp/cm3/drivers/board.o
 .ARM.attributes
                0x00000395       0x2d ./src/library/libraries/drivers/src/gw1ns4c_gpio.o
 .ARM.attributes
                0x000003c2       0x2d ./src/library/libraries/drivers/src/gw1ns4c_uart.o
 .ARM.attributes
                0x000003ef       0x1b ./src/library/libraries/cmsis/cm3/device_support/startup/gmd/startup_gw1ns4c.o
 .ARM.attributes
                0x0000040a       0x2d ./src/library/libraries/cmsis/cm3/device_support/system_gw1ns4c.o
 .ARM.attributes
                0x00000437       0x2d d:/gmd/toolchain/arm_toolchain/bin/../lib/gcc/arm-none-eabi/8.3.1/../../../../arm-none-eabi/lib/thumb/v7-m/nofp\libg.a(lib_a-exit.o)
 .ARM.attributes
                0x00000464       0x2d d:/gmd/toolchain/arm_toolchain/bin/../lib/gcc/arm-none-eabi/8.3.1/../../../../arm-none-eabi/lib/thumb/v7-m/nofp\libg.a(lib_a-impure.o)
 .ARM.attributes
                0x00000491       0x1b d:/gmd/toolchain/arm_toolchain/bin/../lib/gcc/arm-none-eabi/8.3.1/../../../../arm-none-eabi/lib/thumb/v7-m/nofp\libg.a(lib_a-memcpy.o)
 .ARM.attributes
                0x000004ac       0x2d d:/gmd/toolchain/arm_toolchain/bin/../lib/gcc/arm-none-eabi/8.3.1/../../../../arm-none-eabi/lib/thumb/v7-m/nofp\libg.a(lib_a-memset.o)
 .ARM.attributes
                0x000004d9       0x2d d:/gmd/toolchain/arm_toolchain/bin/../lib/gcc/arm-none-eabi/8.3.1/../../../../arm-none-eabi/lib/thumb/v7-m/nofp\libg.a(lib_a-strlen-stub.o)
 .ARM.attributes
                0x00000506       0x2d d:/gmd/toolchain/arm_toolchain/bin/../lib/gcc/arm-none-eabi/8.3.1/../../../../arm-none-eabi/lib/thumb/v7-m/nofp\libg.a(lib_a-strncmp.o)
 .ARM.attributes
                0x00000533       0x2d d:/gmd/toolchain/arm_toolchain/bin/../lib/gcc/arm-none-eabi/8.3.1/../../../../arm-none-eabi/lib/thumb/v7-m/nofp\libg.a(lib_a-strncpy.o)
 .ARM.attributes
                0x00000560       0x2d d:/gmd/toolchain/arm_toolchain/bin/../lib/gcc/arm-none-eabi/8.3.1/../../../../arm-none-eabi/lib/thumb/v7-m/nofp\libg.a(lib_a-__call_atexit.o)
 .ARM.attributes
                0x0000058d       0x2d d:/gmd/toolchain/arm_toolchain/bin/../lib/gcc/arm-none-eabi/8.3.1/../../../../arm-none-eabi/lib/thumb/v7-m/nofp\libg.a(lib_a-lock.o)
 .ARM.attributes
                0x000005ba       0x2d d:/gmd/toolchain/arm_toolchain/bin/../lib/gcc/arm-none-eabi/8.3.1/../../../../arm-none-eabi/lib/thumb/v7-m/nofp\libnosys.a(_exit.o)

.comment        0x00000000       0x76
 .comment       0x00000000       0x76 ./src/project/rtthread_nano/src/gw1ns4c_it.o
                                 0x77 (size before relaxing)
 .comment       0x00000076       0x77 ./src/project/rtthread_nano/src/main.o
 .comment       0x00000076       0x77 ./src/library/middlewares/uart/uart.o
 .comment       0x00000076       0x77 ./src/library/middlewares/gpio/gpio.o
 .comment       0x00000076       0x77 ./src/library/middlewares/3rd_party/rtthread_nano/src/clock.o
 .comment       0x00000076       0x77 ./src/library/middlewares/3rd_party/rtthread_nano/src/components.o
 .comment       0x00000076       0x77 ./src/library/middlewares/3rd_party/rtthread_nano/src/idle.o
 .comment       0x00000076       0x77 ./src/library/middlewares/3rd_party/rtthread_nano/src/ipc.o
 .comment       0x00000076       0x77 ./src/library/middlewares/3rd_party/rtthread_nano/src/irq.o
 .comment       0x00000076       0x77 ./src/library/middlewares/3rd_party/rtthread_nano/src/kservice.o
 .comment       0x00000076       0x77 ./src/library/middlewares/3rd_party/rtthread_nano/src/object.o
 .comment       0x00000076       0x77 ./src/library/middlewares/3rd_party/rtthread_nano/src/scheduler.o
 .comment       0x00000076       0x77 ./src/library/middlewares/3rd_party/rtthread_nano/src/thread.o
 .comment       0x00000076       0x77 ./src/library/middlewares/3rd_party/rtthread_nano/src/timer.o
 .comment       0x00000076       0x77 ./src/library/middlewares/3rd_party/rtthread_nano/libcpu/arm/cortex-m3/cpuport.o
 .comment       0x00000076       0x77 ./src/library/middlewares/3rd_party/rtthread_nano/components/finsh/cmd.o
 .comment       0x00000076       0x77 ./src/library/middlewares/3rd_party/rtthread_nano/components/finsh/msh.o
 .comment       0x00000076       0x77 ./src/library/middlewares/3rd_party/rtthread_nano/components/finsh/shell.o
 .comment       0x00000076       0x77 ./src/library/middlewares/3rd_party/rtthread_nano/bsp/cm3/drivers/board.o
 .comment       0x00000076       0x77 ./src/library/libraries/drivers/src/gw1ns4c_gpio.o
 .comment       0x00000076       0x77 ./src/library/libraries/drivers/src/gw1ns4c_uart.o
 .comment       0x00000076       0x77 ./src/library/libraries/cmsis/cm3/device_support/system_gw1ns4c.o

.debug_info     0x00000000     0xa655
 .debug_info    0x00000000      0x339 ./src/project/rtthread_nano/src/gw1ns4c_it.o
 .debug_info    0x00000339      0xb32 ./src/project/rtthread_nano/src/main.o
 .debug_info    0x00000e6b      0x31f ./src/library/middlewares/uart/uart.o
 .debug_info    0x0000118a      0x2db ./src/library/middlewares/gpio/gpio.o
 .debug_info    0x00001465      0x454 ./src/library/middlewares/3rd_party/rtthread_nano/src/clock.o
 .debug_info    0x000018b9      0x570 ./src/library/middlewares/3rd_party/rtthread_nano/src/components.o
 .debug_info    0x00001e29      0x429 ./src/library/middlewares/3rd_party/rtthread_nano/src/idle.o
 .debug_info    0x00002252      0xa9e ./src/library/middlewares/3rd_party/rtthread_nano/src/ipc.o
 .debug_info    0x00002cf0      0x18b ./src/library/middlewares/3rd_party/rtthread_nano/src/irq.o
 .debug_info    0x00002e7b      0xdc9 ./src/library/middlewares/3rd_party/rtthread_nano/src/kservice.o
 .debug_info    0x00003c44      0x5e9 ./src/library/middlewares/3rd_party/rtthread_nano/src/object.o
 .debug_info    0x0000422d      0x655 ./src/library/middlewares/3rd_party/rtthread_nano/src/scheduler.o
 .debug_info    0x00004882      0x97e ./src/library/middlewares/3rd_party/rtthread_nano/src/thread.o
 .debug_info    0x00005200      0x716 ./src/library/middlewares/3rd_party/rtthread_nano/src/timer.o
 .debug_info    0x00005916       0x26 ./src/library/middlewares/3rd_party/rtthread_nano/libcpu/arm/cortex-m3/context_gcc.o
 .debug_info    0x0000593c      0x405 ./src/library/middlewares/3rd_party/rtthread_nano/libcpu/arm/cortex-m3/cpuport.o
 .debug_info    0x00005d41     0x1772 ./src/library/middlewares/3rd_party/rtthread_nano/components/finsh/cmd.o
 .debug_info    0x000074b3      0xe9f ./src/library/middlewares/3rd_party/rtthread_nano/components/finsh/msh.o
 .debug_info    0x00008352     0x1181 ./src/library/middlewares/3rd_party/rtthread_nano/components/finsh/shell.o
 .debug_info    0x000094d3      0x2a8 ./src/library/middlewares/3rd_party/rtthread_nano/bsp/cm3/drivers/board.o
 .debug_info    0x0000977b      0x728 ./src/library/libraries/drivers/src/gw1ns4c_gpio.o
 .debug_info    0x00009ea3      0x66a ./src/library/libraries/drivers/src/gw1ns4c_uart.o
 .debug_info    0x0000a50d       0x26 ./src/library/libraries/cmsis/cm3/device_support/startup/gmd/startup_gw1ns4c.o
 .debug_info    0x0000a533      0x122 ./src/library/libraries/cmsis/cm3/device_support/system_gw1ns4c.o

.debug_abbrev   0x00000000     0x2bd5
 .debug_abbrev  0x00000000       0x9a ./src/project/rtthread_nano/src/gw1ns4c_it.o
 .debug_abbrev  0x0000009a      0x1f9 ./src/project/rtthread_nano/src/main.o
 .debug_abbrev  0x00000293      0x128 ./src/library/middlewares/uart/uart.o
 .debug_abbrev  0x000003bb      0x12d ./src/library/middlewares/gpio/gpio.o
 .debug_abbrev  0x000004e8      0x195 ./src/library/middlewares/3rd_party/rtthread_nano/src/clock.o
 .debug_abbrev  0x0000067d      0x1c3 ./src/library/middlewares/3rd_party/rtthread_nano/src/components.o
 .debug_abbrev  0x00000840      0x192 ./src/library/middlewares/3rd_party/rtthread_nano/src/idle.o
 .debug_abbrev  0x000009d2      0x236 ./src/library/middlewares/3rd_party/rtthread_nano/src/ipc.o
 .debug_abbrev  0x00000c08      0x117 ./src/library/middlewares/3rd_party/rtthread_nano/src/irq.o
 .debug_abbrev  0x00000d1f      0x2f0 ./src/library/middlewares/3rd_party/rtthread_nano/src/kservice.o
 .debug_abbrev  0x0000100f      0x24c ./src/library/middlewares/3rd_party/rtthread_nano/src/object.o
 .debug_abbrev  0x0000125b      0x1fb ./src/library/middlewares/3rd_party/rtthread_nano/src/scheduler.o
 .debug_abbrev  0x00001456      0x26e ./src/library/middlewares/3rd_party/rtthread_nano/src/thread.o
 .debug_abbrev  0x000016c4      0x2cd ./src/library/middlewares/3rd_party/rtthread_nano/src/timer.o
 .debug_abbrev  0x00001991       0x14 ./src/library/middlewares/3rd_party/rtthread_nano/libcpu/arm/cortex-m3/context_gcc.o
 .debug_abbrev  0x000019a5      0x1f9 ./src/library/middlewares/3rd_party/rtthread_nano/libcpu/arm/cortex-m3/cpuport.o
 .debug_abbrev  0x00001b9e      0x34b ./src/library/middlewares/3rd_party/rtthread_nano/components/finsh/cmd.o
 .debug_abbrev  0x00001ee9      0x344 ./src/library/middlewares/3rd_party/rtthread_nano/components/finsh/msh.o
 .debug_abbrev  0x0000222d      0x3f4 ./src/library/middlewares/3rd_party/rtthread_nano/components/finsh/shell.o
 .debug_abbrev  0x00002621      0x187 ./src/library/middlewares/3rd_party/rtthread_nano/bsp/cm3/drivers/board.o
 .debug_abbrev  0x000027a8      0x1c3 ./src/library/libraries/drivers/src/gw1ns4c_gpio.o
 .debug_abbrev  0x0000296b      0x1c7 ./src/library/libraries/drivers/src/gw1ns4c_uart.o
 .debug_abbrev  0x00002b32       0x14 ./src/library/libraries/cmsis/cm3/device_support/startup/gmd/startup_gw1ns4c.o
 .debug_abbrev  0x00002b46       0x8f ./src/library/libraries/cmsis/cm3/device_support/system_gw1ns4c.o

.debug_aranges  0x00000000      0xa40
 .debug_aranges
                0x00000000      0x128 ./src/project/rtthread_nano/src/gw1ns4c_it.o
 .debug_aranges
                0x00000128       0x20 ./src/project/rtthread_nano/src/main.o
 .debug_aranges
                0x00000148       0x28 ./src/library/middlewares/uart/uart.o
 .debug_aranges
                0x00000170       0x20 ./src/library/middlewares/gpio/gpio.o
 .debug_aranges
                0x00000190       0x40 ./src/library/middlewares/3rd_party/rtthread_nano/src/clock.o
 .debug_aranges
                0x000001d0       0x68 ./src/library/middlewares/3rd_party/rtthread_nano/src/components.o
 .debug_aranges
                0x00000238       0x38 ./src/library/middlewares/3rd_party/rtthread_nano/src/idle.o
 .debug_aranges
                0x00000270       0xb0 ./src/library/middlewares/3rd_party/rtthread_nano/src/ipc.o
 .debug_aranges
                0x00000320       0x30 ./src/library/middlewares/3rd_party/rtthread_nano/src/irq.o
 .debug_aranges
                0x00000350       0xe0 ./src/library/middlewares/3rd_party/rtthread_nano/src/kservice.o
 .debug_aranges
                0x00000430       0x70 ./src/library/middlewares/3rd_party/rtthread_nano/src/object.o
 .debug_aranges
                0x000004a0       0x78 ./src/library/middlewares/3rd_party/rtthread_nano/src/scheduler.o
 .debug_aranges
                0x00000518       0xc0 ./src/library/middlewares/3rd_party/rtthread_nano/src/thread.o
 .debug_aranges
                0x000005d8       0x98 ./src/library/middlewares/3rd_party/rtthread_nano/src/timer.o
 .debug_aranges
                0x00000670       0x20 ./src/library/middlewares/3rd_party/rtthread_nano/libcpu/arm/cortex-m3/context_gcc.o
 .debug_aranges
                0x00000690       0x60 ./src/library/middlewares/3rd_party/rtthread_nano/libcpu/arm/cortex-m3/cpuport.o
 .debug_aranges
                0x000006f0       0x80 ./src/library/middlewares/3rd_party/rtthread_nano/components/finsh/cmd.o
 .debug_aranges
                0x00000770       0x60 ./src/library/middlewares/3rd_party/rtthread_nano/components/finsh/msh.o
 .debug_aranges
                0x000007d0       0x70 ./src/library/middlewares/3rd_party/rtthread_nano/components/finsh/shell.o
 .debug_aranges
                0x00000840       0x40 ./src/library/middlewares/3rd_party/rtthread_nano/bsp/cm3/drivers/board.o
 .debug_aranges
                0x00000880       0xb8 ./src/library/libraries/drivers/src/gw1ns4c_gpio.o
 .debug_aranges
                0x00000938       0xc0 ./src/library/libraries/drivers/src/gw1ns4c_uart.o
 .debug_aranges
                0x000009f8       0x20 ./src/library/libraries/cmsis/cm3/device_support/startup/gmd/startup_gw1ns4c.o
 .debug_aranges
                0x00000a18       0x28 ./src/library/libraries/cmsis/cm3/device_support/system_gw1ns4c.o

.debug_ranges   0x00000000      0x8d0
 .debug_ranges  0x00000000      0x118 ./src/project/rtthread_nano/src/gw1ns4c_it.o
 .debug_ranges  0x00000118       0x10 ./src/project/rtthread_nano/src/main.o
 .debug_ranges  0x00000128       0x18 ./src/library/middlewares/uart/uart.o
 .debug_ranges  0x00000140       0x10 ./src/library/middlewares/gpio/gpio.o
 .debug_ranges  0x00000150       0x30 ./src/library/middlewares/3rd_party/rtthread_nano/src/clock.o
 .debug_ranges  0x00000180       0x58 ./src/library/middlewares/3rd_party/rtthread_nano/src/components.o
 .debug_ranges  0x000001d8       0x28 ./src/library/middlewares/3rd_party/rtthread_nano/src/idle.o
 .debug_ranges  0x00000200       0xa0 ./src/library/middlewares/3rd_party/rtthread_nano/src/ipc.o
 .debug_ranges  0x000002a0       0x20 ./src/library/middlewares/3rd_party/rtthread_nano/src/irq.o
 .debug_ranges  0x000002c0       0xd0 ./src/library/middlewares/3rd_party/rtthread_nano/src/kservice.o
 .debug_ranges  0x00000390       0x60 ./src/library/middlewares/3rd_party/rtthread_nano/src/object.o
 .debug_ranges  0x000003f0       0x68 ./src/library/middlewares/3rd_party/rtthread_nano/src/scheduler.o
 .debug_ranges  0x00000458       0xb0 ./src/library/middlewares/3rd_party/rtthread_nano/src/thread.o
 .debug_ranges  0x00000508       0xa0 ./src/library/middlewares/3rd_party/rtthread_nano/src/timer.o
 .debug_ranges  0x000005a8       0x68 ./src/library/middlewares/3rd_party/rtthread_nano/libcpu/arm/cortex-m3/cpuport.o
 .debug_ranges  0x00000610       0x70 ./src/library/middlewares/3rd_party/rtthread_nano/components/finsh/cmd.o
 .debug_ranges  0x00000680       0x50 ./src/library/middlewares/3rd_party/rtthread_nano/components/finsh/msh.o
 .debug_ranges  0x000006d0       0x60 ./src/library/middlewares/3rd_party/rtthread_nano/components/finsh/shell.o
 .debug_ranges  0x00000730       0x30 ./src/library/middlewares/3rd_party/rtthread_nano/bsp/cm3/drivers/board.o
 .debug_ranges  0x00000760       0xa8 ./src/library/libraries/drivers/src/gw1ns4c_gpio.o
 .debug_ranges  0x00000808       0xb0 ./src/library/libraries/drivers/src/gw1ns4c_uart.o
 .debug_ranges  0x000008b8       0x18 ./src/library/libraries/cmsis/cm3/device_support/system_gw1ns4c.o

.debug_line     0x00000000     0x6266
 .debug_line    0x00000000      0x469 ./src/project/rtthread_nano/src/gw1ns4c_it.o
 .debug_line    0x00000469      0x2fc ./src/project/rtthread_nano/src/main.o
 .debug_line    0x00000765      0x29b ./src/library/middlewares/uart/uart.o
 .debug_line    0x00000a00      0x26a ./src/library/middlewares/gpio/gpio.o
 .debug_line    0x00000c6a      0x209 ./src/library/middlewares/3rd_party/rtthread_nano/src/clock.o
 .debug_line    0x00000e73      0x29c ./src/library/middlewares/3rd_party/rtthread_nano/src/components.o
 .debug_line    0x0000110f      0x1c0 ./src/library/middlewares/3rd_party/rtthread_nano/src/idle.o
 .debug_line    0x000012cf      0x626 ./src/library/middlewares/3rd_party/rtthread_nano/src/ipc.o
 .debug_line    0x000018f5      0x1b8 ./src/library/middlewares/3rd_party/rtthread_nano/src/irq.o
 .debug_line    0x00001aad      0xb3f ./src/library/middlewares/3rd_party/rtthread_nano/src/kservice.o
 .debug_line    0x000025ec      0x3da ./src/library/middlewares/3rd_party/rtthread_nano/src/object.o
 .debug_line    0x000029c6      0x3b4 ./src/library/middlewares/3rd_party/rtthread_nano/src/scheduler.o
 .debug_line    0x00002d7a      0x58e ./src/library/middlewares/3rd_party/rtthread_nano/src/thread.o
 .debug_line    0x00003308      0x539 ./src/library/middlewares/3rd_party/rtthread_nano/src/timer.o
 .debug_line    0x00003841       0xef ./src/library/middlewares/3rd_party/rtthread_nano/libcpu/arm/cortex-m3/context_gcc.o
 .debug_line    0x00003930      0x3f1 ./src/library/middlewares/3rd_party/rtthread_nano/libcpu/arm/cortex-m3/cpuport.o
 .debug_line    0x00003d21      0x79b ./src/library/middlewares/3rd_party/rtthread_nano/components/finsh/cmd.o
 .debug_line    0x000044bc      0x64f ./src/library/middlewares/3rd_party/rtthread_nano/components/finsh/msh.o
 .debug_line    0x00004b0b      0x6b8 ./src/library/middlewares/3rd_party/rtthread_nano/components/finsh/shell.o
 .debug_line    0x000051c3      0x3dc ./src/library/middlewares/3rd_party/rtthread_nano/bsp/cm3/drivers/board.o
 .debug_line    0x0000559f      0x4fe ./src/library/libraries/drivers/src/gw1ns4c_gpio.o
 .debug_line    0x00005a9d      0x53d ./src/library/libraries/drivers/src/gw1ns4c_uart.o
 .debug_line    0x00005fda       0xcb ./src/library/libraries/cmsis/cm3/device_support/startup/gmd/startup_gw1ns4c.o
 .debug_line    0x000060a5      0x1c1 ./src/library/libraries/cmsis/cm3/device_support/system_gw1ns4c.o

.debug_str      0x00000000     0x29dd
 .debug_str     0x00000000      0x3e5 ./src/project/rtthread_nano/src/gw1ns4c_it.o
                                0x422 (size before relaxing)
 .debug_str     0x000003e5      0x4de ./src/project/rtthread_nano/src/main.o
                                0x6f6 (size before relaxing)
 .debug_str     0x000008c3      0x17e ./src/library/middlewares/uart/uart.o
                                0x372 (size before relaxing)
 .debug_str     0x00000a41      0x118 ./src/library/middlewares/gpio/gpio.o
                                0x3a7 (size before relaxing)
 .debug_str     0x00000b59      0x1a0 ./src/library/middlewares/3rd_party/rtthread_nano/src/clock.o
                                0x3e8 (size before relaxing)
 .debug_str     0x00000cf9      0x140 ./src/library/middlewares/3rd_party/rtthread_nano/src/components.o
                                0x4aa (size before relaxing)
 .debug_str     0x00000e39       0xbe ./src/library/middlewares/3rd_party/rtthread_nano/src/idle.o
                                0x3f8 (size before relaxing)
 .debug_str     0x00000ef7      0x383 ./src/library/middlewares/3rd_party/rtthread_nano/src/ipc.o
                                0x6dc (size before relaxing)
 .debug_str     0x0000127a       0x8b ./src/library/middlewares/3rd_party/rtthread_nano/src/irq.o
                                0x287 (size before relaxing)
 .debug_str     0x00001305      0x245 ./src/library/middlewares/3rd_party/rtthread_nano/src/kservice.o
                                0x5e0 (size before relaxing)
 .debug_str     0x0000154a      0x1f6 ./src/library/middlewares/3rd_party/rtthread_nano/src/object.o
                                0x5c6 (size before relaxing)
 .debug_str     0x00001740      0x177 ./src/library/middlewares/3rd_party/rtthread_nano/src/scheduler.o
                                0x551 (size before relaxing)
 .debug_str     0x000018b7      0x16b ./src/library/middlewares/3rd_party/rtthread_nano/src/thread.o
                                0x6bc (size before relaxing)
 .debug_str     0x00001a22      0x15b ./src/library/middlewares/3rd_party/rtthread_nano/src/timer.o
                                0x5af (size before relaxing)
 .debug_str     0x00001b7d       0x64 ./src/library/middlewares/3rd_party/rtthread_nano/libcpu/arm/cortex-m3/context_gcc.o
                                 0xa0 (size before relaxing)
 .debug_str     0x00001be1      0x1b5 ./src/library/middlewares/3rd_party/rtthread_nano/libcpu/arm/cortex-m3/cpuport.o
                                0x3fa (size before relaxing)
 .debug_str     0x00001d96      0x38e ./src/library/middlewares/3rd_party/rtthread_nano/components/finsh/cmd.o
                                0xd39 (size before relaxing)
 .debug_str     0x00002124      0x16f ./src/library/middlewares/3rd_party/rtthread_nano/components/finsh/msh.o
                                0x841 (size before relaxing)
 .debug_str     0x00002293      0x22b ./src/library/middlewares/3rd_party/rtthread_nano/components/finsh/shell.o
                                0xa92 (size before relaxing)
 .debug_str     0x000024be       0x97 ./src/library/middlewares/3rd_party/rtthread_nano/bsp/cm3/drivers/board.o
                                0x34b (size before relaxing)
 .debug_str     0x00002555      0x19c ./src/library/libraries/drivers/src/gw1ns4c_gpio.o
                                0x50f (size before relaxing)
 .debug_str     0x000026f1      0x238 ./src/library/libraries/drivers/src/gw1ns4c_uart.o
                                0x535 (size before relaxing)
 .debug_str     0x00002929       0x50 ./src/library/libraries/cmsis/cm3/device_support/startup/gmd/startup_gw1ns4c.o
                                 0x9a (size before relaxing)
 .debug_str     0x00002979       0x64 ./src/library/libraries/cmsis/cm3/device_support/system_gw1ns4c.o
                                0x235 (size before relaxing)

.debug_frame    0x00000000     0x27e0
 .debug_frame   0x00000000      0x438 ./src/project/rtthread_nano/src/gw1ns4c_it.o
 .debug_frame   0x00000438       0x2c ./src/project/rtthread_nano/src/main.o
 .debug_frame   0x00000464       0x58 ./src/library/middlewares/uart/uart.o
 .debug_frame   0x000004bc       0x34 ./src/library/middlewares/gpio/gpio.o
 .debug_frame   0x000004f0       0xc0 ./src/library/middlewares/3rd_party/rtthread_nano/src/clock.o
 .debug_frame   0x000005b0      0x158 ./src/library/middlewares/3rd_party/rtthread_nano/src/components.o
 .debug_frame   0x00000708       0x94 ./src/library/middlewares/3rd_party/rtthread_nano/src/idle.o
 .debug_frame   0x0000079c      0x2dc ./src/library/middlewares/3rd_party/rtthread_nano/src/ipc.o
 .debug_frame   0x00000a78       0x7c ./src/library/middlewares/3rd_party/rtthread_nano/src/irq.o
 .debug_frame   0x00000af4      0x40c ./src/library/middlewares/3rd_party/rtthread_nano/src/kservice.o
 .debug_frame   0x00000f00      0x1b4 ./src/library/middlewares/3rd_party/rtthread_nano/src/object.o
 .debug_frame   0x000010b4      0x1c8 ./src/library/middlewares/3rd_party/rtthread_nano/src/scheduler.o
 .debug_frame   0x0000127c      0x334 ./src/library/middlewares/3rd_party/rtthread_nano/src/thread.o
 .debug_frame   0x000015b0      0x26c ./src/library/middlewares/3rd_party/rtthread_nano/src/timer.o
 .debug_frame   0x0000181c      0x130 ./src/library/middlewares/3rd_party/rtthread_nano/libcpu/arm/cortex-m3/cpuport.o
 .debug_frame   0x0000194c      0x1f8 ./src/library/middlewares/3rd_party/rtthread_nano/components/finsh/cmd.o
 .debug_frame   0x00001b44      0x154 ./src/library/middlewares/3rd_party/rtthread_nano/components/finsh/msh.o
 .debug_frame   0x00001c98      0x190 ./src/library/middlewares/3rd_party/rtthread_nano/components/finsh/shell.o
 .debug_frame   0x00001e28       0xb8 ./src/library/middlewares/3rd_party/rtthread_nano/bsp/cm3/drivers/board.o
 .debug_frame   0x00001ee0      0x330 ./src/library/libraries/drivers/src/gw1ns4c_gpio.o
 .debug_frame   0x00002210      0x354 ./src/library/libraries/drivers/src/gw1ns4c_uart.o
 .debug_frame   0x00002564       0x50 ./src/library/libraries/cmsis/cm3/device_support/system_gw1ns4c.o
 .debug_frame   0x000025b4       0x28 d:/gmd/toolchain/arm_toolchain/bin/../lib/gcc/arm-none-eabi/8.3.1/../../../../arm-none-eabi/lib/thumb/v7-m/nofp\libg.a(lib_a-exit.o)
 .debug_frame   0x000025dc       0x38 d:/gmd/toolchain/arm_toolchain/bin/../lib/gcc/arm-none-eabi/8.3.1/../../../../arm-none-eabi/lib/thumb/v7-m/nofp\libg.a(lib_a-memset.o)
 .debug_frame   0x00002614       0x20 d:/gmd/toolchain/arm_toolchain/bin/../lib/gcc/arm-none-eabi/8.3.1/../../../../arm-none-eabi/lib/thumb/v7-m/nofp\libg.a(lib_a-strlen-stub.o)
 .debug_frame   0x00002634       0x48 d:/gmd/toolchain/arm_toolchain/bin/../lib/gcc/arm-none-eabi/8.3.1/../../../../arm-none-eabi/lib/thumb/v7-m/nofp\libg.a(lib_a-strncmp.o)
 .debug_frame   0x0000267c       0x38 d:/gmd/toolchain/arm_toolchain/bin/../lib/gcc/arm-none-eabi/8.3.1/../../../../arm-none-eabi/lib/thumb/v7-m/nofp\libg.a(lib_a-strncpy.o)
 .debug_frame   0x000026b4       0x5c d:/gmd/toolchain/arm_toolchain/bin/../lib/gcc/arm-none-eabi/8.3.1/../../../../arm-none-eabi/lib/thumb/v7-m/nofp\libg.a(lib_a-__call_atexit.o)
 .debug_frame   0x00002710       0xb0 d:/gmd/toolchain/arm_toolchain/bin/../lib/gcc/arm-none-eabi/8.3.1/../../../../arm-none-eabi/lib/thumb/v7-m/nofp\libg.a(lib_a-lock.o)
 .debug_frame   0x000027c0       0x20 d:/gmd/toolchain/arm_toolchain/bin/../lib/gcc/arm-none-eabi/8.3.1/../../../../arm-none-eabi/lib/thumb/v7-m/nofp\libnosys.a(_exit.o)
