C51 COMPILER V9.56.0.0   PWM                                                               03/27/2024 14:38:11 PAGE 1   


C51 COMPILER V9.56.0.0, COMPILATION OF MODULE PWM
OBJECT MODULE PLACED IN .\Objects\pwm.obj
COMPILER INVOKED BY: C:\Keil_v5\C51\BIN\C51.EXE Source\pwm.c OPTIMIZE(8,SPEED) BROWSE INCDIR(.\Source;.\Source;.\Source\
                    -Buzzer;.\Source\CHRG;.\Source\KEY;.\Source\Timer;.\Source\IIC;.\Source\USER;.\Source\SYS;.\Source\UART;.\Source\LCD;.\So
                    -urce\LED;.\Source\INC;.\Source\InfraRed;.\Source\ISP;.\Source\WS2811;.\Source\RF;.\Hardware\SN8F5702_Hardware\inc;.\Sour
                    -ce\AHT10) DEBUG OBJECTEXTEND PRINT(.\Listings\pwm.lst) TABS(2) OBJECT(.\Objects\pwm.obj)

line level    source

   1          #include "mcu.h"
   2          #include "pwm.h"
   3          
   4          
   5          code uint16_t musical_tab[10]= {63866,64033,64200,64367,64534,64701,64848,65035,65202,65369};  //0~F
   6          
   7          
   8          uint16_t t2_load_value;
   9          
  10          /***********************************************************
  11          **Function name   :
  12          **
  13          **Input parameter : 
  14          **
  15          **Input parameter :
  16          **
  17          **Description     :Configure io for display nixie tube
  18          ***********************************************************/
  19          void buzzer_pwm_config()
  20          {
  21   1      
  22   1        buzzer_fre_set(9);
  23   1        T2CON = 0x41;
  24   1      
  25   1        CCEN = 0X02;
  26   1        
  27   1        TH2 = t2_load_value>>8;
  28   1        TL2 = t2_load_value;
  29   1        ET2 = 1;
  30   1      }
  31          void T2COM0Interrupt(void) interrupt ISRTimer2 
  32          {
  33   1        TH2 = t2_load_value>>8;
  34   1        TL2 = t2_load_value;
  35   1        TF2 = 0;
  36   1      }
  37          /***********************************************************
  38          **Function name   :
  39          **
  40          **Input parameter : level 0-9
  41          **
  42          **Input parameter :
  43          **
  44          **Description     :buzzer Frequency setting
  45          ***********************************************************/
  46          void buzzer_fre_set(uint8_t lv)
  47          {
  48   1      
  49   1        t2_load_value = musical_tab[lv];
  50   1        CRCH =(t2_load_value +(65536-t2_load_value)/2) >> 8;
  51   1        CRCL =(t2_load_value +(65536-t2_load_value)/2);
  52   1      }
C51 COMPILER V9.56.0.0   PWM                                                               03/27/2024 14:38:11 PAGE 2   



MODULE INFORMATION:   STATIC OVERLAYABLE
   CODE SIZE        =    157    ----
   CONSTANT SIZE    =     20    ----
   XDATA SIZE       =   ----    ----
   PDATA SIZE       =   ----    ----
   DATA SIZE        =      2    ----
   IDATA SIZE       =   ----    ----
   BIT SIZE         =   ----    ----
END OF MODULE INFORMATION.


C51 COMPILATION COMPLETE.  0 WARNING(S),  0 ERROR(S)
