<!doctype html public "-//w3c//dtd html 4.0 transitional//en">
<html><head>
<title>Static Call Graph - [.\obj\SN32F400.axf]</title></head>
<body><HR>
<H1>Static Call Graph for image .\obj\SN32F400.axf</H1><HR>
<BR><P>#&#060CALLGRAPH&#062# ARM Linker, 6240002: Last Updated: Wed May  6 15:22:41 2026
<BR><P>
<H3>Maximum Stack Usage =         40 bytes + Unknown(Cycles, Untraceable Function Pointers)</H3><H3>
Call chain for Maximum Stack Depth:</H3>
main &rArr; SYS0_SystemClockSwitch
<P>
<H3>
Mutually Recursive functions
</H3> <LI><a href="#[1]">NMI_Handler</a>&nbsp;&nbsp;&nbsp;&rArr;&nbsp;&nbsp;&nbsp;<a href="#[1]">NMI_Handler</a><BR>
 <LI><a href="#[3]">SVC_Handler</a>&nbsp;&nbsp;&nbsp;&rArr;&nbsp;&nbsp;&nbsp;<a href="#[3]">SVC_Handler</a><BR>
 <LI><a href="#[4]">PendSV_Handler</a>&nbsp;&nbsp;&nbsp;&rArr;&nbsp;&nbsp;&nbsp;<a href="#[4]">PendSV_Handler</a><BR>
 <LI><a href="#[5]">SysTick_Handler</a>&nbsp;&nbsp;&nbsp;&rArr;&nbsp;&nbsp;&nbsp;<a href="#[5]">SysTick_Handler</a><BR>
 <LI><a href="#[17]">ADC_IRQHandler</a>&nbsp;&nbsp;&nbsp;&rArr;&nbsp;&nbsp;&nbsp;<a href="#[17]">ADC_IRQHandler</a><BR>
</UL>
<P>
<H3>
Function Pointers
</H3><UL>
 <LI><a href="#[17]">ADC_IRQHandler</a> from startup_sn32f400.o(.text) referenced from startup_sn32f400.o(RESET)
 <LI><a href="#[12]">ATAN_IRQHandler</a> from startup_sn32f400.o(.text) referenced from startup_sn32f400.o(RESET)
 <LI><a href="#[1a]">CMP0_IRQHandler</a> from startup_sn32f400.o(.text) referenced from startup_sn32f400.o(RESET)
 <LI><a href="#[11]">CMP1_IRQHandler</a> from startup_sn32f400.o(.text) referenced from startup_sn32f400.o(RESET)
 <LI><a href="#[b]">CMP2_IRQHandler</a> from startup_sn32f400.o(.text) referenced from startup_sn32f400.o(RESET)
 <LI><a href="#[8]">CMP3_IRQHandler</a> from startup_sn32f400.o(.text) referenced from startup_sn32f400.o(RESET)
 <LI><a href="#[e]">CT16B0_IRQHandler</a> from startup_sn32f400.o(.text) referenced from startup_sn32f400.o(RESET)
 <LI><a href="#[f]">CT16B1_IRQHandler</a> from startup_sn32f400.o(.text) referenced from startup_sn32f400.o(RESET)
 <LI><a href="#[14]">CT16B5_IRQHandler</a> from startup_sn32f400.o(.text) referenced from startup_sn32f400.o(RESET)
 <LI><a href="#[13]">DIV_IRQHandler</a> from startup_sn32f400.o(.text) referenced from startup_sn32f400.o(RESET)
 <LI><a href="#[7]">DMA_IRQHandler</a> from startup_sn32f400.o(.text) referenced from startup_sn32f400.o(RESET)
 <LI><a href="#[15]">FOC_IRQHandler</a> from startup_sn32f400.o(.text) referenced from startup_sn32f400.o(RESET)
 <LI><a href="#[2]">HardFault_Handler</a> from main.o(.text.HardFault_Handler) referenced from startup_sn32f400.o(RESET)
 <LI><a href="#[a]">I2C0_IRQHandler</a> from startup_sn32f400.o(.text) referenced from startup_sn32f400.o(RESET)
 <LI><a href="#[19]">LVD_IRQHandler</a> from sys_con_drive.o(.text.LVD_IRQHandler) referenced from startup_sn32f400.o(RESET)
 <LI><a href="#[6]">NDT_IRQHandler</a> from startup_sn32f400.o(.text) referenced from startup_sn32f400.o(RESET)
 <LI><a href="#[1]">NMI_Handler</a> from startup_sn32f400.o(.text) referenced from startup_sn32f400.o(RESET)
 <LI><a href="#[1e]">P0_IRQHandler</a> from startup_sn32f400.o(.text) referenced from startup_sn32f400.o(RESET)
 <LI><a href="#[1d]">P1_IRQHandler</a> from startup_sn32f400.o(.text) referenced from startup_sn32f400.o(RESET)
 <LI><a href="#[1c]">P2_IRQHandler</a> from startup_sn32f400.o(.text) referenced from startup_sn32f400.o(RESET)
 <LI><a href="#[1b]">P3_IRQHandler</a> from startup_sn32f400.o(.text) referenced from startup_sn32f400.o(RESET)
 <LI><a href="#[4]">PendSV_Handler</a> from startup_sn32f400.o(.text) referenced from startup_sn32f400.o(RESET)
 <LI><a href="#[16]">RTC_IRQHandler</a> from startup_sn32f400.o(.text) referenced from startup_sn32f400.o(RESET)
 <LI><a href="#[0]">Reset_Handler</a> from startup_sn32f400.o(.text) referenced from startup_sn32f400.o(RESET)
 <LI><a href="#[9]">SPI0_IRQHandler</a> from startup_sn32f400.o(.text) referenced from startup_sn32f400.o(RESET)
 <LI><a href="#[10]">SQRT_IRQHandler</a> from startup_sn32f400.o(.text) referenced from startup_sn32f400.o(RESET)
 <LI><a href="#[3]">SVC_Handler</a> from startup_sn32f400.o(.text) referenced from startup_sn32f400.o(RESET)
 <LI><a href="#[5]">SysTick_Handler</a> from startup_sn32f400.o(.text) referenced from startup_sn32f400.o(RESET)
 <LI><a href="#[c]">UART0_IRQHandler</a> from startup_sn32f400.o(.text) referenced from startup_sn32f400.o(RESET)
 <LI><a href="#[d]">UART1_IRQHandler</a> from startup_sn32f400.o(.text) referenced from startup_sn32f400.o(RESET)
 <LI><a href="#[18]">WDT_IRQHandler</a> from startup_sn32f400.o(.text) referenced from startup_sn32f400.o(RESET)
 <LI><a href="#[20]">__main</a> from entry.o(.ARM.Collect$$$$00000000) referenced from startup_sn32f400.o(.text)
 <LI><a href="#[1f]">main</a> from main.o(.text.main) referenced from entry9a.o(.ARM.Collect$$$$0000000B)
</UL>
<P>
<H3>
Global Symbols
</H3>
<P><STRONG><a name="[20]"></a>__main</STRONG> (Thumb, 0 bytes, Stack size unknown bytes, entry.o(.ARM.Collect$$$$00000000))
<BR>[Address Reference Count : 1]<UL><LI> startup_sn32f400.o(.text)
</UL>
<P><STRONG><a name="[2b]"></a>_main_stk</STRONG> (Thumb, 0 bytes, Stack size unknown bytes, entry2.o(.ARM.Collect$$$$00000001))

<P><STRONG><a name="[21]"></a>_main_scatterload</STRONG> (Thumb, 0 bytes, Stack size unknown bytes, entry5.o(.ARM.Collect$$$$00000004))
<BR><BR>[Calls]<UL><LI><a href="#[22]">&gt;&gt;</a>&nbsp;&nbsp;&nbsp;__scatterload
</UL>

<P><STRONG><a name="[23]"></a>__main_after_scatterload</STRONG> (Thumb, 0 bytes, Stack size unknown bytes, entry5.o(.ARM.Collect$$$$00000004))
<BR><BR>[Called By]<UL><LI><a href="#[22]">&gt;&gt;</a>&nbsp;&nbsp;&nbsp;__scatterload
</UL>

<P><STRONG><a name="[2c]"></a>_main_clock</STRONG> (Thumb, 0 bytes, Stack size unknown bytes, entry7b.o(.ARM.Collect$$$$00000008))

<P><STRONG><a name="[2d]"></a>_main_cpp_init</STRONG> (Thumb, 0 bytes, Stack size unknown bytes, entry8b.o(.ARM.Collect$$$$0000000A))

<P><STRONG><a name="[2e]"></a>_main_init</STRONG> (Thumb, 0 bytes, Stack size unknown bytes, entry9a.o(.ARM.Collect$$$$0000000B))

<P><STRONG><a name="[2f]"></a>__rt_final_cpp</STRONG> (Thumb, 0 bytes, Stack size unknown bytes, entry10a.o(.ARM.Collect$$$$0000000D))

<P><STRONG><a name="[30]"></a>__rt_final_exit</STRONG> (Thumb, 0 bytes, Stack size unknown bytes, entry11a.o(.ARM.Collect$$$$0000000F))

<P><STRONG><a name="[0]"></a>Reset_Handler</STRONG> (Thumb, 10 bytes, Stack size 0 bytes, startup_sn32f400.o(.text))
<BR>[Address Reference Count : 1]<UL><LI> startup_sn32f400.o(RESET)
</UL>
<P><STRONG><a name="[1]"></a>NMI_Handler</STRONG> (Thumb, 2 bytes, Stack size 0 bytes, startup_sn32f400.o(.text))
<BR><BR>[Calls]<UL><LI><a href="#[1]">&gt;&gt;</a>&nbsp;&nbsp;&nbsp;NMI_Handler
</UL>
<BR>[Called By]<UL><LI><a href="#[1]">&gt;&gt;</a>&nbsp;&nbsp;&nbsp;NMI_Handler
</UL>
<BR>[Address Reference Count : 1]<UL><LI> startup_sn32f400.o(RESET)
</UL>
<P><STRONG><a name="[3]"></a>SVC_Handler</STRONG> (Thumb, 2 bytes, Stack size 0 bytes, startup_sn32f400.o(.text))
<BR><BR>[Calls]<UL><LI><a href="#[3]">&gt;&gt;</a>&nbsp;&nbsp;&nbsp;SVC_Handler
</UL>
<BR>[Called By]<UL><LI><a href="#[3]">&gt;&gt;</a>&nbsp;&nbsp;&nbsp;SVC_Handler
</UL>
<BR>[Address Reference Count : 1]<UL><LI> startup_sn32f400.o(RESET)
</UL>
<P><STRONG><a name="[4]"></a>PendSV_Handler</STRONG> (Thumb, 2 bytes, Stack size 0 bytes, startup_sn32f400.o(.text))
<BR><BR>[Calls]<UL><LI><a href="#[4]">&gt;&gt;</a>&nbsp;&nbsp;&nbsp;PendSV_Handler
</UL>
<BR>[Called By]<UL><LI><a href="#[4]">&gt;&gt;</a>&nbsp;&nbsp;&nbsp;PendSV_Handler
</UL>
<BR>[Address Reference Count : 1]<UL><LI> startup_sn32f400.o(RESET)
</UL>
<P><STRONG><a name="[5]"></a>SysTick_Handler</STRONG> (Thumb, 2 bytes, Stack size 0 bytes, startup_sn32f400.o(.text))
<BR><BR>[Calls]<UL><LI><a href="#[5]">&gt;&gt;</a>&nbsp;&nbsp;&nbsp;SysTick_Handler
</UL>
<BR>[Called By]<UL><LI><a href="#[5]">&gt;&gt;</a>&nbsp;&nbsp;&nbsp;SysTick_Handler
</UL>
<BR>[Address Reference Count : 1]<UL><LI> startup_sn32f400.o(RESET)
</UL>
<P><STRONG><a name="[17]"></a>ADC_IRQHandler</STRONG> (Thumb, 0 bytes, Stack size 0 bytes, startup_sn32f400.o(.text))
<BR><BR>[Calls]<UL><LI><a href="#[17]">&gt;&gt;</a>&nbsp;&nbsp;&nbsp;ADC_IRQHandler
</UL>
<BR>[Called By]<UL><LI><a href="#[17]">&gt;&gt;</a>&nbsp;&nbsp;&nbsp;ADC_IRQHandler
</UL>
<BR>[Address Reference Count : 1]<UL><LI> startup_sn32f400.o(RESET)
</UL>
<P><STRONG><a name="[12]"></a>ATAN_IRQHandler</STRONG> (Thumb, 0 bytes, Stack size 0 bytes, startup_sn32f400.o(.text))
<BR>[Address Reference Count : 1]<UL><LI> startup_sn32f400.o(RESET)
</UL>
<P><STRONG><a name="[1a]"></a>CMP0_IRQHandler</STRONG> (Thumb, 0 bytes, Stack size 0 bytes, startup_sn32f400.o(.text))
<BR>[Address Reference Count : 1]<UL><LI> startup_sn32f400.o(RESET)
</UL>
<P><STRONG><a name="[11]"></a>CMP1_IRQHandler</STRONG> (Thumb, 0 bytes, Stack size 0 bytes, startup_sn32f400.o(.text))
<BR>[Address Reference Count : 1]<UL><LI> startup_sn32f400.o(RESET)
</UL>
<P><STRONG><a name="[b]"></a>CMP2_IRQHandler</STRONG> (Thumb, 0 bytes, Stack size 0 bytes, startup_sn32f400.o(.text))
<BR>[Address Reference Count : 1]<UL><LI> startup_sn32f400.o(RESET)
</UL>
<P><STRONG><a name="[8]"></a>CMP3_IRQHandler</STRONG> (Thumb, 0 bytes, Stack size 0 bytes, startup_sn32f400.o(.text))
<BR>[Address Reference Count : 1]<UL><LI> startup_sn32f400.o(RESET)
</UL>
<P><STRONG><a name="[e]"></a>CT16B0_IRQHandler</STRONG> (Thumb, 0 bytes, Stack size 0 bytes, startup_sn32f400.o(.text))
<BR>[Address Reference Count : 1]<UL><LI> startup_sn32f400.o(RESET)
</UL>
<P><STRONG><a name="[f]"></a>CT16B1_IRQHandler</STRONG> (Thumb, 0 bytes, Stack size 0 bytes, startup_sn32f400.o(.text))
<BR>[Address Reference Count : 1]<UL><LI> startup_sn32f400.o(RESET)
</UL>
<P><STRONG><a name="[14]"></a>CT16B5_IRQHandler</STRONG> (Thumb, 0 bytes, Stack size 0 bytes, startup_sn32f400.o(.text))
<BR>[Address Reference Count : 1]<UL><LI> startup_sn32f400.o(RESET)
</UL>
<P><STRONG><a name="[13]"></a>DIV_IRQHandler</STRONG> (Thumb, 0 bytes, Stack size 0 bytes, startup_sn32f400.o(.text))
<BR>[Address Reference Count : 1]<UL><LI> startup_sn32f400.o(RESET)
</UL>
<P><STRONG><a name="[7]"></a>DMA_IRQHandler</STRONG> (Thumb, 0 bytes, Stack size 0 bytes, startup_sn32f400.o(.text))
<BR>[Address Reference Count : 1]<UL><LI> startup_sn32f400.o(RESET)
</UL>
<P><STRONG><a name="[15]"></a>FOC_IRQHandler</STRONG> (Thumb, 0 bytes, Stack size 0 bytes, startup_sn32f400.o(.text))
<BR>[Address Reference Count : 1]<UL><LI> startup_sn32f400.o(RESET)
</UL>
<P><STRONG><a name="[a]"></a>I2C0_IRQHandler</STRONG> (Thumb, 0 bytes, Stack size 0 bytes, startup_sn32f400.o(.text))
<BR>[Address Reference Count : 1]<UL><LI> startup_sn32f400.o(RESET)
</UL>
<P><STRONG><a name="[6]"></a>NDT_IRQHandler</STRONG> (Thumb, 0 bytes, Stack size 0 bytes, startup_sn32f400.o(.text))
<BR>[Address Reference Count : 1]<UL><LI> startup_sn32f400.o(RESET)
</UL>
<P><STRONG><a name="[1e]"></a>P0_IRQHandler</STRONG> (Thumb, 0 bytes, Stack size 0 bytes, startup_sn32f400.o(.text))
<BR>[Address Reference Count : 1]<UL><LI> startup_sn32f400.o(RESET)
</UL>
<P><STRONG><a name="[1d]"></a>P1_IRQHandler</STRONG> (Thumb, 0 bytes, Stack size 0 bytes, startup_sn32f400.o(.text))
<BR>[Address Reference Count : 1]<UL><LI> startup_sn32f400.o(RESET)
</UL>
<P><STRONG><a name="[1c]"></a>P2_IRQHandler</STRONG> (Thumb, 0 bytes, Stack size 0 bytes, startup_sn32f400.o(.text))
<BR>[Address Reference Count : 1]<UL><LI> startup_sn32f400.o(RESET)
</UL>
<P><STRONG><a name="[1b]"></a>P3_IRQHandler</STRONG> (Thumb, 0 bytes, Stack size 0 bytes, startup_sn32f400.o(.text))
<BR>[Address Reference Count : 1]<UL><LI> startup_sn32f400.o(RESET)
</UL>
<P><STRONG><a name="[16]"></a>RTC_IRQHandler</STRONG> (Thumb, 0 bytes, Stack size 0 bytes, startup_sn32f400.o(.text))
<BR>[Address Reference Count : 1]<UL><LI> startup_sn32f400.o(RESET)
</UL>
<P><STRONG><a name="[9]"></a>SPI0_IRQHandler</STRONG> (Thumb, 0 bytes, Stack size 0 bytes, startup_sn32f400.o(.text))
<BR>[Address Reference Count : 1]<UL><LI> startup_sn32f400.o(RESET)
</UL>
<P><STRONG><a name="[10]"></a>SQRT_IRQHandler</STRONG> (Thumb, 0 bytes, Stack size 0 bytes, startup_sn32f400.o(.text))
<BR>[Address Reference Count : 1]<UL><LI> startup_sn32f400.o(RESET)
</UL>
<P><STRONG><a name="[c]"></a>UART0_IRQHandler</STRONG> (Thumb, 0 bytes, Stack size 0 bytes, startup_sn32f400.o(.text))
<BR>[Address Reference Count : 1]<UL><LI> startup_sn32f400.o(RESET)
</UL>
<P><STRONG><a name="[d]"></a>UART1_IRQHandler</STRONG> (Thumb, 0 bytes, Stack size 0 bytes, startup_sn32f400.o(.text))
<BR>[Address Reference Count : 1]<UL><LI> startup_sn32f400.o(RESET)
</UL>
<P><STRONG><a name="[18]"></a>WDT_IRQHandler</STRONG> (Thumb, 0 bytes, Stack size 0 bytes, startup_sn32f400.o(.text))
<BR>[Address Reference Count : 1]<UL><LI> startup_sn32f400.o(RESET)
</UL>
<P><STRONG><a name="[22]"></a>__scatterload</STRONG> (Thumb, 38 bytes, Stack size 0 bytes, init.o(.text))
<BR><BR>[Calls]<UL><LI><a href="#[23]">&gt;&gt;</a>&nbsp;&nbsp;&nbsp;__main_after_scatterload
</UL>
<BR>[Called By]<UL><LI><a href="#[21]">&gt;&gt;</a>&nbsp;&nbsp;&nbsp;_main_scatterload
</UL>

<P><STRONG><a name="[31]"></a>__scatterload_rt2</STRONG> (Thumb, 0 bytes, Stack size 0 bytes, init.o(.text), UNUSED)

<P><STRONG><a name="[2]"></a>HardFault_Handler</STRONG> (Thumb, 4 bytes, Stack size 0 bytes, main.o(.text.HardFault_Handler))
<BR><BR>[Calls]<UL><LI><a href="#[24]">&gt;&gt;</a>&nbsp;&nbsp;&nbsp;__NVIC_SystemReset
</UL>
<BR>[Address Reference Count : 1]<UL><LI> startup_sn32f400.o(RESET)
</UL>
<P><STRONG><a name="[19]"></a>LVD_IRQHandler</STRONG> (Thumb, 12 bytes, Stack size 0 bytes, sys_con_drive.o(.text.LVD_IRQHandler))
<BR>[Address Reference Count : 1]<UL><LI> startup_sn32f400.o(RESET)
</UL>
<P><STRONG><a name="[26]"></a>NotPinOut_GPIO_init</STRONG> (Thumb, 2 bytes, Stack size 0 bytes, main.o(.text.NotPinOut_GPIO_init))
<BR><BR>[Called By]<UL><LI><a href="#[1f]">&gt;&gt;</a>&nbsp;&nbsp;&nbsp;main
</UL>

<P><STRONG><a name="[25]"></a>PFPA_Init</STRONG> (Thumb, 40 bytes, Stack size 0 bytes, pfpa.o(.text.PFPA_Init))
<BR><BR>[Called By]<UL><LI><a href="#[1f]">&gt;&gt;</a>&nbsp;&nbsp;&nbsp;main
</UL>

<P><STRONG><a name="[27]"></a>SYS0_EnableIHRC</STRONG> (Thumb, 120 bytes, Stack size 8 bytes, sys_con_drive.o(.text.SYS0_EnableIHRC))
<BR><BR>[Stack]<UL><LI>Max Depth = 8<LI>Call Chain = SYS0_EnableIHRC
</UL>
<BR>[Called By]<UL><LI><a href="#[1f]">&gt;&gt;</a>&nbsp;&nbsp;&nbsp;main
</UL>

<P><STRONG><a name="[28]"></a>SYS0_SystemClockSwitch</STRONG> (Thumb, 180 bytes, Stack size 16 bytes, sys_con_drive.o(.text.SYS0_SystemClockSwitch))
<BR><BR>[Stack]<UL><LI>Max Depth = 16<LI>Call Chain = SYS0_SystemClockSwitch
</UL>
<BR>[Called By]<UL><LI><a href="#[1f]">&gt;&gt;</a>&nbsp;&nbsp;&nbsp;main
</UL>

<P><STRONG><a name="[29]"></a>SYS0_SystemCoreClockUpdate</STRONG> (Thumb, 56 bytes, Stack size 4 bytes, sys_con_drive.o(.text.SYS0_SystemCoreClockUpdate))
<BR><BR>[Stack]<UL><LI>Max Depth = 4<LI>Call Chain = SYS0_SystemCoreClockUpdate
</UL>
<BR>[Called By]<UL><LI><a href="#[1f]">&gt;&gt;</a>&nbsp;&nbsp;&nbsp;main
</UL>

<P><STRONG><a name="[2a]"></a>SYS1_EnableClockout</STRONG> (Thumb, 44 bytes, Stack size 8 bytes, sys_con_drive.o(.text.SYS1_EnableClockout))
<BR><BR>[Stack]<UL><LI>Max Depth = 8<LI>Call Chain = SYS1_EnableClockout
</UL>
<BR>[Called By]<UL><LI><a href="#[1f]">&gt;&gt;</a>&nbsp;&nbsp;&nbsp;main
</UL>

<P><STRONG><a name="[1f]"></a>main</STRONG> (Thumb, 56 bytes, Stack size 24 bytes, main.o(.text.main))
<BR><BR>[Stack]<UL><LI>Max Depth = 40<LI>Call Chain = main &rArr; SYS0_SystemClockSwitch
</UL>
<BR>[Calls]<UL><LI><a href="#[2a]">&gt;&gt;</a>&nbsp;&nbsp;&nbsp;SYS1_EnableClockout
<LI><a href="#[29]">&gt;&gt;</a>&nbsp;&nbsp;&nbsp;SYS0_SystemCoreClockUpdate
<LI><a href="#[28]">&gt;&gt;</a>&nbsp;&nbsp;&nbsp;SYS0_SystemClockSwitch
<LI><a href="#[27]">&gt;&gt;</a>&nbsp;&nbsp;&nbsp;SYS0_EnableIHRC
<LI><a href="#[26]">&gt;&gt;</a>&nbsp;&nbsp;&nbsp;NotPinOut_GPIO_init
<LI><a href="#[25]">&gt;&gt;</a>&nbsp;&nbsp;&nbsp;PFPA_Init
</UL>
<BR>[Address Reference Count : 1]<UL><LI> entry9a.o(.ARM.Collect$$$$0000000B)
</UL>
<P><STRONG><a name="[32]"></a>__scatterload_copy</STRONG> (Thumb, 14 bytes, Stack size unknown bytes, handlers.o(i.__scatterload_copy), UNUSED)

<P><STRONG><a name="[33]"></a>__scatterload_null</STRONG> (Thumb, 2 bytes, Stack size unknown bytes, handlers.o(i.__scatterload_null), UNUSED)

<P><STRONG><a name="[34]"></a>__scatterload_zeroinit</STRONG> (Thumb, 14 bytes, Stack size unknown bytes, handlers.o(i.__scatterload_zeroinit), UNUSED)
<P>
<H3>
Local Symbols
</H3>
<P><STRONG><a name="[24]"></a>__NVIC_SystemReset</STRONG> (Thumb, 20 bytes, Stack size 0 bytes, main.o(.text.__NVIC_SystemReset))
<BR><BR>[Called By]<UL><LI><a href="#[2]">&gt;&gt;</a>&nbsp;&nbsp;&nbsp;HardFault_Handler
</UL>
<P>
<H3>
Undefined Global Symbols
</H3><HR></body></html>
