C51 COMPILER V9.56.0.0   TIMER0                                                            03/26/2024 09:21:48 PAGE 1   


C51 COMPILER V9.56.0.0, COMPILATION OF MODULE TIMER0
OBJECT MODULE PLACED IN .\Objects\timer0.obj
COMPILER INVOKED BY: C:\Keil_v5\C51\BIN\C51.EXE Source\timer0.c OPTIMIZE(8,SPEED) BROWSE INCDIR(.\Source;.\Source;.\Sour
                    -ce\Buzzer;.\Source\CHRG;.\Source\KEY;.\Source\Timer;.\Source\IIC;.\Source\USER;.\Source\SYS;.\Source\UART;.\Source\LCD;.
                    -\Source\LED;.\Source\INC;.\Source\InfraRed;.\Source\ISP;.\Source\WS2811;.\Source\RF;.\Hardware\SN8F5702_Hardware\inc;.\S
                    -ource\AHT10) DEBUG OBJECTEXTEND PRINT(.\Listings\timer0.lst) TABS(2) OBJECT(.\Objects\timer0.obj)

line level    source

   1          #include "timer0.h"
   2          #include "7segment_led.h"
   3          uint16_t count_1s;
   4          /***********************************************************
   5          **Function name   :timer0_config()
   6          **
   7          **Input parameter : 
   8          **
   9          **Input parameter :
  10          **
  11          **Description     :Configure T0 1mS
  12          ***********************************************************/
  13          void timer0_config(void)
  14          {
  15   1        TMOD = 0x05;          //mode 1 16 bit timer0 
  16   1        TCON0 = 0x20;         // fexto /32 = 32MHZ/32
  17   1        TH0 = (65536 - 1000)>>8;             
  18   1        TL0 = (65536 - 1000);                 
  19   1        TR0 = 1;                      
  20   1        ET0 = 1;   
  21   1        EAL = 1;
  22   1      }
  23          
  24          /***********************************************************
  25          **Function name   :
  26          **
  27          **Input parameter : 
  28          **
  29          **Input parameter :
  30          **
  31          **Description     :
  32          ***********************************************************/
  33          void timer0_isr(void) interrupt ISRTimer0   // Vector @  0x0B
  34          {
  35   1        TH0 = (65536 - 1000)>>8;    //        
  36   1        TL0 = (65536 - 1000);    
  37   1        if(++count_1s > 1000) // 1000* 1MS = 1S
  38   1        {
  39   2          count_1s = 0;
  40   2          if(sys_count == 0)
  41   2            sys_count = 9999 ;
  42   2          else
  43   2            sys_count -- ;
  44   2        }
  45   1      }
  46          


MODULE INFORMATION:   STATIC OVERLAYABLE
   CODE SIZE        =     79    ----
   CONSTANT SIZE    =   ----    ----
   XDATA SIZE       =   ----    ----
C51 COMPILER V9.56.0.0   TIMER0                                                            03/26/2024 09:21:48 PAGE 2   

   PDATA SIZE       =   ----    ----
   DATA SIZE        =      2    ----
   IDATA SIZE       =   ----    ----
   BIT SIZE         =   ----    ----
END OF MODULE INFORMATION.


C51 COMPILATION COMPLETE.  0 WARNING(S),  0 ERROR(S)
