C51 COMPILER V9.56.0.0   UART                                                              03/15/2024 15:45:00 PAGE 1   


C51 COMPILER V9.56.0.0, COMPILATION OF MODULE UART
OBJECT MODULE PLACED IN .\Objects\uart.obj
COMPILER INVOKED BY: C:\Keil_v5\C51\BIN\C51.EXE Source\uart.c OPTIMIZE(8,SPEED) BROWSE INCDIR(.\Source;.\Source;.\Source
                    -\Buzzer;.\Source\CHRG;.\Source\KEY;.\Source\Timer;.\Source\IIC;.\Source\USER;.\Source\SYS;.\Source\UART;.\Source\LCD;.\S
                    -ource\LED;.\Source\INC;.\Source\InfraRed;.\Source\ISP;.\Source\WS2811;.\Source\RF;.\Hardware\SN8F5702_Hardware\inc;.\Sou
                    -rce\AHT10) DEBUG OBJECTEXTEND PRINT(.\Listings\uart.lst) TABS(2) OBJECT(.\Objects\uart.obj)

line level    source

   1          #include "mcu.h"
   2          #include "string.h"
   3          #include "uart.h"
   4          xdata uint8_t uart_rx_buff[UART_BUFF_LENGTH];
   5          xdata uint8_t uart_tx_buff[UART_BUFF_LENGTH];
   6          xdata uint8_t uart_rx_buff1[UART_BUFF_LENGTH];
   7          uint8_t uart_rx_time;
   8          uint8_t uart_rx_cnt;
   9          uint8_t uart_rx_cmd_flag;
  10          void uart_tx_data_RCR_verify(uint8_t* tx_arr,uint8_t length);
  11          /***********************************************************
  12          **函数名     :uart0_config(void)
  13          (void)
  14          **功能描述   :
  15          **
  16          **输入参数   :
  17          **
  18          **返回参数   :
  19          **
  20          **使用说明   :uart 配置mode1, P05 = TX  P06 = RX  波特率 9600 使能RX中断
  21          
  22          ***********************************************************/
  23          void uart0_config(void)
  24          { 
  25   1      
  26   1        P05 = 1;
  27   1        P0M |= 0x20;                                  
  28   1        P0M &= 0xbf;          //配置TX RX                       
  29   1        S0CON = 0X40 | 0X10; //选择MODE1, 使能UART接受
  30   1      
  31   1        PCON &= 0x7f;                                 
  32   1        S0CON2 |= 0X80;    //波特率由S0RELH/S0RELL产生
  33   1        S0RELH = 0x03;
  34   1        S0RELL = 0xF3;     // 9600
  35   1                                                      
  36   1        ES0 = 1;          //使能UART中断
  37   1      }
  38          /***********************************************************
  39          **函数名     :
  40          **功能描述   :
  41          **
  42          **输入参数   :
  43          **
  44          **返回参数   :
  45          **
  46          **使用说明   :uart接收中断服务函数
  47          ***********************************************************/
  48          void UART0rxISR(void) interrupt ISRUart
  49          {
  50   1        if((S0CON&0x01) == 1)
  51   1        {
  52   2          S0CON &= 0xfe;
C51 COMPILER V9.56.0.0   UART                                                              03/15/2024 15:45:00 PAGE 2   

  53   2          uart_rx_buff[uart_rx_cnt++] = S0BUF;
  54   2          if(uart_rx_cnt >= UART_BUFF_LENGTH)
  55   2            uart_rx_cnt = 0;
  56   2          uart_rx_time = 10;
  57   2        }
  58   1      }
  59          /***********************************************************
  60          **函数名     :
  61          **功能描述   :
  62          **
  63          **输入参数   :
  64          **
  65          **返回参数   :
  66          **
  67          **使用说明   :printf输出重定向到UART0,可以使用printf函数打印一些数据到PC
  68            char a = 1;
  69            int b  = 12365;
  70            long c = 0x7FFFFFFF;
  71          
  72            unsigned char x = 'A';
  73            unsigned int y  = 54321;
  74            unsigned long z = 0x4A6F6E00;
  75          
  76            float f = 10.0;
  77            float g = 22.95;
  78          
  79            char buf [] = "Test String";
  80            char *p = buf;
  81          
  82            printf ("char %bd int %d long %ld\n",a,b,c);
  83            printf ("Uchar %bu Uint %u Ulong %lu\n",x,y,z);
  84            printf ("xchar %bx xint %x xlong %lx\n",x,y,z);
  85            printf ("String %s is at address %p\n",buf,p);
  86            printf ("%f != %g\n", f, g);
  87            printf ("%*f != %*g\n", (int)8, f, (int)8, g);
  88          ***********************************************************/
  89          void putchar(uint8_t ch)
  90          {
  91   1         S0BUF = ch;
  92   1         while(!TI0);
  93   1         TI0 = 0;    
  94   1      }
  95          /***********************************************************
  96          /***********************************************************
  97          **函数名     :
  98          **功能描述   :
  99          **
 100          **输入参数   :
 101          **
 102          **返回参数   :
 103          **
 104          **使用说明   :UART0发送一包数据
 105          ***********************************************************/
 106          void uart_put_data(uint8_t *arr,uint8_t length)
 107          {
 108   1        uint8_t i;
 109   1        for(i= 0 ;i < length;i++)
 110   1        {
 111   2          S0BUF = arr[i];
 112   2          while(!TI0);
 113   2          TI0 = 0;    
 114   2        }
C51 COMPILER V9.56.0.0   UART                                                              03/15/2024 15:45:00 PAGE 3   

 115   1      }
 116          /***********************************************************
 117          **函数名     :
 118          **功能描述   :
 119          **
 120          **输入参数   :
 121          **
 122          **返回参数   :
 123          **
 124          **使用说明   :接收数据包倒计时,如果数据间隔超过10ms,认为当前数据包接收完毕
 125          ***********************************************************/
 126          void uart_rx_time_dec()
 127          {
 128   1        if(uart_rx_time > 0 ){
 129   2          if(--uart_rx_time == 0){ 
 130   3            uart_rx_cmd_flag = 1;  
 131   3            uart_put_data(uart_rx_buff,uart_rx_cnt);   //把接收到数据发送出去
 132   3            uart_rx_cnt = 0;
 133   3          }
 134   2        }
 135   1      }


MODULE INFORMATION:   STATIC OVERLAYABLE
   CODE SIZE        =    162    ----
   CONSTANT SIZE    =   ----    ----
   XDATA SIZE       =     96    ----
   PDATA SIZE       =   ----    ----
   DATA SIZE        =      3       3
   IDATA SIZE       =   ----    ----
   BIT SIZE         =   ----    ----
END OF MODULE INFORMATION.


C51 COMPILATION COMPLETE.  0 WARNING(S),  0 ERROR(S)
