Component: Arm Compiler for Embedded 6.24 Tool: armlink [5f371500]

==============================================================================

Section Cross References

    main.o(.text.main) refers to system_sn32f400.o(.text.SystemInit) for SystemInit
    main.o(.text.main) refers to system_sn32f400.o(.text.SystemCoreClockUpdate) for SystemCoreClockUpdate
    main.o(.text.main) refers to pfpa.o(.text.PFPA_Init) for PFPA_Init
    main.o(.text.main) refers to main.o(.text.NotPinOut_GPIO_init) for NotPinOut_GPIO_init
    main.o(.text.main) refers to main.o(.text.MN_CT16B0_Init) for MN_CT16B0_Init
    main.o(.text.main) refers to systick.o(.text.SysTick_Init) for SysTick_Init
    main.o(.text.main) refers to wdt.o(.text.WDT_Init) for WDT_Init
    main.o(.ARM.exidx.text.main) refers to main.o(.text.main) for [Anonymous Symbol]
    main.o(.ARM.exidx.text.NotPinOut_GPIO_init) refers to main.o(.text.NotPinOut_GPIO_init) for [Anonymous Symbol]
    main.o(.text.MN_CT16B0_Init) refers to ct16b0.o(.text.CT16B0_Init) for CT16B0_Init
    main.o(.text.MN_CT16B0_Init) refers to main.o(.text.__NVIC_ClearPendingIRQ) for __NVIC_ClearPendingIRQ
    main.o(.text.MN_CT16B0_Init) refers to ct16b0.o(.text.CT16B0_NvicEnable) for CT16B0_NvicEnable
    main.o(.ARM.exidx.text.MN_CT16B0_Init) refers to main.o(.text.MN_CT16B0_Init) for [Anonymous Symbol]
    main.o(.ARM.exidx.text.__NVIC_ClearPendingIRQ) refers to main.o(.text.__NVIC_ClearPendingIRQ) for [Anonymous Symbol]
    main.o(.text.HardFault_Handler) refers to main.o(.text.__NVIC_SystemReset) for __NVIC_SystemReset
    main.o(.ARM.exidx.text.HardFault_Handler) refers to main.o(.text.HardFault_Handler) for [Anonymous Symbol]
    main.o(.ARM.exidx.text.__NVIC_SystemReset) refers to main.o(.text.__NVIC_SystemReset) for [Anonymous Symbol]
    pfpa.o(.ARM.exidx.text.PFPA_Init) refers to pfpa.o(.text.PFPA_Init) for [Anonymous Symbol]
    systick.o(.text.SysTick_Init) refers to system_sn32f400.o(.text.SystemCoreClockUpdate) for SystemCoreClockUpdate
    systick.o(.text.SysTick_Init) refers to systick.o(.text.SysTick_ConfigTime) for SysTick_ConfigTime
    systick.o(.ARM.exidx.text.SysTick_Init) refers to systick.o(.text.SysTick_Init) for [Anonymous Symbol]
    systick.o(.text.SysTick_ConfigTime) refers to uidiv_div0.o(.text) for __aeabi_uidiv
    systick.o(.text.SysTick_ConfigTime) refers to system_sn32f400.o(.bss.SystemCoreClock) for SystemCoreClock
    systick.o(.ARM.exidx.text.SysTick_ConfigTime) refers to systick.o(.text.SysTick_ConfigTime) for [Anonymous Symbol]
    systick.o(.text.SysTick_Handler) refers to systick.o(.bss.SysTick_Handler.i) for [Anonymous Symbol]
    systick.o(.ARM.exidx.text.SysTick_Handler) refers to systick.o(.text.SysTick_Handler) for [Anonymous Symbol]
    ct16b0.o(.text.CT16B0_IRQHandler) refers to ct16b0.o(.bss.iwCT16B0_IrqEvent) for iwCT16B0_IrqEvent
    ct16b0.o(.text.CT16B0_IRQHandler) refers to ct16b0.o(.bss.CT16B0_IRQHandler.i) for [Anonymous Symbol]
    ct16b0.o(.ARM.exidx.text.CT16B0_IRQHandler) refers to ct16b0.o(.text.CT16B0_IRQHandler) for [Anonymous Symbol]
    ct16b0.o(.ARM.exidx.text.CT16B0_Init) refers to ct16b0.o(.text.CT16B0_Init) for [Anonymous Symbol]
    ct16b0.o(.text.CT16B0_NvicEnable) refers to ct16b0.o(.text.__NVIC_ClearPendingIRQ) for __NVIC_ClearPendingIRQ
    ct16b0.o(.text.CT16B0_NvicEnable) refers to ct16b0.o(.text.__NVIC_EnableIRQ) for __NVIC_EnableIRQ
    ct16b0.o(.ARM.exidx.text.CT16B0_NvicEnable) refers to ct16b0.o(.text.CT16B0_NvicEnable) for [Anonymous Symbol]
    ct16b0.o(.ARM.exidx.text.__NVIC_ClearPendingIRQ) refers to ct16b0.o(.text.__NVIC_ClearPendingIRQ) for [Anonymous Symbol]
    ct16b0.o(.ARM.exidx.text.__NVIC_EnableIRQ) refers to ct16b0.o(.text.__NVIC_EnableIRQ) for [Anonymous Symbol]
    ct16b0.o(.text.CT16B0_NvicDisable) refers to ct16b0.o(.text.__NVIC_DisableIRQ) for __NVIC_DisableIRQ
    ct16b0.o(.ARM.exidx.text.CT16B0_NvicDisable) refers to ct16b0.o(.text.CT16B0_NvicDisable) for [Anonymous Symbol]
    ct16b0.o(.ARM.exidx.text.__NVIC_DisableIRQ) refers to ct16b0.o(.text.__NVIC_DisableIRQ) for [Anonymous Symbol]
    wdt.o(.ARM.exidx.text.WDT_IRQHandler) refers to wdt.o(.text.WDT_IRQHandler) for [Anonymous Symbol]
    wdt.o(.text.WDT_Init) refers to wdt.o(.text.WDT_ReloadValue) for WDT_ReloadValue
    wdt.o(.ARM.exidx.text.WDT_Init) refers to wdt.o(.text.WDT_Init) for [Anonymous Symbol]
    wdt.o(.ARM.exidx.text.WDT_ReloadValue) refers to wdt.o(.text.WDT_ReloadValue) for [Anonymous Symbol]
    wdt.o(.text.WDT_NvicEnable) refers to wdt.o(.text.__NVIC_ClearPendingIRQ) for __NVIC_ClearPendingIRQ
    wdt.o(.text.WDT_NvicEnable) refers to wdt.o(.text.__NVIC_EnableIRQ) for __NVIC_EnableIRQ
    wdt.o(.text.WDT_NvicEnable) refers to wdt.o(.text.__NVIC_SetPriority) for __NVIC_SetPriority
    wdt.o(.ARM.exidx.text.WDT_NvicEnable) refers to wdt.o(.text.WDT_NvicEnable) for [Anonymous Symbol]
    wdt.o(.ARM.exidx.text.__NVIC_ClearPendingIRQ) refers to wdt.o(.text.__NVIC_ClearPendingIRQ) for [Anonymous Symbol]
    wdt.o(.ARM.exidx.text.__NVIC_EnableIRQ) refers to wdt.o(.text.__NVIC_EnableIRQ) for [Anonymous Symbol]
    wdt.o(.ARM.exidx.text.__NVIC_SetPriority) refers to wdt.o(.text.__NVIC_SetPriority) for [Anonymous Symbol]
    wdt.o(.text.WDT_NvicDisable) refers to wdt.o(.text.__NVIC_DisableIRQ) for __NVIC_DisableIRQ
    wdt.o(.ARM.exidx.text.WDT_NvicDisable) refers to wdt.o(.text.WDT_NvicDisable) for [Anonymous Symbol]
    wdt.o(.ARM.exidx.text.__NVIC_DisableIRQ) refers to wdt.o(.text.__NVIC_DisableIRQ) for [Anonymous Symbol]
    startup_sn32f400.o(RESET) refers to startup_sn32f400.o(STACK) for __initial_sp
    startup_sn32f400.o(RESET) refers to startup_sn32f400.o(.text) for Reset_Handler
    startup_sn32f400.o(RESET) refers to main.o(.text.HardFault_Handler) for HardFault_Handler
    startup_sn32f400.o(RESET) refers to systick.o(.text.SysTick_Handler) for SysTick_Handler
    startup_sn32f400.o(RESET) refers to ct16b0.o(.text.CT16B0_IRQHandler) for CT16B0_IRQHandler
    startup_sn32f400.o(RESET) refers to wdt.o(.text.WDT_IRQHandler) for WDT_IRQHandler
    startup_sn32f400.o(.text) refers to entry.o(.ARM.Collect$$$$00000000) for __main
    system_sn32f400.o(.text.SystemCoreClockUpdate) refers to uidiv_div0.o(.text) for __aeabi_uidiv
    system_sn32f400.o(.text.SystemCoreClockUpdate) refers to system_sn32f400.o(.bss.SystemCoreClock) for SystemCoreClock
    system_sn32f400.o(.ARM.exidx.text.SystemCoreClockUpdate) refers to system_sn32f400.o(.text.SystemCoreClockUpdate) for [Anonymous Symbol]
    system_sn32f400.o(.ARM.exidx.text.SystemInit) refers to system_sn32f400.o(.text.SystemInit) for [Anonymous Symbol]
    entry.o(.ARM.Collect$$$$00000000) refers (Special) to entry10a.o(.ARM.Collect$$$$0000000D) for __rt_final_cpp
    entry.o(.ARM.Collect$$$$00000000) refers (Special) to entry11a.o(.ARM.Collect$$$$0000000F) for __rt_final_exit
    entry.o(.ARM.Collect$$$$00000000) refers (Special) to entry7b.o(.ARM.Collect$$$$00000008) for _main_clock
    entry.o(.ARM.Collect$$$$00000000) refers (Special) to entry8b.o(.ARM.Collect$$$$0000000A) for _main_cpp_init
    entry.o(.ARM.Collect$$$$00000000) refers (Special) to entry9a.o(.ARM.Collect$$$$0000000B) for _main_init
    entry.o(.ARM.Collect$$$$00000000) refers (Special) to entry5.o(.ARM.Collect$$$$00000004) for _main_scatterload
    entry.o(.ARM.Collect$$$$00000000) refers (Special) to entry2.o(.ARM.Collect$$$$00000001) for _main_stk
    entry2.o(.ARM.Collect$$$$00000001) refers to entry2.o(.ARM.Collect$$$$00002712) for __lit__00000000
    entry2.o(.ARM.Collect$$$$00002712) refers to startup_sn32f400.o(STACK) for __initial_sp
    entry2.o(__vectab_stack_and_reset_area) refers to startup_sn32f400.o(STACK) for __initial_sp
    entry2.o(__vectab_stack_and_reset_area) refers to entry.o(.ARM.Collect$$$$00000000) for __main
    entry5.o(.ARM.Collect$$$$00000004) refers to init.o(.text) for __scatterload
    entry9a.o(.ARM.Collect$$$$0000000B) refers to main.o(.text.main) for main
    entry9b.o(.ARM.Collect$$$$0000000C) refers to main.o(.text.main) for main
    idiv_div0.o(.text) refers to uidiv_div0.o(.text) for __aeabi_uidivmod
    init.o(.text) refers to entry5.o(.ARM.Collect$$$$00000004) for __main_after_scatterload


==============================================================================

Removing Unused input sections from the image.

    Removing main.o(.text), (0 bytes).
    Removing main.o(.ARM.exidx.text.main), (8 bytes).
    Removing main.o(.ARM.exidx.text.NotPinOut_GPIO_init), (8 bytes).
    Removing main.o(.ARM.exidx.text.MN_CT16B0_Init), (8 bytes).
    Removing main.o(.ARM.exidx.text.__NVIC_ClearPendingIRQ), (8 bytes).
    Removing main.o(.ARM.exidx.text.HardFault_Handler), (8 bytes).
    Removing main.o(.ARM.exidx.text.__NVIC_SystemReset), (8 bytes).
    Removing main.o(.ARM.use_no_argv), (4 bytes).
    Removing pfpa.o(.text), (0 bytes).
    Removing pfpa.o(.ARM.exidx.text.PFPA_Init), (8 bytes).
    Removing systick.o(.text), (0 bytes).
    Removing systick.o(.ARM.exidx.text.SysTick_Init), (8 bytes).
    Removing systick.o(.ARM.exidx.text.SysTick_ConfigTime), (8 bytes).
    Removing systick.o(.ARM.exidx.text.SysTick_Handler), (8 bytes).
    Removing ct16b0.o(.text), (0 bytes).
    Removing ct16b0.o(.ARM.exidx.text.CT16B0_IRQHandler), (8 bytes).
    Removing ct16b0.o(.ARM.exidx.text.CT16B0_Init), (8 bytes).
    Removing ct16b0.o(.ARM.exidx.text.CT16B0_NvicEnable), (8 bytes).
    Removing ct16b0.o(.ARM.exidx.text.__NVIC_ClearPendingIRQ), (8 bytes).
    Removing ct16b0.o(.ARM.exidx.text.__NVIC_EnableIRQ), (8 bytes).
    Removing ct16b0.o(.text.CT16B0_NvicDisable), (10 bytes).
    Removing ct16b0.o(.ARM.exidx.text.CT16B0_NvicDisable), (8 bytes).
    Removing ct16b0.o(.text.__NVIC_DisableIRQ), (52 bytes).
    Removing ct16b0.o(.ARM.exidx.text.__NVIC_DisableIRQ), (8 bytes).
    Removing wdt.o(.text), (0 bytes).
    Removing wdt.o(.ARM.exidx.text.WDT_IRQHandler), (8 bytes).
    Removing wdt.o(.ARM.exidx.text.WDT_Init), (8 bytes).
    Removing wdt.o(.ARM.exidx.text.WDT_ReloadValue), (8 bytes).
    Removing wdt.o(.text.WDT_NvicEnable), (30 bytes).
    Removing wdt.o(.ARM.exidx.text.WDT_NvicEnable), (8 bytes).
    Removing wdt.o(.text.__NVIC_ClearPendingIRQ), (44 bytes).
    Removing wdt.o(.ARM.exidx.text.__NVIC_ClearPendingIRQ), (8 bytes).
    Removing wdt.o(.text.__NVIC_EnableIRQ), (44 bytes).
    Removing wdt.o(.ARM.exidx.text.__NVIC_EnableIRQ), (8 bytes).
    Removing wdt.o(.text.__NVIC_SetPriority), (132 bytes).
    Removing wdt.o(.ARM.exidx.text.__NVIC_SetPriority), (8 bytes).
    Removing wdt.o(.text.WDT_NvicDisable), (10 bytes).
    Removing wdt.o(.ARM.exidx.text.WDT_NvicDisable), (8 bytes).
    Removing wdt.o(.text.__NVIC_DisableIRQ), (52 bytes).
    Removing wdt.o(.ARM.exidx.text.__NVIC_DisableIRQ), (8 bytes).
    Removing startup_sn32f400.o(HEAP), (0 bytes).
    Removing system_sn32f400.o(.text), (0 bytes).
    Removing system_sn32f400.o(.ARM.exidx.text.SystemCoreClockUpdate), (8 bytes).
    Removing system_sn32f400.o(.ARM.exidx.text.SystemInit), (8 bytes).

44 unused section(s) (total 602 bytes) removed from the image.

==============================================================================

Image Symbol Table

    Local Symbols

    Symbol Name                              Value     Ov Type        Size  Object(Section)

    ../clib/division.s                       0x00000000   Number         0  aeabi_sdiv.o ABSOLUTE
    ../clib/division.s                       0x00000000   Number         0  aeabi_sdiv_div0.o ABSOLUTE
    ../clib/microlib/division.c              0x00000000   Number         0  uidiv.o ABSOLUTE
    ../clib/microlib/division.c              0x00000000   Number         0  uidiv_div0.o ABSOLUTE
    ../clib/microlib/division.c              0x00000000   Number         0  idiv_div0.o ABSOLUTE
    ../clib/microlib/division.c              0x00000000   Number         0  idiv0.o ABSOLUTE
    ../clib/microlib/init/entry.s            0x00000000   Number         0  entry.o ABSOLUTE
    ../clib/microlib/init/entry.s            0x00000000   Number         0  entry2.o ABSOLUTE
    ../clib/microlib/init/entry.s            0x00000000   Number         0  entry5.o ABSOLUTE
    ../clib/microlib/init/entry.s            0x00000000   Number         0  entry7a.o ABSOLUTE
    ../clib/microlib/init/entry.s            0x00000000   Number         0  entry7b.o ABSOLUTE
    ../clib/microlib/init/entry.s            0x00000000   Number         0  entry8a.o ABSOLUTE
    ../clib/microlib/init/entry.s            0x00000000   Number         0  entry8b.o ABSOLUTE
    ../clib/microlib/init/entry.s            0x00000000   Number         0  entry9a.o ABSOLUTE
    ../clib/microlib/init/entry.s            0x00000000   Number         0  entry9b.o ABSOLUTE
    ../clib/microlib/init/entry.s            0x00000000   Number         0  entry10a.o ABSOLUTE
    ../clib/microlib/init/entry.s            0x00000000   Number         0  entry10b.o ABSOLUTE
    ../clib/microlib/init/entry.s            0x00000000   Number         0  entry11a.o ABSOLUTE
    ../clib/microlib/init/entry.s            0x00000000   Number         0  entry11b.o ABSOLUTE
    CT16B0.c                                 0x00000000   Number         0  ct16b0.o ABSOLUTE
    PFPA.c                                   0x00000000   Number         0  pfpa.o ABSOLUTE
    RTE/Device/SN32F407F/startup_SN32F400.s  0x00000000   Number         0  startup_sn32f400.o ABSOLUTE
    SysTick.c                                0x00000000   Number         0  systick.o ABSOLUTE
    WDT.c                                    0x00000000   Number         0  wdt.o ABSOLUTE
    dc.s                                     0x00000000   Number         0  dc.o ABSOLUTE
    handlers.s                               0x00000000   Number         0  handlers.o ABSOLUTE
    init.s                                   0x00000000   Number         0  init.o ABSOLUTE
    main.c                                   0x00000000   Number         0  main.o ABSOLUTE
    system_SN32F400.c                        0x00000000   Number         0  system_sn32f400.o ABSOLUTE
    RESET                                    0x00000000   Section      192  startup_sn32f400.o(RESET)
    .ARM.Collect$$$$00000000                 0x000000c0   Section        0  entry.o(.ARM.Collect$$$$00000000)
    .ARM.Collect$$$$00000001                 0x000000c0   Section        4  entry2.o(.ARM.Collect$$$$00000001)
    .ARM.Collect$$$$00000004                 0x000000c4   Section        4  entry5.o(.ARM.Collect$$$$00000004)
    .ARM.Collect$$$$00000008                 0x000000c8   Section        0  entry7b.o(.ARM.Collect$$$$00000008)
    .ARM.Collect$$$$0000000A                 0x000000c8   Section        0  entry8b.o(.ARM.Collect$$$$0000000A)
    .ARM.Collect$$$$0000000B                 0x000000c8   Section        8  entry9a.o(.ARM.Collect$$$$0000000B)
    __lit__00000000                          0x000000d0   Data           4  entry2.o(.ARM.Collect$$$$00002712)
    .ARM.Collect$$$$0000000D                 0x000000d0   Section        0  entry10a.o(.ARM.Collect$$$$0000000D)
    .ARM.Collect$$$$0000000F                 0x000000d0   Section        0  entry11a.o(.ARM.Collect$$$$0000000F)
    .ARM.Collect$$$$00002712                 0x000000d0   Section        4  entry2.o(.ARM.Collect$$$$00002712)
    .text                                    0x000000d4   Section       36  startup_sn32f400.o(.text)
    .text                                    0x000000f8   Section        0  uidiv_div0.o(.text)
    .text                                    0x00000138   Section       48  init.o(.text)
    [Anonymous Symbol]                       0x00000168   Section        0  ct16b0.o(.text.CT16B0_IRQHandler)
    __arm_cp.0_0                             0x000002c8   Number         4  ct16b0.o(.text.CT16B0_IRQHandler)
    __arm_cp.0_2                             0x000002cc   Number         4  ct16b0.o(.text.CT16B0_IRQHandler)
    __arm_cp.0_3                             0x000002d0   Number         4  ct16b0.o(.text.CT16B0_IRQHandler)
    __arm_cp.0_4                             0x000002d4   Number         4  ct16b0.o(.text.CT16B0_IRQHandler)
    __arm_cp.0_6                             0x000002d8   Number         4  ct16b0.o(.text.CT16B0_IRQHandler)
    __arm_cp.0_7                             0x000002dc   Number         4  ct16b0.o(.text.CT16B0_IRQHandler)
    [Anonymous Symbol]                       0x000002e0   Section        0  ct16b0.o(.text.CT16B0_Init)
    __arm_cp.1_0                             0x000002ec   Number         4  ct16b0.o(.text.CT16B0_Init)
    [Anonymous Symbol]                       0x000002f0   Section        0  ct16b0.o(.text.CT16B0_NvicEnable)
    [Anonymous Symbol]                       0x00000306   Section        0  main.o(.text.HardFault_Handler)
    [Anonymous Symbol]                       0x0000030c   Section        0  main.o(.text.MN_CT16B0_Init)
    __arm_cp.2_0                             0x00000350   Number         4  main.o(.text.MN_CT16B0_Init)
    __arm_cp.2_1                             0x00000354   Number         4  main.o(.text.MN_CT16B0_Init)
    __arm_cp.2_2                             0x00000358   Number         4  main.o(.text.MN_CT16B0_Init)
    [Anonymous Symbol]                       0x0000035c   Section        0  main.o(.text.NotPinOut_GPIO_init)
    [Anonymous Symbol]                       0x00000360   Section        0  pfpa.o(.text.PFPA_Init)
    __arm_cp.0_0                             0x00000388   Number         4  pfpa.o(.text.PFPA_Init)
    __arm_cp.0_1                             0x0000038c   Number         4  pfpa.o(.text.PFPA_Init)
    __arm_cp.0_2                             0x00000390   Number         4  pfpa.o(.text.PFPA_Init)
    __arm_cp.0_3                             0x00000394   Number         4  pfpa.o(.text.PFPA_Init)
    __arm_cp.0_4                             0x00000398   Number         4  pfpa.o(.text.PFPA_Init)
    __arm_cp.0_5                             0x0000039c   Number         4  pfpa.o(.text.PFPA_Init)
    __arm_cp.0_6                             0x000003a0   Number         4  pfpa.o(.text.PFPA_Init)
    __arm_cp.0_7                             0x000003a4   Number         4  pfpa.o(.text.PFPA_Init)
    [Anonymous Symbol]                       0x000003a8   Section        0  systick.o(.text.SysTick_ConfigTime)
    __arm_cp.1_1                             0x000003e8   Number         4  systick.o(.text.SysTick_ConfigTime)
    __arm_cp.1_2                             0x000003ec   Number         4  systick.o(.text.SysTick_ConfigTime)
    __arm_cp.1_3                             0x000003f0   Number         4  systick.o(.text.SysTick_ConfigTime)
    __arm_cp.1_4                             0x000003f4   Number         4  systick.o(.text.SysTick_ConfigTime)
    [Anonymous Symbol]                       0x000003f8   Section        0  systick.o(.text.SysTick_Handler)
    __arm_cp.2_1                             0x00000428   Number         4  systick.o(.text.SysTick_Handler)
    __arm_cp.2_2                             0x0000042c   Number         4  systick.o(.text.SysTick_Handler)
    [Anonymous Symbol]                       0x00000430   Section        0  systick.o(.text.SysTick_Init)
    __arm_cp.0_0                             0x00000450   Number         4  systick.o(.text.SysTick_Init)
    [Anonymous Symbol]                       0x00000454   Section        0  system_sn32f400.o(.text.SystemCoreClockUpdate)
    __arm_cp.0_1                             0x000005b8   Number         4  system_sn32f400.o(.text.SystemCoreClockUpdate)
    __arm_cp.0_2                             0x000005bc   Number         4  system_sn32f400.o(.text.SystemCoreClockUpdate)
    __arm_cp.0_3                             0x000005c0   Number         4  system_sn32f400.o(.text.SystemCoreClockUpdate)
    __arm_cp.0_4                             0x000005c4   Number         4  system_sn32f400.o(.text.SystemCoreClockUpdate)
    __arm_cp.0_5                             0x000005c8   Number         4  system_sn32f400.o(.text.SystemCoreClockUpdate)
    __arm_cp.0_7                             0x000005cc   Number         4  system_sn32f400.o(.text.SystemCoreClockUpdate)
    __arm_cp.0_9                             0x000005d0   Number         4  system_sn32f400.o(.text.SystemCoreClockUpdate)
    __arm_cp.0_10                            0x000005d4   Number         4  system_sn32f400.o(.text.SystemCoreClockUpdate)
    __arm_cp.0_11                            0x000005d8   Number         4  system_sn32f400.o(.text.SystemCoreClockUpdate)
    __arm_cp.0_13                            0x000005dc   Number         4  system_sn32f400.o(.text.SystemCoreClockUpdate)
    __arm_cp.0_14                            0x000005e0   Number         4  system_sn32f400.o(.text.SystemCoreClockUpdate)
    [Anonymous Symbol]                       0x000005e4   Section        0  system_sn32f400.o(.text.SystemInit)
    __arm_cp.1_0                             0x0000061c   Number         4  system_sn32f400.o(.text.SystemInit)
    __arm_cp.1_1                             0x00000620   Number         4  system_sn32f400.o(.text.SystemInit)
    __arm_cp.1_2                             0x00000624   Number         4  system_sn32f400.o(.text.SystemInit)
    __arm_cp.1_3                             0x00000628   Number         4  system_sn32f400.o(.text.SystemInit)
    [Anonymous Symbol]                       0x0000062c   Section        0  wdt.o(.text.WDT_IRQHandler)
    [Anonymous Symbol]                       0x00000644   Section        0  wdt.o(.text.WDT_Init)
    __arm_cp.1_1                             0x00000678   Number         4  wdt.o(.text.WDT_Init)
    __arm_cp.1_2                             0x0000067c   Number         4  wdt.o(.text.WDT_Init)
    [Anonymous Symbol]                       0x00000680   Section        0  wdt.o(.text.WDT_ReloadValue)
    __arm_cp.2_0                             0x00000698   Number         4  wdt.o(.text.WDT_ReloadValue)
    __arm_cp.2_1                             0x0000069c   Number         4  wdt.o(.text.WDT_ReloadValue)
    __NVIC_ClearPendingIRQ                   0x000006a1   Thumb Code    40  main.o(.text.__NVIC_ClearPendingIRQ)
    [Anonymous Symbol]                       0x000006a0   Section        0  main.o(.text.__NVIC_ClearPendingIRQ)
    __NVIC_ClearPendingIRQ                   0x000006c9   Thumb Code    40  ct16b0.o(.text.__NVIC_ClearPendingIRQ)
    [Anonymous Symbol]                       0x000006c8   Section        0  ct16b0.o(.text.__NVIC_ClearPendingIRQ)
    __arm_cp.3_0                             0x000006f0   Number         4  ct16b0.o(.text.__NVIC_ClearPendingIRQ)
    __NVIC_EnableIRQ                         0x000006f5   Thumb Code    40  ct16b0.o(.text.__NVIC_EnableIRQ)
    [Anonymous Symbol]                       0x000006f4   Section        0  ct16b0.o(.text.__NVIC_EnableIRQ)
    __arm_cp.4_0                             0x0000071c   Number         4  ct16b0.o(.text.__NVIC_EnableIRQ)
    __NVIC_SystemReset                       0x00000721   Thumb Code    20  main.o(.text.__NVIC_SystemReset)
    [Anonymous Symbol]                       0x00000720   Section        0  main.o(.text.__NVIC_SystemReset)
    __arm_cp.5_0                             0x00000734   Number         4  main.o(.text.__NVIC_SystemReset)
    __arm_cp.5_1                             0x00000738   Number         4  main.o(.text.__NVIC_SystemReset)
    [Anonymous Symbol]                       0x0000073c   Section        0  main.o(.text.main)
    __arm_cp.0_0                             0x00000770   Number         4  main.o(.text.main)
    __arm_cp.0_1                             0x00000774   Number         4  main.o(.text.main)
    __arm_cp.0_2                             0x00000778   Number         4  main.o(.text.main)
    i.__scatterload_copy                     0x0000077c   Section       14  handlers.o(i.__scatterload_copy)
    i.__scatterload_null                     0x0000078a   Section        2  handlers.o(i.__scatterload_null)
    i.__scatterload_zeroinit                 0x0000078c   Section       14  handlers.o(i.__scatterload_zeroinit)
    .ARM.__at_0x00007FFC                     0x00007ffc   Section        4  startup_sn32f400.o(.ARM.__at_0x00007FFC)
    CT16B0_IRQHandler.i                      0x20000000   Data           4  ct16b0.o(.bss.CT16B0_IRQHandler.i)
    [Anonymous Symbol]                       0x20000000   Section        0  ct16b0.o(.bss.CT16B0_IRQHandler.i)
    SysTick_Handler.i                        0x20000004   Data           4  systick.o(.bss.SysTick_Handler.i)
    [Anonymous Symbol]                       0x20000004   Section        0  systick.o(.bss.SysTick_Handler.i)
    STACK                                    0x20000010   Section      512  startup_sn32f400.o(STACK)

    Global Symbols

    Symbol Name                              Value     Ov Type        Size  Object(Section)

    BuildAttributes$$THM_ISAv3M$S$PE$A:L22$X:L11$S22$IEEE1$IW$~IW$USESV6$~STKCKD$USESV7$~SHL$OSPACE$EBA8$MICROLIB$REQ8$PRES8$EABIv2 0x00000000   Number         0  anon$$obj.o ABSOLUTE
    __Vectors                                0x00000000   Data           4  startup_sn32f400.o(RESET)
    __cpp_initialize__aeabi_                  - Undefined Weak Reference
    __cxa_finalize                            - Undefined Weak Reference
    __decompress                              - Undefined Weak Reference
    _clock_init                               - Undefined Weak Reference
    _microlib_exit                            - Undefined Weak Reference
    __main                                   0x000000c1   Thumb Code     0  entry.o(.ARM.Collect$$$$00000000)
    _main_stk                                0x000000c1   Thumb Code     0  entry2.o(.ARM.Collect$$$$00000001)
    _main_scatterload                        0x000000c5   Thumb Code     0  entry5.o(.ARM.Collect$$$$00000004)
    __main_after_scatterload                 0x000000c9   Thumb Code     0  entry5.o(.ARM.Collect$$$$00000004)
    _main_clock                              0x000000c9   Thumb Code     0  entry7b.o(.ARM.Collect$$$$00000008)
    _main_cpp_init                           0x000000c9   Thumb Code     0  entry8b.o(.ARM.Collect$$$$0000000A)
    _main_init                               0x000000c9   Thumb Code     0  entry9a.o(.ARM.Collect$$$$0000000B)
    __rt_final_cpp                           0x000000d1   Thumb Code     0  entry10a.o(.ARM.Collect$$$$0000000D)
    __rt_final_exit                          0x000000d1   Thumb Code     0  entry11a.o(.ARM.Collect$$$$0000000F)
    Reset_Handler                            0x000000d5   Thumb Code    10  startup_sn32f400.o(.text)
    NMI_Handler                              0x000000df   Thumb Code     2  startup_sn32f400.o(.text)
    SVC_Handler                              0x000000e3   Thumb Code     2  startup_sn32f400.o(.text)
    PendSV_Handler                           0x000000e5   Thumb Code     2  startup_sn32f400.o(.text)
    ADC_IRQHandler                           0x000000e9   Thumb Code     0  startup_sn32f400.o(.text)
    ATAN_IRQHandler                          0x000000e9   Thumb Code     0  startup_sn32f400.o(.text)
    CMP0_IRQHandler                          0x000000e9   Thumb Code     0  startup_sn32f400.o(.text)
    CMP1_IRQHandler                          0x000000e9   Thumb Code     0  startup_sn32f400.o(.text)
    CMP2_IRQHandler                          0x000000e9   Thumb Code     0  startup_sn32f400.o(.text)
    CMP3_IRQHandler                          0x000000e9   Thumb Code     0  startup_sn32f400.o(.text)
    CT16B1_IRQHandler                        0x000000e9   Thumb Code     0  startup_sn32f400.o(.text)
    CT16B5_IRQHandler                        0x000000e9   Thumb Code     0  startup_sn32f400.o(.text)
    DIV_IRQHandler                           0x000000e9   Thumb Code     0  startup_sn32f400.o(.text)
    DMA_IRQHandler                           0x000000e9   Thumb Code     0  startup_sn32f400.o(.text)
    FOC_IRQHandler                           0x000000e9   Thumb Code     0  startup_sn32f400.o(.text)
    I2C0_IRQHandler                          0x000000e9   Thumb Code     0  startup_sn32f400.o(.text)
    LVD_IRQHandler                           0x000000e9   Thumb Code     0  startup_sn32f400.o(.text)
    NDT_IRQHandler                           0x000000e9   Thumb Code     0  startup_sn32f400.o(.text)
    P0_IRQHandler                            0x000000e9   Thumb Code     0  startup_sn32f400.o(.text)
    P1_IRQHandler                            0x000000e9   Thumb Code     0  startup_sn32f400.o(.text)
    P2_IRQHandler                            0x000000e9   Thumb Code     0  startup_sn32f400.o(.text)
    P3_IRQHandler                            0x000000e9   Thumb Code     0  startup_sn32f400.o(.text)
    RTC_IRQHandler                           0x000000e9   Thumb Code     0  startup_sn32f400.o(.text)
    SPI0_IRQHandler                          0x000000e9   Thumb Code     0  startup_sn32f400.o(.text)
    SQRT_IRQHandler                          0x000000e9   Thumb Code     0  startup_sn32f400.o(.text)
    UART0_IRQHandler                         0x000000e9   Thumb Code     0  startup_sn32f400.o(.text)
    UART1_IRQHandler                         0x000000e9   Thumb Code     0  startup_sn32f400.o(.text)
    __aeabi_uidiv                            0x000000f9   Thumb Code     0  uidiv_div0.o(.text)
    __aeabi_uidivmod                         0x000000f9   Thumb Code    62  uidiv_div0.o(.text)
    __scatterload                            0x00000139   Thumb Code    38  init.o(.text)
    __scatterload_rt2                        0x00000139   Thumb Code     0  init.o(.text)
    CT16B0_IRQHandler                        0x00000169   Thumb Code   352  ct16b0.o(.text.CT16B0_IRQHandler)
    CT16B0_Init                              0x000002e1   Thumb Code    12  ct16b0.o(.text.CT16B0_Init)
    CT16B0_NvicEnable                        0x000002f1   Thumb Code    22  ct16b0.o(.text.CT16B0_NvicEnable)
    HardFault_Handler                        0x00000307   Thumb Code     4  main.o(.text.HardFault_Handler)
    MN_CT16B0_Init                           0x0000030d   Thumb Code    68  main.o(.text.MN_CT16B0_Init)
    NotPinOut_GPIO_init                      0x0000035d   Thumb Code     2  main.o(.text.NotPinOut_GPIO_init)
    PFPA_Init                                0x00000361   Thumb Code    40  pfpa.o(.text.PFPA_Init)
    SysTick_ConfigTime                       0x000003a9   Thumb Code    64  systick.o(.text.SysTick_ConfigTime)
    SysTick_Handler                          0x000003f9   Thumb Code    48  systick.o(.text.SysTick_Handler)
    SysTick_Init                             0x00000431   Thumb Code    32  systick.o(.text.SysTick_Init)
    SystemCoreClockUpdate                    0x00000455   Thumb Code   356  system_sn32f400.o(.text.SystemCoreClockUpdate)
    SystemInit                               0x000005e5   Thumb Code    56  system_sn32f400.o(.text.SystemInit)
    WDT_IRQHandler                           0x0000062d   Thumb Code    24  wdt.o(.text.WDT_IRQHandler)
    WDT_Init                                 0x00000645   Thumb Code    52  wdt.o(.text.WDT_Init)
    WDT_ReloadValue                          0x00000681   Thumb Code    24  wdt.o(.text.WDT_ReloadValue)
    main                                     0x0000073d   Thumb Code    52  main.o(.text.main)
    __scatterload_copy                       0x0000077d   Thumb Code    14  handlers.o(i.__scatterload_copy)
    __scatterload_null                       0x0000078b   Thumb Code     2  handlers.o(i.__scatterload_null)
    __scatterload_zeroinit                   0x0000078d   Thumb Code    14  handlers.o(i.__scatterload_zeroinit)
    Region$$Table$$Base                      0x0000079c   Number         0  anon$$obj.o(Region$$Table)
    Region$$Table$$Limit                     0x000007ac   Number         0  anon$$obj.o(Region$$Table)
    SystemCoreClock                          0x20000008   Data           4  system_sn32f400.o(.bss.SystemCoreClock)
    iwCT16B0_IrqEvent                        0x2000000c   Data           4  ct16b0.o(.bss.iwCT16B0_IrqEvent)
    __initial_sp                             0x20000210   Data           0  startup_sn32f400.o(STACK)



==============================================================================

Memory Map of the image

  Image Entry point : 0x000000c1

  Load Region LR_IROM1 (Base: 0x00000000, Size: 0x000007ac, Max: 0x00007ffc, ABSOLUTE)

    Execution Region ER_IROM1 (Exec base: 0x00000000, Load base: 0x00000000, Size: 0x000007ac, Max: 0x00007ffc, ABSOLUTE)

    Exec Addr    Load Addr    Size         Type   Attr      Idx    E Section Name        Object

    0x00000000   0x00000000   0x000000c0   Data   RO           93    RESET               startup_sn32f400.o
    0x000000c0   0x000000c0   0x00000000   Code   RO          115  * .ARM.Collect$$$$00000000  mc_p.l(entry.o)
    0x000000c0   0x000000c0   0x00000004   Code   RO          122    .ARM.Collect$$$$00000001  mc_p.l(entry2.o)
    0x000000c4   0x000000c4   0x00000004   Code   RO          125    .ARM.Collect$$$$00000004  mc_p.l(entry5.o)
    0x000000c8   0x000000c8   0x00000000   Code   RO          127    .ARM.Collect$$$$00000008  mc_p.l(entry7b.o)
    0x000000c8   0x000000c8   0x00000000   Code   RO          129    .ARM.Collect$$$$0000000A  mc_p.l(entry8b.o)
    0x000000c8   0x000000c8   0x00000008   Code   RO          130    .ARM.Collect$$$$0000000B  mc_p.l(entry9a.o)
    0x000000d0   0x000000d0   0x00000000   Code   RO          132    .ARM.Collect$$$$0000000D  mc_p.l(entry10a.o)
    0x000000d0   0x000000d0   0x00000000   Code   RO          134    .ARM.Collect$$$$0000000F  mc_p.l(entry11a.o)
    0x000000d0   0x000000d0   0x00000004   Code   RO          123    .ARM.Collect$$$$00002712  mc_p.l(entry2.o)
    0x000000d4   0x000000d4   0x00000024   Code   RO           95    .text               startup_sn32f400.o
    0x000000f8   0x000000f8   0x0000003e   Code   RO          138    .text               mc_p.l(uidiv_div0.o)
    0x00000136   0x00000136   0x00000002   PAD
    0x00000138   0x00000138   0x00000030   Code   RO          144    .text               mc_p.l(init.o)
    0x00000168   0x00000168   0x00000178   Code   RO           44    .text.CT16B0_IRQHandler  ct16b0.o
    0x000002e0   0x000002e0   0x00000010   Code   RO           46    .text.CT16B0_Init   ct16b0.o
    0x000002f0   0x000002f0   0x00000016   Code   RO           48    .text.CT16B0_NvicEnable  ct16b0.o
    0x00000306   0x00000306   0x00000004   Code   RO           10    .text.HardFault_Handler  main.o
    0x0000030a   0x0000030a   0x00000002   PAD
    0x0000030c   0x0000030c   0x00000050   Code   RO            6    .text.MN_CT16B0_Init  main.o
    0x0000035c   0x0000035c   0x00000002   Code   RO            4    .text.NotPinOut_GPIO_init  main.o
    0x0000035e   0x0000035e   0x00000002   PAD
    0x00000360   0x00000360   0x00000048   Code   RO           22    .text.PFPA_Init     pfpa.o
    0x000003a8   0x000003a8   0x00000050   Code   RO           32    .text.SysTick_ConfigTime  systick.o
    0x000003f8   0x000003f8   0x00000038   Code   RO           34    .text.SysTick_Handler  systick.o
    0x00000430   0x00000430   0x00000024   Code   RO           30    .text.SysTick_Init  systick.o
    0x00000454   0x00000454   0x00000190   Code   RO          104    .text.SystemCoreClockUpdate  system_sn32f400.o
    0x000005e4   0x000005e4   0x00000048   Code   RO          106    .text.SystemInit    system_sn32f400.o
    0x0000062c   0x0000062c   0x00000018   Code   RO           67    .text.WDT_IRQHandler  wdt.o
    0x00000644   0x00000644   0x0000003c   Code   RO           69    .text.WDT_Init      wdt.o
    0x00000680   0x00000680   0x00000020   Code   RO           71    .text.WDT_ReloadValue  wdt.o
    0x000006a0   0x000006a0   0x00000028   Code   RO            8    .text.__NVIC_ClearPendingIRQ  main.o
    0x000006c8   0x000006c8   0x0000002c   Code   RO           50    .text.__NVIC_ClearPendingIRQ  ct16b0.o
    0x000006f4   0x000006f4   0x0000002c   Code   RO           52    .text.__NVIC_EnableIRQ  ct16b0.o
    0x00000720   0x00000720   0x0000001c   Code   RO           12    .text.__NVIC_SystemReset  main.o
    0x0000073c   0x0000073c   0x00000040   Code   RO            2    .text.main          main.o
    0x0000077c   0x0000077c   0x0000000e   Code   RO          148    i.__scatterload_copy  mc_p.l(handlers.o)
    0x0000078a   0x0000078a   0x00000002   Code   RO          149    i.__scatterload_null  mc_p.l(handlers.o)
    0x0000078c   0x0000078c   0x0000000e   Code   RO          150    i.__scatterload_zeroinit  mc_p.l(handlers.o)
    0x0000079a   0x0000079a   0x00000002   PAD
    0x0000079c   0x0000079c   0x00000010   Data   RO          147    Region$$Table       anon$$obj.o


    Execution Region RW_IRAM1 (Exec base: 0x20000000, Load base: 0x000007ac, Size: 0x00000210, Max: 0x00002000, ABSOLUTE)

    Exec Addr    Load Addr    Size         Type   Attr      Idx    E Section Name        Object

    0x20000000        -       0x00000004   Zero   RW           59    .bss.CT16B0_IRQHandler.i  ct16b0.o
    0x20000004        -       0x00000004   Zero   RW           36    .bss.SysTick_Handler.i  systick.o
    0x20000008        -       0x00000004   Zero   RW          108    .bss.SystemCoreClock  system_sn32f400.o
    0x2000000c        -       0x00000004   Zero   RW           58    .bss.iwCT16B0_IrqEvent  ct16b0.o
    0x20000010        -       0x00000200   Zero   RW           91    STACK               startup_sn32f400.o



  Load Region LR$$.ARM.__at_0x00007FFC (Base: 0x00007ffc, Size: 0x00000004, Max: 0x00000004, ABSOLUTE)

    Execution Region ER$$.ARM.__at_0x00007FFC (Exec base: 0x00007ffc, Load base: 0x00007ffc, Size: 0x00000004, Max: 0x00000004, ABSOLUTE, UNINIT)

    Exec Addr    Load Addr    Size         Type   Attr      Idx    E Section Name        Object

    0x00007ffc   0x00007ffc   0x00000004   Code   RO           94    .ARM.__at_0x00007FFC  startup_sn32f400.o


==============================================================================

Image component sizes


      Code (inc. data)   RO Data    RW Data    ZI Data      Debug   Object Name

       502         36          0          0          8      10902   ct16b0.o
       218         32          0          0          0       9533   main.o
        72         32          0          0          0       2046   pfpa.o
        40         18        192          0        512       1064   startup_sn32f400.o
       472        112          0          0          4       3926   system_sn32f400.o
       172         28          0          0          4       4354   systick.o
       116         16          0          0          0       3605   wdt.o

    ----------------------------------------------------------------------
      1596        274        208          0        528      35430   Object Totals
         0          0         16          0          0          0   (incl. Generated)
         4          0          0          0          0          0   (incl. Padding)

    ----------------------------------------------------------------------

      Code (inc. data)   RO Data    RW Data    ZI Data      Debug   Library Member Name

         0          0          0          0          0          0   entry.o
         0          0          0          0          0          0   entry10a.o
         0          0          0          0          0          0   entry11a.o
         8          4          0          0          0          0   entry2.o
         4          0          0          0          0          0   entry5.o
         0          0          0          0          0          0   entry7b.o
         0          0          0          0          0          0   entry8b.o
         8          4          0          0          0          0   entry9a.o
        30          0          0          0          0          0   handlers.o
        48         10          0          0          0         68   init.o
        62          0          0          0          0         72   uidiv_div0.o

    ----------------------------------------------------------------------
       164         18          0          0          0        140   Library Totals
         4          0          0          0          0          0   (incl. Padding)

    ----------------------------------------------------------------------

      Code (inc. data)   RO Data    RW Data    ZI Data      Debug   Library Name

       160         18          0          0          0        140   mc_p.l

    ----------------------------------------------------------------------
       164         18          0          0          0        140   Library Totals

    ----------------------------------------------------------------------

==============================================================================


      Code (inc. data)   RO Data    RW Data    ZI Data      Debug   

      1760        292        208          0        528      35622   Grand Totals
      1760        292        208          0        528      35622   ELF Image Totals
      1760        292        208          0          0          0   ROM Totals

==============================================================================

    Total RO  Size (Code + RO Data)                 1968 (   1.92kB)
    Total RW  Size (RW Data + ZI Data)               528 (   0.52kB)
    Total ROM Size (Code + RO Data + RW Data)       1968 (   1.92kB)

==============================================================================

