Reading netlist file: "C:\Gowin\impl\gwsynthesis\watchdog_uart.vg"
Parsing netlist file "C:\Gowin\impl\gwsynthesis\watchdog_uart.vg" completed
Processing netlist completed
Reading constraint file: "C:\Gowin\Watchdog_UART\src\watchdog.cst"
Physical Constraint parsed completed
Running placement......
[10%] Placement Phase 0 completed
[20%] Placement Phase 1 completed
[30%] Placement Phase 2 completed
[50%] Placement Phase 3 completed
Running routing......
[60%] Routing Phase 0 completed
[70%] Routing Phase 1 completed
[80%] Routing Phase 2 completed
[90%] Routing Phase 3 completed
Running timing analysis......
[95%] Timing analysis completed
Placement and routing completed
Bitstream generation in progress......
Bitstream generation completed
Running power analysis......
[100%] Power analysis completed
Generate file "C:\Gowin\impl\pnr\watchdog_uart.power.html" completed
Generate file "C:\Gowin\impl\pnr\watchdog_uart.pin.html" completed
Generate file "C:\Gowin\impl\pnr\watchdog_uart.rpt.html" completed
Generate file "C:\Gowin\impl\pnr\watchdog_uart.rpt.txt" completed
Generate file "C:\Gowin\impl\pnr\watchdog_uart.tr.html" completed
Sat Apr 18 09:48:37 2026

