C51 COMPILER V9.56.0.0   EXINT                                                             03/27/2024 16:56:24 PAGE 1   


C51 COMPILER V9.56.0.0, COMPILATION OF MODULE EXINT
OBJECT MODULE PLACED IN .\Objects\exint.obj
COMPILER INVOKED BY: C:\Keil_v5\C51\BIN\C51.EXE Source\exint.c OPTIMIZE(8,SPEED) BROWSE INCDIR(.\Source;.\Source;.\Sourc
                    -e\Buzzer;.\Source\CHRG;.\Source\KEY;.\Source\Timer;.\Source\IIC;.\Source\USER;.\Source\SYS;.\Source\UART;.\Source\LCD;.\
                    -Source\LED;.\Source\INC;.\Source\InfraRed;.\Source\ISP;.\Source\WS2811;.\Source\RF;.\Hardware\SN8F5702_Hardware\inc;.\So
                    -urce\AHT10) DEBUG OBJECTEXTEND PRINT(.\Listings\exint.lst) TABS(2) OBJECT(.\Objects\exint.obj)

line level    source

   1          #include "exint.h"
   2          #include "7segment_led.h"
   3          /***********************************************************
   4          **Function name   :int0_config()
   5          **
   6          **Input parameter : 
   7          **
   8          **Input parameter :
   9          **
  10          **Description     :INT0 is configured to trigger the falling edge
  11          ***********************************************************/
  12          void int0_config()
  13          {
  14   1        P4  &= 0X0F;
  15   1        P4M |= 0XF0;
  16   1        
  17   1        PEDGE = 0X02;
  18   1        EX0 = 1;
  19   1        EAL = 1;
  20   1      }
  21          /***********************************************************
  22          **Function name   :
  23          **
  24          **Input parameter : 
  25          **
  26          **Input parameter :
  27          **
  28          **Description     :
  29          ***********************************************************/
  30          void int0_isr(void) interrupt ISRInt0
  31          {
  32   1        if(++sys_count > 9999)
  33   1          sys_count = 0;
  34   1      }


MODULE INFORMATION:   STATIC OVERLAYABLE
   CODE SIZE        =     46    ----
   CONSTANT SIZE    =   ----    ----
   XDATA SIZE       =   ----    ----
   PDATA SIZE       =   ----    ----
   DATA SIZE        =   ----    ----
   IDATA SIZE       =   ----    ----
   BIT SIZE         =   ----    ----
END OF MODULE INFORMATION.


C51 COMPILATION COMPLETE.  0 WARNING(S),  0 ERROR(S)
