C51 COMPILER V9.56.0.0   LED                                                               03/25/2024 11:13:43 PAGE 1   


C51 COMPILER V9.56.0.0, COMPILATION OF MODULE LED
OBJECT MODULE PLACED IN .\Objects\led.obj
COMPILER INVOKED BY: C:\Keil_v5\C51\BIN\C51.EXE Source\led.c OPTIMIZE(8,SPEED) BROWSE INCDIR(.\Source;.\Source;.\Source\
                    -Buzzer;.\Source\CHRG;.\Source\KEY;.\Source\Timer;.\Source\IIC;.\Source\USER;.\Source\SYS;.\Source\UART;.\Source\LCD;.\So
                    -urce\LED;.\Source\INC;.\Source\InfraRed;.\Source\ISP;.\Source\WS2811;.\Source\RF;.\Hardware\SN8F5702_Hardware\inc;.\Sour
                    -ce\AHT10) DEBUG OBJECTEXTEND PRINT(.\Listings\led.lst) TABS(2) OBJECT(.\Objects\led.obj)

line level    source

   1          #include "mcu.h"
   2          #include "led.h"
   3          
   4          /***********************************************************
   5          **Function name   :led_config()
   6          **
   7          **Input parameter : 
   8          **
   9          **Input parameter :
  10          **
  11          **Description     :P03 P04 Set it to output 1
  12          ***********************************************************/
  13          void led_config()
  14          {
  15   1        P0 |= 0X18;
  16   1        P0M |= 0X18;
  17   1      }
  18          /***********************************************************
  19          **Function name   :led_ctr
  20          **
  21          **Input parameter : led:led Serial number  cmd: 0or 1  turn on or off
  22          **
  23          **Input parameter :
  24          **
  25          **Description     :Control  LED to turn on or off
  26          ***********************************************************/
  27          void led_ctr(uint8_t led,uint8_t cmd)
  28          {
  29   1        switch(led)
  30   1        {
  31   2          case 0:LED0_PIN = cmd;break;
  32   2          case 1:LED1_PIN = cmd;break;
  33   2        }
  34   1      }


MODULE INFORMATION:   STATIC OVERLAYABLE
   CODE SIZE        =     26    ----
   CONSTANT SIZE    =   ----    ----
   XDATA SIZE       =   ----    ----
   PDATA SIZE       =   ----    ----
   DATA SIZE        =   ----    ----
   IDATA SIZE       =   ----    ----
   BIT SIZE         =   ----    ----
END OF MODULE INFORMATION.


C51 COMPILATION COMPLETE.  0 WARNING(S),  0 ERROR(S)
