C51 COMPILER V9.56.0.0   SPI                                                               03/15/2024 14:39:40 PAGE 1   


C51 COMPILER V9.56.0.0, COMPILATION OF MODULE SPI
OBJECT MODULE PLACED IN .\Objects\spi.obj
COMPILER INVOKED BY: C:\Keil_v5\C51\BIN\C51.EXE Source\spi.c OPTIMIZE(8,SPEED) BROWSE INCDIR(.\Source;.\Source;.\Source\
                    -Buzzer;.\Source\CHRG;.\Source\KEY;.\Source\Timer;.\Source\IIC;.\Source\USER;.\Source\SYS;.\Source\UART;.\Source\LCD;.\So
                    -urce\LED;.\Source\INC;.\Source\InfraRed;.\Source\ISP;.\Source\WS2811;.\Source\RF;.\Hardware\SN8F5702_Hardware\inc;.\Sour
                    -ce\AHT10) DEBUG OBJECTEXTEND PRINT(.\Listings\spi.lst) TABS(2) OBJECT(.\Objects\spi.obj)

line level    source

   1          #include "spi.h"
   2          /****************************************************************************************
   3          Function:   SPI Slave initialization
   4          input:      None
   5          Output:     None
   6          Return:     None
   7          ****************************************************************************************/
   8          void spi_master_init (void)
   9          {
  10   1        P0 |= 0x80;
  11   1        P0M |= 0x80;
  12   1        P0UR &= 0x7F;       // Set P0.7 (SSN) as output high 
  13   1      
  14   1        P1M &= 0x0B;
  15   1        P1M |= 0x0A;
  16   1        P1UR |= 0x04;       // Be Master  MISO(P12) Input with pull-up   SCK(P13) & MOSI(P11) Output
  17   1      
  18   1        SPCON = 0xBE;       // Be Master Fcpu/128  CPOL = 1   CPHA = 1    
  19   1      
  20   1        SPCON |= 0x40;      // Enable SPI
  21   1      }
  22          /****************************************************************************************
  23          Function:   SPI Send byte
  24          input:      None
  25          Output:     None
  26          Return:     None
  27          ****************************************************************************************/
  28          uint8_t spi_WtRd_Byte (uint8_t cByte)
  29          {
  30   1        uint8_t cData;
  31   1        uint16_t cRetry = 0;
  32   1      
  33   1        SPDAT = cByte;                // Send Data
  34   1        while (SPSTA != 0x80)
  35   1        {
  36   2          cRetry++;
  37   2          _nop_();
  38   2          _nop_();
  39   2          if(cRetry >= WAIT_TIME)
  40   2          {
  41   3            return 0xFF;             // Error
  42   3          }
  43   2        }
  44   1        cData = SPDAT;               // Read Data
  45   1        
  46   1        return cData;
  47   1      }
  48          /****************************************************************************************
  49          Function:   W25Q Read Register
  50          input:      None
  51          Output:     None
  52          Return:     None
C51 COMPILER V9.56.0.0   SPI                                                               03/15/2024 14:39:40 PAGE 2   

  53          ****************************************************************************************/
  54          bit w25q_busy(void)
  55          {
  56   1        uint8_t cTemp;
  57   1                      
  58   1        O_IO_CS = 0;                                // Enable Slave
  59   1      
  60   1        spi_WtRd_Byte(W25Q_READ_STATUS1);           // Read Status Register Instruction
  61   1        
  62   1        cTemp = spi_WtRd_Byte(0xFF);                // Read Status  
  63   1        
  64   1        O_IO_CS = 1;                                // Disable Slave
  65   1        
  66   1        return (cTemp & 0x01) ;
  67   1      }
  68          /****************************************************************************************
  69          Function:   W25Q Read Register
  70          input:      None
  71          Output:     None
  72          Return:     None
  73          ****************************************************************************************/
  74          void w25q_write_enable(void)   
  75          {
  76   1        O_IO_CS = 0;                                // Enable Slave
  77   1        
  78   1        spi_WtRd_Byte(W25Q_WRITE_ENABLE);           // Send Write Enable Instruction       
  79   1        
  80   1        O_IO_CS = 1;                                // Disable Slave        
  81   1      } 
  82          /****************************************************************************************
  83          Function:   W25Q Read Register
  84          input:      None
  85          Output:     None
  86          Return:     None
  87          ****************************************************************************************/
  88          void w25q_write_disable(void)   
  89          {  
  90   1        O_IO_CS = 0;                                // Enable Slave
  91   1        
  92   1        spi_WtRd_Byte(W25Q_WRITE_DISABLE);          // Send Write Disable Instruction         
  93   1        
  94   1        O_IO_CS = 1;                                // Disable Slave      
  95   1      }   
  96          /****************************************************************************************
  97          Function:   W25Q Erase Sector
  98          input:      None
  99          Output:     None
 100          Return:     None
 101          ****************************************************************************************/
 102          void w25q_erase_sector(uint16_t iAddr)
 103          {
 104   1        while(w25q_busy());                           // Wait Bus Idle    
 105   1        
 106   1        w25q_write_enable();                          // Send Write Enable Instruction  
 107   1        
 108   1        O_IO_CS = 0;                                  // Enable Slave
 109   1        
 110   1        spi_WtRd_Byte(W25Q_SECTOR_ERASE);             // Send Erase Sector Enable Instruction 
 111   1        
 112   1        spi_WtRd_Byte((uint8_t) ((iAddr) >> 16));     // Send Address
 113   1        spi_WtRd_Byte((uint8_t) ((iAddr) >> 8));
 114   1        spi_WtRd_Byte((uint8_t) iAddr);
C51 COMPILER V9.56.0.0   SPI                                                               03/15/2024 14:39:40 PAGE 3   

 115   1        
 116   1        O_IO_CS = 1;                                  // Disable Slave
 117   1      }
 118          /****************************************************************************************
 119          Function:   W25Q Read Data
 120          input:      None
 121          Output:     None
 122          Return:     None
 123          ****************************************************************************************/
 124          void w25q_read_data(uint32_t lReadAddr, uint8_t * p_cBuffer, uint16_t iNumByteToRead)
 125          {     
 126   1        while(w25q_busy());                           // Wait Bus Idle  
 127   1        
 128   1        O_IO_CS = 0;                                  // Enable Slave
 129   1          
 130   1        spi_WtRd_Byte(W25Q_READ_DATA);                // Send Read Instruction
 131   1        
 132   1        spi_WtRd_Byte((uint8_t) (lReadAddr >> 16));   // Send Read Address (8 Bytes)
 133   1        spi_WtRd_Byte((uint8_t) (lReadAddr >> 8));
 134   1        spi_WtRd_Byte((uint8_t) lReadAddr);
 135   1      
 136   1        while(iNumByteToRead--)
 137   1        {
 138   2          *p_cBuffer++ = spi_WtRd_Byte(0xFF);         // Read Data
 139   2        }
 140   1        
 141   1        O_IO_CS = 1;                                  // Disable Slave
 142   1      }
 143          /****************************************************************************************
 144          Function:   W25Q Write byte
 145          input:      None
 146          Output:     None
 147          Return:     None
 148          ****************************************************************************************/
 149          void w25q_write_256bytes(uint32_t lWriteAddr, uint8_t * p_cBuffer, uint16_t iNumByteToWrite)
 150          {
 151   1        uint16_t iSectAdr;
 152   1        
 153   1        iSectAdr = lWriteAddr / 4096;                   // 128(block) * 16(sector) = 2048(sector)  4KB(Each sector) = 4 * 
             -1024 = 4096 (Byte)
 154   1        w25q_erase_sector(iSectAdr);                    // Erase Sector
 155   1        
 156   1        while(w25q_busy());                             // Wait Bus Idle    
 157   1        
 158   1        w25q_write_enable();                            // Send Write Enable Instruction
 159   1      
 160   1        O_IO_CS = 0;                                    // Enable Slave
 161   1        
 162   1        spi_WtRd_Byte(W25Q_PAGE_PROGRAM);               // Send Page Program Instruction
 163   1        
 164   1        spi_WtRd_Byte((uint8_t) ((lWriteAddr) >> 16));  // Send Write Address (8 Bytes)
 165   1        spi_WtRd_Byte((uint8_t) ((lWriteAddr) >> 8));
 166   1        spi_WtRd_Byte((uint8_t) lWriteAddr);
 167   1      
 168   1        while(iNumByteToWrite--)
 169   1        {
 170   2          spi_WtRd_Byte(*p_cBuffer++);                  // Send Data
 171   2        }
 172   1        
 173   1        while(w25q_busy());                             // Wait Bus Idle  
 174   1        
 175   1        O_IO_CS = 1;                                    // Disable Slave
C51 COMPILER V9.56.0.0   SPI                                                               03/15/2024 14:39:40 PAGE 4   

 176   1        
 177   1        w25q_write_disable();                           // Send Write Disable  
 178   1      }
 179          /****************************************************************************************
 180          Function:   Read W25Q ID 
 181          input:      None
 182          Output:     None
 183          Return:     None
 184          ****************************************************************************************/
 185          //0XEF13,表示芯片型号为W25Q80
 186          //0XEF14,表示芯片型号为W25Q16
 187          //0XEF15,表示芯片型号为W25Q32
 188          //0XEF16,表示芯片型号为W25Q64
 189          //0XEF17,表示芯片型号为W25Q128
 190          void w25q_read_id (void)
 191          {
 192   1        static uint16_t g_iId;
 193   1        
 194   1        while(w25q_busy());                             // Wait Bus Idle  
 195   1        
 196   1        O_IO_CS = 0;                                    // Enable Slave
 197   1        
 198   1        spi_WtRd_Byte(0x90);                
 199   1        spi_WtRd_Byte(0x00);
 200   1        spi_WtRd_Byte(0x00);
 201   1        spi_WtRd_Byte(0x00);                            // Send Read Device ID Instruction
 202   1        
 203   1        g_iId = 0;
 204   1        g_iId |= spi_WtRd_Byte(0xFF) << 8;              // Read ID
 205   1        g_iId |= spi_WtRd_Byte(0xFF);
 206   1        
 207   1        O_IO_CS = 1;                                    // Disable Slave
 208   1      }


MODULE INFORMATION:   STATIC OVERLAYABLE
   CODE SIZE        =    412    ----
   CONSTANT SIZE    =   ----    ----
   XDATA SIZE       =   ----    ----
   PDATA SIZE       =   ----    ----
   DATA SIZE        =      2      18
   IDATA SIZE       =   ----    ----
   BIT SIZE         =   ----    ----
END OF MODULE INFORMATION.


C51 COMPILATION COMPLETE.  0 WARNING(S),  0 ERROR(S)
