C51 COMPILER V9.56.0.0   SYS_TICK                                                          03/15/2024 10:48:47 PAGE 1   


C51 COMPILER V9.56.0.0, COMPILATION OF MODULE SYS_TICK
OBJECT MODULE PLACED IN .\Objects\sys_tick.obj
COMPILER INVOKED BY: C:\Keil_v5\C51\BIN\C51.EXE Source\sys_tick.c OPTIMIZE(8,SPEED) BROWSE INCDIR(.\Source;.\Source;.\So
                    -urce\Buzzer;.\Source\CHRG;.\Source\KEY;.\Source\Timer;.\Source\IIC;.\Source\USER;.\Source\SYS;.\Source\UART;.\Source\LCD
                    -;.\Source\LED;.\Source\INC;.\Source\InfraRed;.\Source\ISP;.\Source\WS2811;.\Source\RF;.\Hardware\SN8F5702_Hardware\inc;.
                    -\Source\AHT10) DEBUG OBJECTEXTEND PRINT(.\Listings\sys_tick.lst) TABS(2) OBJECT(.\Objects\sys_tick.obj)

line level    source

   1          #include "sys_tick.h"
   2          uint8_t  sys_tick_10ms ;
   3          uint8_t  sys_tick_100ms ;
   4          uint8_t  sys_tick_1s ;
   5          uint8_t  sys_tick_1min ;
   6          uint8_t  sys_tick_flag;
   7          /***********************************************************
   8          **函数名     :sys_tick_init
   9          **功能描述   :
  10          **
  11          **输入参数   : 
  12          **
  13          **返回参数   :
  14          **
  15          **使用说明   :T0 做系统心跳定时器 初始化 1MS 定时  做系统心跳 
  16          ***********************************************************/
  17          void sys_tick_init(void)
  18          {
  19   1        TMOD = 0x06;          //8位自动重装载定时器
  20   1        TCON0 = 0x00;          
  21   1        TH0 = 256-250;             
  22   1        TL0 = 256-250;                  
  23   1        TR0 = 1;                      
  24   1        ET0 = 1;   
  25   1        EAL = 1;
  26   1      }
  27          
  28          /***********************************************************
  29          **函数名     :
  30          **功能描述   :
  31          **
  32          **输入参数   : 
  33          **
  34          **返回参数   :
  35          **
  36          **使用说明   :T0 中断 
  37          ***********************************************************/
  38          void sys_tick_ISR(void) interrupt ISRTimer0   // Vector @  0x0B
  39          {
  40   1        sys_tick_flag |= 0x01;
  41   1        if(++sys_tick_10ms >= 10 ){
  42   2          sys_tick_10ms = 0;
  43   2          sys_tick_flag |= 0x02;
  44   2          if(++sys_tick_100ms >= 10){
  45   3            sys_tick_100ms = 0;
  46   3            sys_tick_flag |= 0x04;
  47   3            if(++sys_tick_1s >= 10){
  48   4              sys_tick_1s = 0;
  49   4              sys_tick_flag |= 0x08;
  50   4              if(++sys_tick_1min >= 60){
  51   5                sys_tick_1min = 0;
  52   5                sys_tick_flag |= 0x10;
C51 COMPILER V9.56.0.0   SYS_TICK                                                          03/15/2024 10:48:47 PAGE 2   

  53   5              }     
  54   4            }
  55   3          }     
  56   2        }
  57   1      }
  58          
  59          /***********************************************************
  60          **函数名     :get_sys_tick()
  61          **功能描述   :
  62          **
  63          **输入参数   : systick  心跳参数 1ms 10ms 100ms  1s 1min 
  64          **
  65          **返回参数   :
  66          **
  67          **使用说明   :获取系统心跳 如果有则返回1 
  68          ***********************************************************/
  69          uint8_t get_sys_tick(uint8_t systick)
  70          {
  71   1        uint8_t tick = 0;
  72   1      
  73   1        tick = sys_tick_flag & systick;
  74   1        
  75   1        if(tick)
  76   1          sys_tick_flag &= ~systick;
  77   1        
  78   1        return tick;
  79   1      }


MODULE INFORMATION:   STATIC OVERLAYABLE
   CODE SIZE        =    101    ----
   CONSTANT SIZE    =   ----    ----
   XDATA SIZE       =   ----    ----
   PDATA SIZE       =   ----    ----
   DATA SIZE        =      5    ----
   IDATA SIZE       =   ----    ----
   BIT SIZE         =   ----    ----
END OF MODULE INFORMATION.


C51 COMPILATION COMPLETE.  0 WARNING(S),  0 ERROR(S)
