BL51 BANKED LINKER/LOCATER V6.22                                                        03/27/2024  10:53:07  PAGE 1


BL51 BANKED LINKER/LOCATER V6.22, INVOKED BY:
C:\KEIL_V5\C51\BIN\BL51.EXE .\Objects\STARTUP.obj, .\Objects\OPTIONS_SN8F5708.obj, .\Objects\main.obj, .\Objects\7segmen
>> t_led.obj, .\Objects\adc.obj TO .\Objects\key_demo PRINT (.\Listings\key_demo.m51) RAMSIZE (256)


MEMORY MODEL: SMALL


INPUT MODULES INCLUDED:
  .\Objects\STARTUP.obj (?C_STARTUP)
  .\Objects\OPTIONS_SN8F5708.obj (OPTIONS_SN8F5708)
  .\Objects\main.obj (MAIN)
  .\Objects\7segment_led.obj (7SEGMENT_LED)
  .\Objects\adc.obj (ADC)
  C:\KEIL_V5\C51\LIB\C51S.LIB (?C_INIT)
  C:\KEIL_V5\C51\LIB\C51S.LIB (?C?UIDIV)


LINK MAP OF MODULE:  .\Objects\key_demo (?C_STARTUP)


            TYPE    BASE      LENGTH    RELOCATION   SEGMENT NAME
            -----------------------------------------------------

            * * * * * * *   D A T A   M E M O R Y   * * * * * * *
            REG     0000H     0008H     ABSOLUTE     "REG BANK 0"
            DATA    0008H     0008H     UNIT         _DATA_GROUP_
            DATA    0010H     0005H     UNIT         ?DT?7SEGMENT_LED
            DATA    0015H     0004H     UNIT         ?DT?MAIN
            IDATA   0019H     0001H     UNIT         ?STACK

            * * * * * * *   C O D E   M E M O R Y   * * * * * * *
            CODE    0000H     0003H     ABSOLUTE     
            CODE    0003H     0095H     UNIT         ?PR?_SEGMENT_DISPLAY?7SEGMENT_LED
            CODE    0098H     0092H     UNIT         ?PR?_GETAD?ADC
            CODE    012AH     008CH     UNIT         ?C_C51STARTUP
            CODE    01B6H     0069H     UNIT         ?PR?_SEGMENT_DISPLAYHEX?7SEGMENT_LED
            CODE    021FH     0055H     UNIT         ?C?LIB_CODE
            CODE    0274H     0047H     UNIT         ?PR?MAIN?MAIN
            CODE    02BBH     003AH     UNIT         ?PR?SEGMENT_LED_SCAN?7SEGMENT_LED
            CODE    02F5H     0023H     UNIT         ?PR?_DELAY_MS?MAIN
            CODE    0318H     0010H     UNIT         ?CO?7SEGMENT_LED
            CODE    0328H     0010H     UNIT         ?PR?ADC_CONFIG?ADC
            CODE    0338H     000DH     UNIT         ?PR?SEGMENT_LED_CONFIG?7SEGMENT_LED
            CODE    0345H     0004H     UNIT         ?C_INITSEG
                    0349H     3CB2H                  *** GAP ***
            CODE    3FFBH     0005H     ABSOLUTE     



OVERLAY MAP OF MODULE:   .\Objects\key_demo (?C_STARTUP)


SEGMENT                                        DATA_GROUP 
  +--> CALLED SEGMENT                        START    LENGTH
------------------------------------------------------------
?C_C51STARTUP                                -----    -----
  +--> ?PR?MAIN?MAIN
BL51 BANKED LINKER/LOCATER V6.22                                                      03/27/2024  10:53:07  PAGE 2


  +--> ?C_INITSEG

?PR?MAIN?MAIN                                -----    -----
  +--> ?PR?SEGMENT_LED_CONFIG?7SEGMENT_LED
  +--> ?PR?ADC_CONFIG?ADC
  +--> ?PR?_DELAY_MS?MAIN
  +--> ?PR?SEGMENT_LED_SCAN?7SEGMENT_LED
  +--> ?PR?_SEGMENT_DISPLAY?7SEGMENT_LED
  +--> ?PR?_GETAD?ADC

?PR?_SEGMENT_DISPLAY?7SEGMENT_LED            -----    -----
  +--> ?CO?7SEGMENT_LED

?PR?_GETAD?ADC                               0008H    0008H



SYMBOL TABLE OF MODULE:  .\Objects\key_demo (?C_STARTUP)

  VALUE           TYPE          NAME
  ----------------------------------

  -------         MODULE        ?C_STARTUP
  C:012AH         SEGMENT       ?C_C51STARTUP
  I:0019H         SEGMENT       ?STACK
  C:0000H         PUBLIC        ?C_STARTUP
  D:00E0H         SYMBOL        ACC
  D:00F0H         SYMBOL        B
  D:0083H         SYMBOL        DPH
  D:0082H         SYMBOL        DPL
  N:0000H         SYMBOL        IBPSTACK
  N:0100H         SYMBOL        IBPSTACKTOP
  N:0100H         SYMBOL        IDATALEN
  C:012DH         SYMBOL        IDATALOOP
  N:0000H         SYMBOL        PBPSTACK
  N:0100H         SYMBOL        PBPSTACKTOP
  N:0000H         SYMBOL        PDATALEN
  N:0000H         SYMBOL        PDATASTART
  N:0000H         SYMBOL        PPAGE
  N:0000H         SYMBOL        PPAGEENABLE
  D:00A0H         SYMBOL        PPAGE_SFR
  D:0081H         SYMBOL        SP
  C:012AH         SYMBOL        STARTUP1
  N:0000H         SYMBOL        XBPSTACK
  N:0000H         SYMBOL        XBPSTACKTOP
  N:0000H         SYMBOL        XDATALEN
  N:0000H         SYMBOL        XDATASTART
  C:0000H         LINE#         126
  C:012AH         LINE#         133
  C:012CH         LINE#         134
  C:012DH         LINE#         135
  C:012EH         LINE#         136
  C:0130H         LINE#         185
  C:0133H         LINE#         196
  -------         ENDMOD        ?C_STARTUP

  -------         MODULE        OPTIONS_SN8F5708
BL51 BANKED LINKER/LOCATER V6.22                                                      03/27/2024  10:53:07  PAGE 3


  N:000EH         SYMBOL        CLOCKSRC_SET
  N:0006H         SYMBOL        LVDMODE_SET
  N:0001H         SYMBOL        NOISEFILT_SET
  N:0010H         SYMBOL        RESETPIN_SET
  N:0001H         SYMBOL        SECURITY_SET
  N:00C0H         SYMBOL        WATCHCLK_SET
  N:0050H         SYMBOL        WATCHDOG_SET
  -------         ENDMOD        OPTIONS_SN8F5708

  -------         MODULE        MAIN
  C:0000H         SYMBOL        _ICE_DUMMY_
  D:0080H         PUBLIC        P0
  D:0090H         PUBLIC        P1
  D:00A0H         PUBLIC        P2
  D:00B0H         PUBLIC        P3
  D:00E8H         PUBLIC        P4
  D:00F8H         PUBLIC        P5
  D:00A8H         PUBLIC        IEN0
  D:00B8H         PUBLIC        IEN1
  D:00D8H         PUBLIC        S0CON2
  C:0274H         PUBLIC        main
  D:00E6H         PUBLIC        CLKCMD
  D:0088H         PUBLIC        TCON
  D:00E5H         PUBLIC        CLKSEL
  D:0086H         PUBLIC        WDTR
  D:0015H         PUBLIC        ad_value
  C:02F5H         PUBLIC        _delay_ms
  D:0098H         PUBLIC        S0CON
  D:00C8H         PUBLIC        T2CON
  D:0017H         PUBLIC        sys_count
  D:008EH         PUBLIC        CKCON
  D:00D0H         PUBLIC        PSW
  D:00C0H         PUBLIC        IRCON
  -------         PROC          MAIN
  C:0274H         LINE#         17
  C:0274H         LINE#         18
  C:0274H         LINE#         19
  C:0277H         LINE#         20
  C:027AH         LINE#         21
  C:027DH         LINE#         22
  C:0280H         LINE#         23
  C:0283H         LINE#         24
  C:0286H         LINE#         25
  C:0286H         LINE#         26
  C:0286H         LINE#         27
  C:0289H         LINE#         28
  C:0290H         LINE#         29
  C:0293H         LINE#         30
  C:029AH         LINE#         31
  C:02ABH         LINE#         32
  C:02ABH         LINE#         33
  C:02B0H         LINE#         34
  C:02B9H         LINE#         36
  C:02B9H         LINE#         37
  -------         ENDPROC       MAIN
  -------         PROC          _DELAY_MS
  D:0006H         SYMBOL        ms
BL51 BANKED LINKER/LOCATER V6.22                                                      03/27/2024  10:53:07  PAGE 4


  -------         DO            
  D:0004H         SYMBOL        i
  D:0002H         SYMBOL        j
  -------         ENDDO         
  C:02F5H         LINE#         48
  C:02F5H         LINE#         49
  C:02F5H         LINE#         51
  C:02F8H         LINE#         52
  C:02F8H         LINE#         53
  C:02FBH         LINE#         54
  C:030CH         LINE#         55
  C:0317H         LINE#         56
  -------         ENDPROC       _DELAY_MS
  -------         ENDMOD        MAIN

  -------         MODULE        7SEGMENT_LED
  C:0000H         SYMBOL        _ICE_DUMMY_
  D:0080H         PUBLIC        P0
  D:0090H         PUBLIC        P1
  D:00A0H         PUBLIC        P2
  D:00B0H         PUBLIC        P3
  D:00E8H         PUBLIC        P4
  D:00F8H         PUBLIC        P5
  D:00A8H         PUBLIC        IEN0
  D:00B8H         PUBLIC        IEN1
  C:02BBH         PUBLIC        segment_led_scan
  D:00D8H         PUBLIC        S0CON2
  C:01B6H         PUBLIC        _segment_displayhex
  C:0318H         PUBLIC        numble_tab
  B:00F8H.0       PUBLIC        P50
  D:0088H         PUBLIC        TCON
  B:00F8H.1       PUBLIC        P51
  B:00F8H.2       PUBLIC        P52
  B:00F8H.3       PUBLIC        P53
  D:0011H         PUBLIC        led_buff
  D:00FCH         PUBLIC        P3M
  D:00FEH         PUBLIC        P5M
  C:0003H         PUBLIC        _segment_display
  D:0098H         PUBLIC        S0CON
  D:00C8H         PUBLIC        T2CON
  C:0338H         PUBLIC        segment_led_config
  D:00D0H         PUBLIC        PSW
  D:00C0H         PUBLIC        IRCON
  -------         PROC          SEGMENT_LED_CONFIG
  C:0338H         LINE#         18
  C:0338H         LINE#         19
  C:0338H         LINE#         20
  C:033BH         LINE#         21
  C:033EH         LINE#         22
  C:0341H         LINE#         23
  C:0344H         LINE#         24
  -------         ENDPROC       SEGMENT_LED_CONFIG
  -------         PROC          SEGMENT_LED_SCAN
  -------         DO            
  D:0010H         SYMBOL        cnt
  -------         ENDDO         
  C:02BBH         LINE#         34
BL51 BANKED LINKER/LOCATER V6.22                                                      03/27/2024  10:53:07  PAGE 5


  C:02BBH         LINE#         35
  C:02BBH         LINE#         37
  C:02BDH         LINE#         38
  C:02BFH         LINE#         39
  C:02C1H         LINE#         40
  C:02C3H         LINE#         41
  C:02D2H         LINE#         42
  C:02D2H         LINE#         43
  C:02D6H         LINE#         44
  C:02DAH         LINE#         45
  C:02DEH         LINE#         46
  C:02E0H         LINE#         47
  C:02E0H         LINE#         48
  C:02E8H         LINE#         51
  C:02F1H         LINE#         52
  C:02F4H         LINE#         53
  -------         ENDPROC       SEGMENT_LED_SCAN
  -------         PROC          _SEGMENT_DISPLAY
  D:0002H         SYMBOL        tempdata
  C:0003H         LINE#         64
  C:0007H         LINE#         65
  C:0007H         LINE#         66
  C:0010H         LINE#         67
  C:0013H         LINE#         68
  C:0016H         LINE#         69
  C:0019H         LINE#         70
  C:001CH         LINE#         71
  C:001DH         LINE#         72
  C:0036H         LINE#         73
  C:0045H         LINE#         74
  C:005AH         LINE#         75
  C:0069H         LINE#         76
  C:007EH         LINE#         77
  C:0089H         LINE#         78
  C:0097H         LINE#         79
  C:0097H         LINE#         80
  -------         ENDPROC       _SEGMENT_DISPLAY
  -------         PROC          _SEGMENT_DISPLAYHEX
  D:0006H         SYMBOL        tempdata
  C:01B6H         LINE#         90
  C:01B6H         LINE#         91
  C:01B6H         LINE#         92
  C:01C8H         LINE#         93
  C:01D6H         LINE#         94
  C:01E5H         LINE#         95
  C:01F3H         LINE#         96
  C:0202H         LINE#         97
  C:020DH         LINE#         98
  C:021EH         LINE#         99
  -------         ENDPROC       _SEGMENT_DISPLAYHEX
  -------         ENDMOD        7SEGMENT_LED

  -------         MODULE        ADC
  C:0000H         SYMBOL        _ICE_DUMMY_
  D:0080H         PUBLIC        P0
  D:0090H         PUBLIC        P1
  D:00A0H         PUBLIC        P2
BL51 BANKED LINKER/LOCATER V6.22                                                      03/27/2024  10:53:07  PAGE 6


  D:00B0H         PUBLIC        P3
  C:0328H         PUBLIC        adc_config
  D:00E8H         PUBLIC        P4
  D:00F8H         PUBLIC        P5
  D:00A8H         PUBLIC        IEN0
  D:00B8H         PUBLIC        IEN1
  D:00D8H         PUBLIC        S0CON2
  C:0098H         PUBLIC        _GetAD
  D:0088H         PUBLIC        TCON
  D:00D3H         PUBLIC        ADB
  D:00D2H         PUBLIC        ADM
  D:00D4H         PUBLIC        ADR
  D:0098H         PUBLIC        S0CON
  D:00D6H         PUBLIC        P4CON
  D:00C8H         PUBLIC        T2CON
  D:00D0H         PUBLIC        PSW
  D:00D5H         PUBLIC        VREFH
  D:00C0H         PUBLIC        IRCON
  -------         PROC          ADC_CONFIG
  C:0328H         LINE#         11
  C:0328H         LINE#         12
  C:0328H         LINE#         14
  C:032BH         LINE#         15
  C:032EH         LINE#         16
  C:0331H         LINE#         17
  C:0334H         LINE#         18
  C:0337H         LINE#         19
  -------         ENDPROC       ADC_CONFIG
  -------         PROC          _GETAD
  D:0007H         SYMBOL        ad_channel
  -------         DO            
  D:0005H         SYMBOL        i
  D:0008H         SYMBOL        j
  D:000AH         SYMBOL        temp_ad_max
  D:000CH         SYMBOL        temp_ad_min
  D:0002H         SYMBOL        temp_ad_buf
  D:000EH         SYMBOL        temp_ad_data
  -------         ENDDO         
  C:0098H         LINE#         29
  C:0098H         LINE#         30
  C:0098H         LINE#         31
  C:009AH         LINE#         32
  C:009EH         LINE#         33
  C:00A2H         LINE#         34
  C:00A8H         LINE#         35
  C:00ABH         LINE#         36
  C:00AFH         LINE#         38
  C:00B6H         LINE#         40
  C:00B6H         LINE#         41
  C:00B6H         LINE#         42
  C:00B9H         LINE#         43
  C:00BEH         LINE#         44
  C:00C1H         LINE#         46
  C:00C7H         LINE#         47
  C:00DEH         LINE#         48
  C:00E8H         LINE#         50
  C:00F1H         LINE#         51
BL51 BANKED LINKER/LOCATER V6.22                                                      03/27/2024  10:53:07  PAGE 7


  C:00F1H         LINE#         52
  C:00F5H         LINE#         53
  C:00F5H         LINE#         54
  C:00FEH         LINE#         55
  C:00FEH         LINE#         56
  C:0102H         LINE#         57
  C:0102H         LINE#         58
  C:0106H         LINE#         60
  C:0128H         LINE#         61
  C:0129H         LINE#         62
  -------         ENDPROC       _GETAD
  -------         ENDMOD        ADC

  -------         MODULE        ?C?UIDIV
  C:021FH         PUBLIC        ?C?UIDIV
  -------         ENDMOD        ?C?UIDIV

*** WARNING L16: UNCALLED SEGMENT, IGNORED FOR OVERLAY PROCESS
    SEGMENT: ?PR?_SEGMENT_DISPLAYHEX?7SEGMENT_LED

Program Size: data=26.0 xdata=0 code=846
LINK/LOCATE RUN COMPLETE.  1 WARNING(S),  0 ERROR(S)
