C51 COMPILER V9.56.0.0   MAIN                                                              03/25/2024 18:17:30 PAGE 1   


C51 COMPILER V9.56.0.0, COMPILATION OF MODULE MAIN
OBJECT MODULE PLACED IN .\Objects\main.obj
COMPILER INVOKED BY: C:\Keil_v5\C51\BIN\C51.EXE Source\main.c OPTIMIZE(8,SPEED) BROWSE INCDIR(.\Source;.\Source;.\Source
                    -\Buzzer;.\Source\CHRG;.\Source\KEY;.\Source\Timer;.\Source\IIC;.\Source\USER;.\Source\SYS;.\Source\UART;.\Source\LCD;.\S
                    -ource\LED;.\Source\INC;.\Source\InfraRed;.\Source\ISP;.\Source\WS2811;.\Source\RF;.\Hardware\SN8F5702_Hardware\inc;.\Sou
                    -rce\AHT10) DEBUG OBJECTEXTEND PRINT(.\Listings\main.lst) TABS(2) OBJECT(.\Objects\main.obj)

line level    source

   1          #define __XRAM_SFR_H__
   2          #include "mcu.h"
   3          #include "7segment_led.h"
   4          #include "adc.h"
   5          void delay_ms(uint16_t ms);
   6          uint16_t sys_count;
   7          uint16_t ad_value;
   8          /***********************************************************
   9          **Function name   :
  10          **
  11          **Input parameter : 
  12          **
  13          **Input parameter :
  14          **
  15          **Description     :
  16          ***********************************************************/
  17          int main(void)
  18          { 
  19   1        CKCON   = 0X70;
  20   1        CLKSEL  = 0X05;               //Fcpu = 32M/4
  21   1        CLKCMD  = 0X69;               
  22   1        CKCON   = 0X00;   
  23   1        segment_led_config();
  24   1        adc_config();
  25   1        while(1)
  26   1        {
  27   2          WDTR = 0x5A;                //CLR WDTR
  28   2          delay_ms(10);
  29   2          segment_led_scan();
  30   2          segment_display(ad_value);  // 
  31   2          if(++sys_count > 40)
  32   2          {
  33   3            sys_count = 0;
  34   3            ad_value = GetAD(1);
  35   3            
  36   3          }
  37   2        }
  38   1      }
  39          /***********************************************************
  40          **Function name   :delay_ms
  41          **
  42          **Input parameter : uint16_t ms
  43          **
  44          **Input parameter :
  45          **
  46          **Description     : Software delay ms
  47          ***********************************************************/
  48          void delay_ms(uint16_t ms)
  49          {
  50   1        uint16_t i,j;
  51   1        for(i = 0; i < 100;i++)
  52   1        {
C51 COMPILER V9.56.0.0   MAIN                                                              03/25/2024 18:17:30 PAGE 2   

  53   2          WDTR = 0x5A;
  54   2          for(j=0;j<ms;j++);
  55   2        }
  56   1      }
  57            


MODULE INFORMATION:   STATIC OVERLAYABLE
   CODE SIZE        =    106    ----
   CONSTANT SIZE    =   ----    ----
   XDATA SIZE       =   ----    ----
   PDATA SIZE       =   ----    ----
   DATA SIZE        =      4    ----
   IDATA SIZE       =   ----    ----
   BIT SIZE         =   ----    ----
END OF MODULE INFORMATION.


C51 COMPILATION COMPLETE.  0 WARNING(S),  0 ERROR(S)
