GowinSynthesis start
Running parser ...
Analyzing Verilog file 'C:\Gowin\Watchdog_UART\src\watchdog_top.v'
Analyzing Verilog file 'C:\Gowin\Watchdog_UART\src\watchdog_core.v'
Analyzing Verilog file 'C:\Gowin\Watchdog_UART\src\config_reg.v'
Analyzing Verilog file 'C:\Gowin\Watchdog_UART\src\sync_debounce.v'
Analyzing Verilog file 'C:\Gowin\Watchdog_UART\src\uart_rx.v'
Analyzing Verilog file 'C:\Gowin\Watchdog_UART\src\uart_tx.v'
Compiling module 'watchdog_top'("C:\Gowin\Watchdog_UART\src\watchdog_top.v":29)
Compiling module 'sync_debounce'("C:\Gowin\Watchdog_UART\src\sync_debounce.v":24)
Compiling module 'uart_rx'("C:\Gowin\Watchdog_UART\src\uart_rx.v":24)
Compiling module 'uart_tx'("C:\Gowin\Watchdog_UART\src\uart_tx.v":26)
Compiling module 'config_reg'("C:\Gowin\Watchdog_UART\src\config_reg.v":38)
Compiling module 'watchdog_core'("C:\Gowin\Watchdog_UART\src\watchdog_core.v":28)
NOTE  (EX0101) : Current top module is "watchdog_top"
[5%] Running netlist conversion ...
Running device independent optimization ...
[10%] Optimizing Phase 0 completed
[15%] Optimizing Phase 1 completed
[25%] Optimizing Phase 2 completed
Running inference ...
[30%] Inferring Phase 0 completed
[40%] Inferring Phase 1 completed
[50%] Inferring Phase 2 completed
[55%] Inferring Phase 3 completed
Running technical mapping ...
[60%] Tech-Mapping Phase 0 completed
[65%] Tech-Mapping Phase 1 completed
[75%] Tech-Mapping Phase 2 completed
[80%] Tech-Mapping Phase 3 completed
[90%] Tech-Mapping Phase 4 completed
[95%] Generate netlist file "C:\Gowin\impl\gwsynthesis\watchdog_uart.vg" completed
[100%] Generate report file "C:\Gowin\impl\gwsynthesis\watchdog_uart_syn.rpt.html" completed
GowinSynthesis finish
