GowinSynthesis start
Running parser ...
Analyzing Verilog file 'C:\Gowin\Watchdog_UART\src\watchdog_top.v'
Analyzing Verilog file 'C:\Gowin\Watchdog_UART\src\watchdog_core.v'
Analyzing Verilog file 'C:\Gowin\Watchdog_UART\src\config_reg.v'
Analyzing Verilog file 'C:\Gowin\Watchdog_UART\src\uart_rx.v'
Analyzing Verilog file 'C:\Gowin\Watchdog_UART\src\uart_tx.v'
Compiling module 'watchdog_top'("C:\Gowin\Watchdog_UART\src\watchdog_top.v":1)
Compiling module 'uart_rx'("C:\Gowin\Watchdog_UART\src\uart_rx.v":1)
WARN  (EX3791) : Expression size 4 truncated to fit in target size 3("C:\Gowin\Watchdog_UART\src\uart_rx.v":61)
Compiling module 'config_reg'("C:\Gowin\Watchdog_UART\src\config_reg.v":1)
WARN  (EX3791) : Expression size 4 truncated to fit in target size 3("C:\Gowin\Watchdog_UART\src\config_reg.v":47)
Compiling module 'watchdog_core'("C:\Gowin\Watchdog_UART\src\watchdog_core.v":1)
WARN  (EX3045) : Case equality operator always evaluates to false due to comparison with 'x' or 'z'("C:\Gowin\Watchdog_UART\src\watchdog_top.v":60)
NOTE  (EX0101) : Current top module is "watchdog_top"
[5%] Running netlist conversion ...
Running device independent optimization ...
[10%] Optimizing Phase 0 completed
[15%] Optimizing Phase 1 completed
[25%] Optimizing Phase 2 completed
Running inference ...
[30%] Inferring Phase 0 completed
[40%] Inferring Phase 1 completed
[50%] Inferring Phase 2 completed
[55%] Inferring Phase 3 completed
Running technical mapping ...
[60%] Tech-Mapping Phase 0 completed
[65%] Tech-Mapping Phase 1 completed
[75%] Tech-Mapping Phase 2 completed
[80%] Tech-Mapping Phase 3 completed
[90%] Tech-Mapping Phase 4 completed
[95%] Generate netlist file "C:\Gowin\Watchdog_UART\impl\gwsynthesis\watchdog_uart.vg" completed
[100%] Generate report file "C:\Gowin\Watchdog_UART\impl\gwsynthesis\watchdog_uart_syn.rpt.html" completed
GowinSynthesis finish
