Archive member included to satisfy reference by file (symbol)

d:/gmd/toolchain/arm_toolchain/bin/../lib/gcc/arm-none-eabi/8.3.1/../../../../arm-none-eabi/lib/thumb/v7-m/nofp\libg.a(lib_a-exit.o)
                              d:/gmd/toolchain/arm_toolchain/bin/../lib/gcc/arm-none-eabi/8.3.1/../../../../arm-none-eabi/lib/thumb/v7-m/nofp/crt0.o (exit)
d:/gmd/toolchain/arm_toolchain/bin/../lib/gcc/arm-none-eabi/8.3.1/../../../../arm-none-eabi/lib/thumb/v7-m/nofp\libg.a(lib_a-impure.o)
                              d:/gmd/toolchain/arm_toolchain/bin/../lib/gcc/arm-none-eabi/8.3.1/../../../../arm-none-eabi/lib/thumb/v7-m/nofp\libg.a(lib_a-exit.o) (_global_impure_ptr)
d:/gmd/toolchain/arm_toolchain/bin/../lib/gcc/arm-none-eabi/8.3.1/../../../../arm-none-eabi/lib/thumb/v7-m/nofp\libg.a(lib_a-init.o)
                              d:/gmd/toolchain/arm_toolchain/bin/../lib/gcc/arm-none-eabi/8.3.1/../../../../arm-none-eabi/lib/thumb/v7-m/nofp/crt0.o (__libc_init_array)
d:/gmd/toolchain/arm_toolchain/bin/../lib/gcc/arm-none-eabi/8.3.1/../../../../arm-none-eabi/lib/thumb/v7-m/nofp\libg.a(lib_a-memset.o)
                              d:/gmd/toolchain/arm_toolchain/bin/../lib/gcc/arm-none-eabi/8.3.1/../../../../arm-none-eabi/lib/thumb/v7-m/nofp/crt0.o (memset)
d:/gmd/toolchain/arm_toolchain/bin/../lib/gcc/arm-none-eabi/8.3.1/../../../../arm-none-eabi/lib/thumb/v7-m/nofp\libg.a(lib_a-printf.o)
                              ./src/project/timer/timer_demo.o (printf)
d:/gmd/toolchain/arm_toolchain/bin/../lib/gcc/arm-none-eabi/8.3.1/../../../../arm-none-eabi/lib/thumb/v7-m/nofp\libg.a(lib_a-puts.o)
                              ./src/project/timer/timer_demo.o (puts)
d:/gmd/toolchain/arm_toolchain/bin/../lib/gcc/arm-none-eabi/8.3.1/../../../../arm-none-eabi/lib/thumb/v7-m/nofp\libg.a(lib_a-strlen-stub.o)
                              d:/gmd/toolchain/arm_toolchain/bin/../lib/gcc/arm-none-eabi/8.3.1/../../../../arm-none-eabi/lib/thumb/v7-m/nofp\libg.a(lib_a-puts.o) (strlen)
d:/gmd/toolchain/arm_toolchain/bin/../lib/gcc/arm-none-eabi/8.3.1/../../../../arm-none-eabi/lib/thumb/v7-m/nofp\libg.a(lib_a-vfprintf.o)
                              d:/gmd/toolchain/arm_toolchain/bin/../lib/gcc/arm-none-eabi/8.3.1/../../../../arm-none-eabi/lib/thumb/v7-m/nofp\libg.a(lib_a-printf.o) (_vfprintf_r)
d:/gmd/toolchain/arm_toolchain/bin/../lib/gcc/arm-none-eabi/8.3.1/../../../../arm-none-eabi/lib/thumb/v7-m/nofp\libg.a(lib_a-wsetup.o)
                              d:/gmd/toolchain/arm_toolchain/bin/../lib/gcc/arm-none-eabi/8.3.1/../../../../arm-none-eabi/lib/thumb/v7-m/nofp\libg.a(lib_a-vfprintf.o) (__swsetup_r)
d:/gmd/toolchain/arm_toolchain/bin/../lib/gcc/arm-none-eabi/8.3.1/../../../../arm-none-eabi/lib/thumb/v7-m/nofp\libg.a(lib_a-__call_atexit.o)
                              d:/gmd/toolchain/arm_toolchain/bin/../lib/gcc/arm-none-eabi/8.3.1/../../../../arm-none-eabi/lib/thumb/v7-m/nofp\libg.a(lib_a-exit.o) (__call_exitprocs)
d:/gmd/toolchain/arm_toolchain/bin/../lib/gcc/arm-none-eabi/8.3.1/../../../../arm-none-eabi/lib/thumb/v7-m/nofp\libg.a(lib_a-atexit.o)
                              d:/gmd/toolchain/arm_toolchain/bin/../lib/gcc/arm-none-eabi/8.3.1/../../../../arm-none-eabi/lib/thumb/v7-m/nofp\libg.a(lib_a-__call_atexit.o) (atexit)
d:/gmd/toolchain/arm_toolchain/bin/../lib/gcc/arm-none-eabi/8.3.1/../../../../arm-none-eabi/lib/thumb/v7-m/nofp\libg.a(lib_a-dtoa.o)
                              d:/gmd/toolchain/arm_toolchain/bin/../lib/gcc/arm-none-eabi/8.3.1/../../../../arm-none-eabi/lib/thumb/v7-m/nofp\libg.a(lib_a-vfprintf.o) (_dtoa_r)
d:/gmd/toolchain/arm_toolchain/bin/../lib/gcc/arm-none-eabi/8.3.1/../../../../arm-none-eabi/lib/thumb/v7-m/nofp\libg.a(lib_a-fflush.o)
                              d:/gmd/toolchain/arm_toolchain/bin/../lib/gcc/arm-none-eabi/8.3.1/../../../../arm-none-eabi/lib/thumb/v7-m/nofp\libg.a(lib_a-vfprintf.o) (_fflush_r)
d:/gmd/toolchain/arm_toolchain/bin/../lib/gcc/arm-none-eabi/8.3.1/../../../../arm-none-eabi/lib/thumb/v7-m/nofp\libg.a(lib_a-findfp.o)
                              d:/gmd/toolchain/arm_toolchain/bin/../lib/gcc/arm-none-eabi/8.3.1/../../../../arm-none-eabi/lib/thumb/v7-m/nofp\libg.a(lib_a-puts.o) (__sinit)
d:/gmd/toolchain/arm_toolchain/bin/../lib/gcc/arm-none-eabi/8.3.1/../../../../arm-none-eabi/lib/thumb/v7-m/nofp\libg.a(lib_a-fini.o)
                              d:/gmd/toolchain/arm_toolchain/bin/../lib/gcc/arm-none-eabi/8.3.1/../../../../arm-none-eabi/lib/thumb/v7-m/nofp\libg.a(lib_a-__call_atexit.o) (__libc_fini_array)
d:/gmd/toolchain/arm_toolchain/bin/../lib/gcc/arm-none-eabi/8.3.1/../../../../arm-none-eabi/lib/thumb/v7-m/nofp\libg.a(lib_a-freer.o)
                              d:/gmd/toolchain/arm_toolchain/bin/../lib/gcc/arm-none-eabi/8.3.1/../../../../arm-none-eabi/lib/thumb/v7-m/nofp\libg.a(lib_a-vfprintf.o) (_free_r)
d:/gmd/toolchain/arm_toolchain/bin/../lib/gcc/arm-none-eabi/8.3.1/../../../../arm-none-eabi/lib/thumb/v7-m/nofp\libg.a(lib_a-fvwrite.o)
[...]
Memory Configuration

Name             Origin             Length             Attributes
FLASH            0x00000000         0x00008000         xr
RAM              0x20000000         0x00004000         xrw
*default*        0x00000000         0xffffffff

Linker script and memory map

LOAD d:/gmd/toolchain/arm_toolchain/bin/../lib/gcc/arm-none-eabi/8.3.1/thumb/v7-m/nofp/crti.o
LOAD d:/gmd/toolchain/arm_toolchain/bin/../lib/gcc/arm-none-eabi/8.3.1/thumb/v7-m/nofp/crtbegin.o
LOAD d:/gmd/toolchain/arm_toolchain/bin/../lib/gcc/arm-none-eabi/8.3.1/../../../../arm-none-eabi/lib/thumb/v7-m/nofp/crt0.o
LOAD ./src/project/wdog/wdog_demo.o
LOAD ./src/project/uart_rx_intr/uart_rx_intr_demo.o
LOAD ./src/project/uart_rx/uart_rx_demo.o
LOAD ./src/project/timer/timer_demo.o
LOAD ./src/project/spi_master/spi_master_demo.o
LOAD ./src/project/spi_flash/spiflash_demo.o
LOAD ./src/project/rtc/rtc_demo.o
LOAD ./src/project/psram/psram_demo.o
LOAD ./src/project/printf/printf_demo.o
LOAD ./src/project/led/led_demo.o
LOAD ./src/project/keyscan/keyscan_demo.o
LOAD ./src/project/interrupt/interrupt_demo.o
LOAD ./src/project/i2c_master/i2c_master_demo.o
LOAD ./src/project/hyper_ram/hyper_ram_demo.o
LOAD ./src/project/gpio_in_intr/gpio_in_intr_demo.o
LOAD ./src/project/dmm/dmm_demo.o
LOAD ./src/project/apb2_master/apb2_master_demo.o
LOAD ./src/project/ahb2_master/ahb2_master_demo.o
LOAD ./src/project/main.o
LOAD ./src/library/middlewares/uart/gmd/retarget.o
LOAD ./src/library/middlewares/uart/uart.o
LOAD ./src/library/middlewares/spi_flash/spi_flash.o
LOAD ./src/library/middlewares/psram/psram.o
LOAD ./src/library/middlewares/hyper_ram/hyper_ram.o
LOAD ./src/library/middlewares/gpio/gpio.o
LOAD ./src/library/middlewares/dmm/malloc.o
LOAD ./src/library/middlewares/delay/delay.o
LOAD ./src/library/libraries/drivers/src/gw1ns4c_gpio.o
LOAD ./src/library/libraries/drivers/src/gw1ns4c_i2c.o
LOAD ./src/library/libraries/drivers/src/gw1ns4c_misc.o
LOAD ./src/library/libraries/drivers/src/gw1ns4c_rtc.o
LOAD ./src/library/libraries/drivers/src/gw1ns4c_spi.o
LOAD ./src/library/libraries/drivers/src/gw1ns4c_syscon.o
LOAD ./src/library/libraries/drivers/src/gw1ns4c_timer.o
LOAD ./src/library/libraries/drivers/src/gw1ns4c_uart.o
LOAD ./src/library/libraries/drivers/src/gw1ns4c_wdog.o
LOAD ./src/library/libraries/cmsis/cm3/device_support/startup/gmd/startup_gw1ns4c.o
LOAD ./src/library/libraries/cmsis/cm3/device_support/system_gw1ns4c.o
LOAD ./src/library/libraries/cmsis/cm3/core_support/gmd/core_cm3.o
START GROUP
LOAD d:/gmd/toolchain/arm_toolchain/bin/../lib/gcc/arm-none-eabi/8.3.1/thumb/v7-m/nofp\libgcc.a
LOAD d:/gmd/toolchain/arm_toolchain/bin/../lib/gcc/arm-none-eabi/8.3.1/../../../../arm-none-eabi/lib/thumb/v7-m/nofp\libg.a
LOAD d:/gmd/toolchain/arm_toolchain/bin/../lib/gcc/arm-none-eabi/8.3.1/../../../../arm-none-eabi/lib/thumb/v7-m/nofp\libc.a
END GROUP
LOAD d:/gmd/toolchain/arm_toolchain/bin/../lib/gcc/arm-none-eabi/8.3.1/thumb/v7-m/nofp/crtend.o
LOAD d:/gmd/toolchain/arm_toolchain/bin/../lib/gcc/arm-none-eabi/8.3.1/thumb/v7-m/nofp/crtn.o
START GROUP
LOAD d:/gmd/toolchain/arm_toolchain/bin/../lib/gcc/arm-none-eabi/8.3.1/thumb/v7-m/nofp\libgcc.a
LOAD d:/gmd/toolchain/arm_toolchain/bin/../lib/gcc/arm-none-eabi/8.3.1/../../../../arm-none-eabi/lib/thumb/v7-m/nofp\libc.a
LOAD d:/gmd/toolchain/arm_toolchain/bin/../lib/gcc/arm-none-eabi/8.3.1/../../../../arm-none-eabi/lib/thumb/v7-m/nofp\libm.a
LOAD d:/gmd/toolchain/arm_toolchain/bin/../lib/gcc/arm-none-eabi/8.3.1/../../../../arm-none-eabi/lib/thumb/v7-m/nofp\libnosys.a
END GROUP

.text           0x00000000     0x6505
 *(.isr_vector)
 .isr_vector    0x00000000       0xc0 ./src/library/libraries/cmsis/cm3/device_support/startup/gmd/startup_gw1ns4c.o
                0x00000000                __isr_vector
 *(.text*)
 .text.timer_init
                0x000000c0       0x40 ./src/project/timer/timer_demo.o
                0x000000c0                timer_init
 .text.TIMER0_Handler
                0x00000100       0x2c ./src/project/timer/timer_demo.o
                0x00000100                TIMER0_Handler
 .text.timer_demo
                0x0000012c       0x90 ./src/project/timer/timer_demo.o
                0x0000012c                timer_demo
 .text.main     0x000001bc        0xe ./src/project/main.o
                0x000001bc                main
 .text._write   0x000001ca       0x3e ./src/library/middlewares/uart/gmd/retarget.o
                0x000001ca                _write
 .text.uart_init
                0x00000208       0x4e ./src/library/middlewares/uart/uart.o
                0x00000208                uart_init
 *fill*         0x00000256        0x2 
 .text.NVIC_GetPriorityGrouping
                0x00000258       0x1c ./src/library/libraries/drivers/src/gw1ns4c_misc.o
 .text.NVIC_EnableIRQ
                0x00000274       0x30 ./src/library/libraries/drivers/src/gw1ns4c_misc.o
 .text.NVIC_SetPriority
                0x000002a4       0x54 ./src/library/libraries/drivers/src/gw1ns4c_misc.o
 .text.NVIC_EncodePriority
                0x000002f8       0x64 ./src/library/libraries/drivers/src/gw1ns4c_misc.o
 .text.nvic_irq_enable
                0x0000035c       0x42 ./src/library/libraries/drivers/src/gw1ns4c_misc.o
                0x0000035c                nvic_irq_enable
 .text.TIMER_StartTimer
                0x0000039e       0x1e ./src/library/libraries/drivers/src/gw1ns4c_timer.o
                0x0000039e                TIMER_StartTimer
 .text.TIMER_GetIRQStatus
                0x000003bc       0x18 ./src/library/libraries/drivers/src/gw1ns4c_timer.o
                0x000003bc                TIMER_GetIRQStatus
 .text.TIMER_ClearIRQ
                0x000003d4       0x18 ./src/library/libraries/drivers/src/gw1ns4c_timer.o
                0x000003d4                TIMER_ClearIRQ
 .text.TIMER_EnableIRQ
                0x000003ec       0x1e ./src/library/libraries/drivers/src/gw1ns4c_timer.o
                0x000003ec                TIMER_EnableIRQ
 *fill*         0x0000040a        0x2 
 .text.UART_Init
                0x0000040c       0xd8 ./src/library/libraries/drivers/src/gw1ns4c_uart.o
                0x0000040c                UART_Init
 .text.UART_SendChar
                0x000004e4       0x2c ./src/library/libraries/drivers/src/gw1ns4c_uart.o
                0x000004e4                UART_SendChar
 .text          0x00000510       0x98 ./src/library/libraries/cmsis/cm3/device_support/startup/gmd/startup_gw1ns4c.o
                0x00000510                Reset_Handler
                0x00000558                NMI_Handler
                0x0000055a                HardFault_Handler
                0x0000055c                MemManage_Handler
                0x0000055e                BusFault_Handler
                0x00000560                UsageFault_Handler
                0x00000562                SVC_Handler
                0x00000564                DebugMon_Handler
                0x00000566                PendSV_Handler
                0x00000568                SysTick_Handler
                0x0000056a                UART0_Handler
                0x0000056c                USER_INT0_Handler
                0x0000056e                UART1_Handler
                0x00000570                USER_INT1_Handler
                0x00000572                USER_INT2_Handler
                0x00000574                RTC_Handler
                0x00000576                PORT0_COMB_Handler
                0x00000578                USER_INT3_Handler
                0x0000057c                TIMER1_Handler
                0x0000057e                I2C_Handler
                0x00000580                UARTOVF_Handler
                0x00000582                USER_INT4_Handler
                0x00000584                USER_INT5_Handler
                0x00000586                Spare15_Handler
                0x00000588                PORT0_0_Handler
                0x0000058a                PORT0_1_Handler
                0x0000058c                PORT0_2_Handler
                0x0000058e                PORT0_3_Handler
                0x00000590                PORT0_4_Handler
                0x00000592                PORT0_5_Handler
                0x00000594                PORT0_6_Handler
                0x00000596                PORT0_7_Handler
                0x00000598                PORT0_8_Handler
                0x0000059a                PORT0_9_Handler
                0x0000059c                PORT0_10_Handler
                0x0000059e                PORT0_11_Handler
                0x000005a0                PORT0_12_Handler
                0x000005a2                PORT0_13_Handler
                0x000005a4                PORT0_14_Handler
                0x000005a6                PORT0_15_Handler
 .text.SystemInit
                0x000005a8       0x40 ./src/library/libraries/cmsis/cm3/device_support/system_gw1ns4c.o
                0x000005a8                SystemInit
 .text.exit     0x000005e8       0x20 d:/gmd/toolchain/arm_toolchain/bin/../lib/gcc/arm-none-eabi/8.3.1/../../../../arm-none-eabi/lib/thumb/v7-m/nofp\libg.a(lib_a-exit.o)
                0x000005e8                exit
 .text.memset   0x00000608       0xa0 d:/gmd/toolchain/arm_toolchain/bin/../lib/gcc/arm-none-eabi/8.3.1/../../../../arm-none-eabi/lib/thumb/v7-m/nofp\libg.a(lib_a-memset.o)
                0x00000608                memset
 .text.printf   0x000006a8       0x28 d:/gmd/toolchain/arm_toolchain/bin/../lib/gcc/arm-none-eabi/8.3.1/../../../../arm-none-eabi/lib/thumb/v7-m/nofp\libg.a(lib_a-printf.o)
                0x000006a8                printf
 .text._puts_r  0x000006d0       0x9c d:/gmd/toolchain/arm_toolchain/bin/../lib/gcc/arm-none-eabi/8.3.1/../../../../arm-none-eabi/lib/thumb/v7-m/nofp\libg.a(lib_a-puts.o)
                0x000006d0                _puts_r
 .text.puts     0x0000076c       0x10 d:/gmd/toolchain/arm_toolchain/bin/../lib/gcc/arm-none-eabi/8.3.1/../../../../arm-none-eabi/lib/thumb/v7-m/nofp\libg.a(lib_a-puts.o)
                0x0000076c                puts
 .text.strlen   0x0000077c       0x5c d:/gmd/toolchain/arm_toolchain/bin/../lib/gcc/arm-none-eabi/8.3.1/../../../../arm-none-eabi/lib/thumb/v7-m/nofp\libg.a(lib_a-strlen-stub.o)
                0x0000077c                strlen
 .text._vfprintf_r
                0x000007d8     0x1b04 d:/gmd/toolchain/arm_toolchain/bin/../lib/gcc/arm-none-eabi/8.3.1/../../../../arm-none-eabi/lib/thumb/v7-m/nofp\libg.a(lib_a-vfprintf.o)
                0x000007d8                _vfprintf_r
 .text.__sbprintf
                0x000022dc       0x88 d:/gmd/toolchain/arm_toolchain/bin/../lib/gcc/arm-none-eabi/8.3.1/../../../../arm-none-eabi/lib/thumb/v7-m/nofp\libg.a(lib_a-vfprintf.o)
 .text.__swsetup_r
                0x00002364       0xcc d:/gmd/toolchain/arm_toolchain/bin/../lib/gcc/arm-none-eabi/8.3.1/../../../../arm-none-eabi/lib/thumb/v7-m/nofp\libg.a(lib_a-wsetup.o)
                0x00002364                __swsetup_r
 .text.__call_exitprocs
                0x00002430       0xb0 d:/gmd/toolchain/arm_toolchain/bin/../lib/gcc/arm-none-eabi/8.3.1/../../../../arm-none-eabi/lib/thumb/v7-m/nofp\libg.a(lib_a-__call_atexit.o)
                0x00002430                __call_exitprocs
 .text.quorem   0x000024e0      0x12c d:/gmd/toolchain/arm_toolchain/bin/../lib/gcc/arm-none-eabi/8.3.1/../../../../arm-none-eabi/lib/thumb/v7-m/nofp\libg.a(lib_a-dtoa.o)
 *fill*         0x0000260c        0x4 
 .text._dtoa_r  0x00002610      0xe6c d:/gmd/toolchain/arm_toolchain/bin/../lib/gcc/arm-none-eabi/8.3.1/../../../../arm-none-eabi/lib/thumb/v7-m/nofp\libg.a(lib_a-dtoa.o)
                0x00002610                _dtoa_r
 .text.__sflush_r
                0x0000347c      0x144 d:/gmd/toolchain/arm_toolchain/bin/../lib/gcc/arm-none-eabi/8.3.1/../../../../arm-none-eabi/lib/thumb/v7-m/nofp\libg.a(lib_a-fflush.o)
                0x0000347c                __sflush_r
 .text._fflush_r
                0x000035c0       0x5c d:/gmd/toolchain/arm_toolchain/bin/../lib/gcc/arm-none-eabi/8.3.1/../../../../arm-none-eabi/lib/thumb/v7-m/nofp\libg.a(lib_a-fflush.o)
                0x000035c0                _fflush_r
 .text.std      0x0000361c       0x50 d:/gmd/toolchain/arm_toolchain/bin/../lib/gcc/arm-none-eabi/8.3.1/../../../../arm-none-eabi/lib/thumb/v7-m/nofp\libg.a(lib_a-findfp.o)
 .text._cleanup_r
                0x0000366c        0xc d:/gmd/toolchain/arm_toolchain/bin/../lib/gcc/arm-none-eabi/8.3.1/../../../../arm-none-eabi/lib/thumb/v7-m/nofp\libg.a(lib_a-findfp.o)
                0x0000366c                _cleanup_r
 .text.__sinit  0x00003678       0x5c d:/gmd/toolchain/arm_toolchain/bin/../lib/gcc/arm-none-eabi/8.3.1/../../../../arm-none-eabi/lib/thumb/v7-m/nofp\libg.a(lib_a-findfp.o)
                0x00003678                __sinit
 .text.__sfp_lock_acquire
                0x000036d4        0xc d:/gmd/toolchain/arm_toolchain/bin/../lib/gcc/arm-none-eabi/8.3.1/../../../../arm-none-eabi/lib/thumb/v7-m/nofp\libg.a(lib_a-findfp.o)
                0x000036d4                __sfp_lock_acquire
 .text.__sfp_lock_release
                0x000036e0        0xc d:/gmd/toolchain/arm_toolchain/bin/../lib/gcc/arm-none-eabi/8.3.1/../../../../arm-none-eabi/lib/thumb/v7-m/nofp\libg.a(lib_a-findfp.o)
                0x000036e0                __sfp_lock_release
 .text._malloc_trim_r
                0x000036ec       0xa0 d:/gmd/toolchain/arm_toolchain/bin/../lib/gcc/arm-none-eabi/8.3.1/../../../../arm-none-eabi/lib/thumb/v7-m/nofp\libg.a(lib_a-freer.o)
                0x000036ec                _malloc_trim_r
 .text._free_r  0x0000378c      0x1f4 d:/gmd/toolchain/arm_toolchain/bin/../lib/gcc/arm-none-eabi/8.3.1/../../../../arm-none-eabi/lib/thumb/v7-m/nofp\libg.a(lib_a-freer.o)
                0x0000378c                _free_r
 .text.__sfvwrite_r
                0x00003980      0x300 d:/gmd/toolchain/arm_toolchain/bin/../lib/gcc/arm-none-eabi/8.3.1/../../../../arm-none-eabi/lib/thumb/v7-m/nofp\libg.a(lib_a-fvwrite.o)
                0x00003980                __sfvwrite_r
 .text._fwalk_reent
                0x00003c80       0x50 d:/gmd/toolchain/arm_toolchain/bin/../lib/gcc/arm-none-eabi/8.3.1/../../../../arm-none-eabi/lib/thumb/v7-m/nofp\libg.a(lib_a-fwalk.o)
                0x00003c80                _fwalk_reent
 .text._localeconv_r
                0x00003cd0        0x8 d:/gmd/toolchain/arm_toolchain/bin/../lib/gcc/arm-none-eabi/8.3.1/../../../../arm-none-eabi/lib/thumb/v7-m/nofp\libg.a(lib_a-localeconv.o)
                0x00003cd0                _localeconv_r
 .text.__retarget_lock_init_recursive
                0x00003cd8        0x4 d:/gmd/toolchain/arm_toolchain/bin/../lib/gcc/arm-none-eabi/8.3.1/../../../../arm-none-eabi/lib/thumb/v7-m/nofp\libg.a(lib_a-lock.o)
                0x00003cd8                __retarget_lock_init_recursive
 .text.__retarget_lock_close_recursive
                0x00003cdc        0x4 d:/gmd/toolchain/arm_toolchain/bin/../lib/gcc/arm-none-eabi/8.3.1/../../../../arm-none-eabi/lib/thumb/v7-m/nofp\libg.a(lib_a-lock.o)
                0x00003cdc                __retarget_lock_close_recursive
 .text.__retarget_lock_acquire_recursive
                0x00003ce0        0x4 d:/gmd/toolchain/arm_toolchain/bin/../lib/gcc/arm-none-eabi/8.3.1/../../../../arm-none-eabi/lib/thumb/v7-m/nofp\libg.a(lib_a-lock.o)
                0x00003ce0                __retarget_lock_acquire_recursive
 .text.__retarget_lock_release_recursive
                0x00003ce4        0x4 d:/gmd/toolchain/arm_toolchain/bin/../lib/gcc/arm-none-eabi/8.3.1/../../../../arm-none-eabi/lib/thumb/v7-m/nofp\libg.a(lib_a-lock.o)
                0x00003ce4                __retarget_lock_release_recursive
 .text.__swhatbuf_r
                0x00003ce8       0x5c d:/gmd/toolchain/arm_toolchain/bin/../lib/gcc/arm-none-eabi/8.3.1/../../../../arm-none-eabi/lib/thumb/v7-m/nofp\libg.a(lib_a-makebuf.o)
                0x00003ce8                __swhatbuf_r
 .text.__smakebuf_r
                0x00003d44       0x94 d:/gmd/toolchain/arm_toolchain/bin/../lib/gcc/arm-none-eabi/8.3.1/../../../../arm-none-eabi/lib/thumb/v7-m/nofp\libg.a(lib_a-makebuf.o)
                0x00003d44                __smakebuf_r
 .text._malloc_r
                0x00003dd8      0x558 d:/gmd/toolchain/arm_toolchain/bin/../lib/gcc/arm-none-eabi/8.3.1/../../../../arm-none-eabi/lib/thumb/v7-m/nofp\libg.a(lib_a-mallocr.o)
                0x00003dd8                _malloc_r
 .text.memchr   0x00004330       0x8c d:/gmd/toolchain/arm_toolchain/bin/../lib/gcc/arm-none-eabi/8.3.1/../../../../arm-none-eabi/lib/thumb/v7-m/nofp\libg.a(lib_a-memchr-stub.o)
                0x00004330                memchr
 .text          0x000043bc       0xec d:/gmd/toolchain/arm_toolchain/bin/../lib/gcc/arm-none-eabi/8.3.1/../../../../arm-none-eabi/lib/thumb/v7-m/nofp\libg.a(lib_a-memcpy.o)
                0x000043bc                memcpy
 .text.memmove  0x000044a8       0xcc d:/gmd/toolchain/arm_toolchain/bin/../lib/gcc/arm-none-eabi/8.3.1/../../../../arm-none-eabi/lib/thumb/v7-m/nofp\libg.a(lib_a-memmove.o)
                0x000044a8                memmove
 .text.__malloc_lock
                0x00004574        0xc d:/gmd/toolchain/arm_toolchain/bin/../lib/gcc/arm-none-eabi/8.3.1/../../../../arm-none-eabi/lib/thumb/v7-m/nofp\libg.a(lib_a-mlock.o)
                0x00004574                __malloc_lock
 .text.__malloc_unlock
                0x00004580        0xc d:/gmd/toolchain/arm_toolchain/bin/../lib/gcc/arm-none-eabi/8.3.1/../../../../arm-none-eabi/lib/thumb/v7-m/nofp\libg.a(lib_a-mlock.o)
                0x00004580                __malloc_unlock
 .text._Balloc  0x0000458c       0x4c d:/gmd/toolchain/arm_toolchain/bin/../lib/gcc/arm-none-eabi/8.3.1/../../../../arm-none-eabi/lib/thumb/v7-m/nofp\libg.a(lib_a-mprec.o)
                0x0000458c                _Balloc
 .text._Bfree   0x000045d8       0x14 d:/gmd/toolchain/arm_toolchain/bin/../lib/gcc/arm-none-eabi/8.3.1/../../../../arm-none-eabi/lib/thumb/v7-m/nofp\libg.a(lib_a-mprec.o)
                0x000045d8                _Bfree
 .text.__multadd
                0x000045ec       0x8c d:/gmd/toolchain/arm_toolchain/bin/../lib/gcc/arm-none-eabi/8.3.1/../../../../arm-none-eabi/lib/thumb/v7-m/nofp\libg.a(lib_a-mprec.o)
                0x000045ec                __multadd
 .text.__hi0bits
                0x00004678       0x40 d:/gmd/toolchain/arm_toolchain/bin/../lib/gcc/arm-none-eabi/8.3.1/../../../../arm-none-eabi/lib/thumb/v7-m/nofp\libg.a(lib_a-mprec.o)
                0x00004678                __hi0bits
 .text.__lo0bits
                0x000046b8       0x60 d:/gmd/toolchain/arm_toolchain/bin/../lib/gcc/arm-none-eabi/8.3.1/../../../../arm-none-eabi/lib/thumb/v7-m/nofp\libg.a(lib_a-mprec.o)
                0x000046b8                __lo0bits
 .text.__i2b    0x00004718       0x14 d:/gmd/toolchain/arm_toolchain/bin/../lib/gcc/arm-none-eabi/8.3.1/../../../../arm-none-eabi/lib/thumb/v7-m/nofp\libg.a(lib_a-mprec.o)
                0x00004718                __i2b
 .text.__multiply
                0x0000472c      0x130 d:/gmd/toolchain/arm_toolchain/bin/../lib/gcc/arm-none-eabi/8.3.1/../../../../arm-none-eabi/lib/thumb/v7-m/nofp\libg.a(lib_a-mprec.o)
                0x0000472c                __multiply
 .text.__pow5mult
                0x0000485c       0xa0 d:/gmd/toolchain/arm_toolchain/bin/../lib/gcc/arm-none-eabi/8.3.1/../../../../arm-none-eabi/lib/thumb/v7-m/nofp\libg.a(lib_a-mprec.o)
                0x0000485c                __pow5mult
 .text.__lshift
                0x000048fc       0xb4 d:/gmd/toolchain/arm_toolchain/bin/../lib/gcc/arm-none-eabi/8.3.1/../../../../arm-none-eabi/lib/thumb/v7-m/nofp\libg.a(lib_a-mprec.o)
                0x000048fc                __lshift
 .text.__mcmp   0x000049b0       0x38 d:/gmd/toolchain/arm_toolchain/bin/../lib/gcc/arm-none-eabi/8.3.1/../../../../arm-none-eabi/lib/thumb/v7-m/nofp\libg.a(lib_a-mprec.o)
                0x000049b0                __mcmp
 .text.__mdiff  0x000049e8      0x100 d:/gmd/toolchain/arm_toolchain/bin/../lib/gcc/arm-none-eabi/8.3.1/../../../../arm-none-eabi/lib/thumb/v7-m/nofp\libg.a(lib_a-mprec.o)
                0x000049e8                __mdiff
 .text.__d2b    0x00004ae8       0xac d:/gmd/toolchain/arm_toolchain/bin/../lib/gcc/arm-none-eabi/8.3.1/../../../../arm-none-eabi/lib/thumb/v7-m/nofp\libg.a(lib_a-mprec.o)
                0x00004ae8                __d2b
 .text._realloc_r
                0x00004b94      0x37c d:/gmd/toolchain/arm_toolchain/bin/../lib/gcc/arm-none-eabi/8.3.1/../../../../arm-none-eabi/lib/thumb/v7-m/nofp\libg.a(lib_a-reallocr.o)
                0x00004b94                _realloc_r
 .text.frexp    0x00004f10       0x70 d:/gmd/toolchain/arm_toolchain/bin/../lib/gcc/arm-none-eabi/8.3.1/../../../../arm-none-eabi/lib/thumb/v7-m/nofp\libg.a(lib_a-s_frexp.o)
                0x00004f10                frexp
 .text._sbrk_r  0x00004f80       0x24 d:/gmd/toolchain/arm_toolchain/bin/../lib/gcc/arm-none-eabi/8.3.1/../../../../arm-none-eabi/lib/thumb/v7-m/nofp\libg.a(lib_a-sbrkr.o)
                0x00004f80                _sbrk_r
 .text.__sread  0x00004fa4       0x24 d:/gmd/toolchain/arm_toolchain/bin/../lib/gcc/arm-none-eabi/8.3.1/../../../../arm-none-eabi/lib/thumb/v7-m/nofp\libg.a(lib_a-stdio.o)
                0x00004fa4                __sread
 .text.__swrite
                0x00004fc8       0x40 d:/gmd/toolchain/arm_toolchain/bin/../lib/gcc/arm-none-eabi/8.3.1/../../../../arm-none-eabi/lib/thumb/v7-m/nofp\libg.a(lib_a-stdio.o)
                0x00004fc8                __swrite
 .text.__sseek  0x00005008       0x20 d:/gmd/toolchain/arm_toolchain/bin/../lib/gcc/arm-none-eabi/8.3.1/../../../../arm-none-eabi/lib/thumb/v7-m/nofp\libg.a(lib_a-stdio.o)
                0x00005008                __sseek
 .text.__sclose
                0x00005028        0x8 d:/gmd/toolchain/arm_toolchain/bin/../lib/gcc/arm-none-eabi/8.3.1/../../../../arm-none-eabi/lib/thumb/v7-m/nofp\libg.a(lib_a-stdio.o)
                0x00005028                __sclose
 .text.strncpy  0x00005030       0x74 d:/gmd/toolchain/arm_toolchain/bin/../lib/gcc/arm-none-eabi/8.3.1/../../../../arm-none-eabi/lib/thumb/v7-m/nofp\libg.a(lib_a-strncpy.o)
                0x00005030                strncpy
 .text.__sprint_r.part.0
                0x000050a4       0x78 d:/gmd/toolchain/arm_toolchain/bin/../lib/gcc/arm-none-eabi/8.3.1/../../../../arm-none-eabi/lib/thumb/v7-m/nofp\libg.a(lib_a-vfiprintf.o)
 .text.__sprint_r
                0x0000511c       0x14 d:/gmd/toolchain/arm_toolchain/bin/../lib/gcc/arm-none-eabi/8.3.1/../../../../arm-none-eabi/lib/thumb/v7-m/nofp\libg.a(lib_a-vfiprintf.o)
                0x0000511c                __sprint_r
 .text._write_r
                0x00005130       0x2c d:/gmd/toolchain/arm_toolchain/bin/../lib/gcc/arm-none-eabi/8.3.1/../../../../arm-none-eabi/lib/thumb/v7-m/nofp\libg.a(lib_a-writer.o)
                0x00005130                _write_r
 .text._calloc_r
                0x0000515c       0x60 d:/gmd/toolchain/arm_toolchain/bin/../lib/gcc/arm-none-eabi/8.3.1/../../../../arm-none-eabi/lib/thumb/v7-m/nofp\libg.a(lib_a-callocr.o)
                0x0000515c                _calloc_r
 .text._close_r
                0x000051bc       0x24 d:/gmd/toolchain/arm_toolchain/bin/../lib/gcc/arm-none-eabi/8.3.1/../../../../arm-none-eabi/lib/thumb/v7-m/nofp\libg.a(lib_a-closer.o)
                0x000051bc                _close_r
 .text._fclose_r
                0x000051e0       0xd0 d:/gmd/toolchain/arm_toolchain/bin/../lib/gcc/arm-none-eabi/8.3.1/../../../../arm-none-eabi/lib/thumb/v7-m/nofp\libg.a(lib_a-fclose.o)
                0x000051e0                _fclose_r
 .text.__fputwc
                0x000052b0       0xa0 d:/gmd/toolchain/arm_toolchain/bin/../lib/gcc/arm-none-eabi/8.3.1/../../../../arm-none-eabi/lib/thumb/v7-m/nofp\libg.a(lib_a-fputwc.o)
                0x000052b0                __fputwc
 .text._fputwc_r
                0x00005350       0x64 d:/gmd/toolchain/arm_toolchain/bin/../lib/gcc/arm-none-eabi/8.3.1/../../../../arm-none-eabi/lib/thumb/v7-m/nofp\libg.a(lib_a-fputwc.o)
                0x00005350                _fputwc_r
 .text._fstat_r
                0x000053b4       0x28 d:/gmd/toolchain/arm_toolchain/bin/../lib/gcc/arm-none-eabi/8.3.1/../../../../arm-none-eabi/lib/thumb/v7-m/nofp\libg.a(lib_a-fstatr.o)
                0x000053b4                _fstat_r
 .text._isatty_r
                0x000053dc       0x24 d:/gmd/toolchain/arm_toolchain/bin/../lib/gcc/arm-none-eabi/8.3.1/../../../../arm-none-eabi/lib/thumb/v7-m/nofp\libg.a(lib_a-isattyr.o)
                0x000053dc                _isatty_r
 .text.__locale_mb_cur_max
                0x00005400        0xc d:/gmd/toolchain/arm_toolchain/bin/../lib/gcc/arm-none-eabi/8.3.1/../../../../arm-none-eabi/lib/thumb/v7-m/nofp\libg.a(lib_a-locale.o)
                0x00005400                __locale_mb_cur_max
 .text._lseek_r
                0x0000540c       0x2c d:/gmd/toolchain/arm_toolchain/bin/../lib/gcc/arm-none-eabi/8.3.1/../../../../arm-none-eabi/lib/thumb/v7-m/nofp\libg.a(lib_a-lseekr.o)
                0x0000540c                _lseek_r
 .text.__ascii_mbtowc
                0x00005438       0x2c d:/gmd/toolchain/arm_toolchain/bin/../lib/gcc/arm-none-eabi/8.3.1/../../../../arm-none-eabi/lib/thumb/v7-m/nofp\libg.a(lib_a-mbtowc_r.o)
                0x00005438                __ascii_mbtowc
 .text._read_r  0x00005464       0x2c d:/gmd/toolchain/arm_toolchain/bin/../lib/gcc/arm-none-eabi/8.3.1/../../../../arm-none-eabi/lib/thumb/v7-m/nofp\libg.a(lib_a-readr.o)
                0x00005464                _read_r
 .text.__swbuf_r
                0x00005490       0xb0 d:/gmd/toolchain/arm_toolchain/bin/../lib/gcc/arm-none-eabi/8.3.1/../../../../arm-none-eabi/lib/thumb/v7-m/nofp\libg.a(lib_a-wbuf.o)
                0x00005490                __swbuf_r
 .text._wcrtomb_r
                0x00005540       0x34 d:/gmd/toolchain/arm_toolchain/bin/../lib/gcc/arm-none-eabi/8.3.1/../../../../arm-none-eabi/lib/thumb/v7-m/nofp\libg.a(lib_a-wcrtomb.o)
                0x00005540                _wcrtomb_r
 .text.__ascii_wctomb
                0x00005574       0x1c d:/gmd/toolchain/arm_toolchain/bin/../lib/gcc/arm-none-eabi/8.3.1/../../../../arm-none-eabi/lib/thumb/v7-m/nofp\libg.a(lib_a-wctomb_r.o)
                0x00005574                __ascii_wctomb
 .text          0x00005590      0x378 d:/gmd/toolchain/arm_toolchain/bin/../lib/gcc/arm-none-eabi/8.3.1/thumb/v7-m/nofp\libgcc.a(_arm_addsubdf3.o)
                0x00005590                __aeabi_drsub
                0x00005598                __aeabi_dsub
                0x00005598                __subdf3
                0x0000559c                __aeabi_dadd
                0x0000559c                __adddf3
                0x00005814                __floatunsidf
                0x00005814                __aeabi_ui2d
                0x00005834                __floatsidf
                0x00005834                __aeabi_i2d
                0x00005858                __aeabi_f2d
                0x00005858                __extendsfdf2
                0x0000589c                __floatundidf
                0x0000589c                __aeabi_ul2d
                0x000058ac                __floatdidf
                0x000058ac                __aeabi_l2d
 .text          0x00005908      0x424 d:/gmd/toolchain/arm_toolchain/bin/../lib/gcc/arm-none-eabi/8.3.1/thumb/v7-m/nofp\libgcc.a(_arm_muldivdf3.o)
                0x00005908                __aeabi_dmul
                0x00005908                __muldf3
                0x00005b5c                __divdf3
                0x00005b5c                __aeabi_ddiv
 .text          0x00005d2c      0x110 d:/gmd/toolchain/arm_toolchain/bin/../lib/gcc/arm-none-eabi/8.3.1/thumb/v7-m/nofp\libgcc.a(_arm_cmpdf2.o)
                0x00005d2c                __gtdf2
                0x00005d2c                __gedf2
                0x00005d34                __ltdf2
                0x00005d34                __ledf2
                0x00005d3c                __nedf2
                0x00005d3c                __eqdf2
                0x00005d3c                __cmpdf2
                0x00005db8                __aeabi_cdrcmple
                0x00005dc8                __aeabi_cdcmpeq
                0x00005dc8                __aeabi_cdcmple
                0x00005dd8                __aeabi_dcmpeq
                0x00005dec                __aeabi_dcmplt
                0x00005e00                __aeabi_dcmple
                0x00005e14                __aeabi_dcmpge
                0x00005e28                __aeabi_dcmpgt
 .text          0x00005e3c       0x2c d:/gmd/toolchain/arm_toolchain/bin/../lib/gcc/arm-none-eabi/8.3.1/thumb/v7-m/nofp\libgcc.a(_arm_unorddf2.o)
                0x00005e3c                __unorddf2
                0x00005e3c                __aeabi_dcmpun
 .text          0x00005e68       0x50 d:/gmd/toolchain/arm_toolchain/bin/../lib/gcc/arm-none-eabi/8.3.1/thumb/v7-m/nofp\libgcc.a(_arm_fixdfsi.o)
                0x00005e68                __aeabi_d2iz
                0x00005e68                __fixdfsi
 .text          0x00005eb8       0x30 d:/gmd/toolchain/arm_toolchain/bin/../lib/gcc/arm-none-eabi/8.3.1/thumb/v7-m/nofp\libgcc.a(_aeabi_uldivmod.o)
                0x00005eb8                __aeabi_uldivmod
 .text          0x00005ee8      0x2d0 d:/gmd/toolchain/arm_toolchain/bin/../lib/gcc/arm-none-eabi/8.3.1/thumb/v7-m/nofp\libgcc.a(_udivmoddi4.o)
                0x00005ee8                __udivmoddi4
 .text          0x000061b8        0x4 d:/gmd/toolchain/arm_toolchain/bin/../lib/gcc/arm-none-eabi/8.3.1/thumb/v7-m/nofp\libgcc.a(_dvmd_tls.o)
                0x000061b8                __aeabi_idiv0
                0x000061b8                __aeabi_ldiv0
 .text._close   0x000061bc       0x10 d:/gmd/toolchain/arm_toolchain/bin/../lib/gcc/arm-none-eabi/8.3.1/../../../../arm-none-eabi/lib/thumb/v7-m/nofp\libnosys.a(close.o)
                0x000061bc                _close
 .text._fstat   0x000061cc       0x10 d:/gmd/toolchain/arm_toolchain/bin/../lib/gcc/arm-none-eabi/8.3.1/../../../../arm-none-eabi/lib/thumb/v7-m/nofp\libnosys.a(fstat.o)
                0x000061cc                _fstat
 .text._isatty  0x000061dc       0x10 d:/gmd/toolchain/arm_toolchain/bin/../lib/gcc/arm-none-eabi/8.3.1/../../../../arm-none-eabi/lib/thumb/v7-m/nofp\libnosys.a(isatty.o)
                0x000061dc                _isatty
 .text._lseek   0x000061ec       0x10 d:/gmd/toolchain/arm_toolchain/bin/../lib/gcc/arm-none-eabi/8.3.1/../../../../arm-none-eabi/lib/thumb/v7-m/nofp\libnosys.a(lseek.o)
                0x000061ec                _lseek
 .text._read    0x000061fc       0x10 d:/gmd/toolchain/arm_toolchain/bin/../lib/gcc/arm-none-eabi/8.3.1/../../../../arm-none-eabi/lib/thumb/v7-m/nofp\libnosys.a(read.o)
                0x000061fc                _read
 .text._sbrk    0x0000620c       0x1c d:/gmd/toolchain/arm_toolchain/bin/../lib/gcc/arm-none-eabi/8.3.1/../../../../arm-none-eabi/lib/thumb/v7-m/nofp\libnosys.a(sbrk.o)
                0x0000620c                _sbrk
 .text._exit    0x00006228        0x4 d:/gmd/toolchain/arm_toolchain/bin/../lib/gcc/arm-none-eabi/8.3.1/../../../../arm-none-eabi/lib/thumb/v7-m/nofp\libnosys.a(_exit.o)
                0x00006228                _exit
 *(.init)
 .init          0x0000622c        0x4 d:/gmd/toolchain/arm_toolchain/bin/../lib/gcc/arm-none-eabi/8.3.1/thumb/v7-m/nofp/crti.o
                0x0000622c                _init
 *(.fini)
 .fini          0x00006230        0x4 d:/gmd/toolchain/arm_toolchain/bin/../lib/gcc/arm-none-eabi/8.3.1/thumb/v7-m/nofp/crti.o
                0x00006230                _fini
 *crtbegin.o(.ctors)
 *crtbegin?.o(.ctors)
 *(EXCLUDE_FILE(*crtend.o *crtend?.o) .ctors)
 *(SORT_BY_NAME(.ctors.*))
 *(.ctors)
 *crtbegin.o(.dtors)
 *crtbegin?.o(.dtors)
 *(EXCLUDE_FILE(*crtend.o *crtend?.o) .dtors)
 *(SORT_BY_NAME(.dtors.*))
 *(.dtors)
 *(.rodata*)
 .rodata        0x00006234       0x41 ./src/project/timer/timer_demo.o
 *fill*         0x00006275        0x3 
 .rodata._global_impure_ptr
                0x00006278        0x4 d:/gmd/toolchain/arm_toolchain/bin/../lib/gcc/arm-none-eabi/8.3.1/../../../../arm-none-eabi/lib/thumb/v7-m/nofp\libg.a(lib_a-impure.o)
                0x00006278                _global_impure_ptr
 .rodata._puts_r.str1.4
                0x0000627c        0x2 d:/gmd/toolchain/arm_toolchain/bin/../lib/gcc/arm-none-eabi/8.3.1/../../../../arm-none-eabi/lib/thumb/v7-m/nofp\libg.a(lib_a-puts.o)
 *fill*         0x0000627e        0x2 
 .rodata._vfprintf_r.str1.4
                0x00006280       0x42 d:/gmd/toolchain/arm_toolchain/bin/../lib/gcc/arm-none-eabi/8.3.1/../../../../arm-none-eabi/lib/thumb/v7-m/nofp\libg.a(lib_a-vfprintf.o)
 *fill*         0x000062c2        0x2 
 .rodata.blanks.7370
                0x000062c4       0x10 d:/gmd/toolchain/arm_toolchain/bin/../lib/gcc/arm-none-eabi/8.3.1/../../../../arm-none-eabi/lib/thumb/v7-m/nofp\libg.a(lib_a-vfprintf.o)
 .rodata.zeroes.7371
                0x000062d4       0x10 d:/gmd/toolchain/arm_toolchain/bin/../lib/gcc/arm-none-eabi/8.3.1/../../../../arm-none-eabi/lib/thumb/v7-m/nofp\libg.a(lib_a-vfprintf.o)
 .rodata._dtoa_r.str1.4
                0x000062e4        0xd d:/gmd/toolchain/arm_toolchain/bin/../lib/gcc/arm-none-eabi/8.3.1/../../../../arm-none-eabi/lib/thumb/v7-m/nofp\libg.a(lib_a-dtoa.o)
                                 0x12 (size before relaxing)
 *fill*         0x000062f1        0x7 
 .rodata.__mprec_bigtens
                0x000062f8       0x28 d:/gmd/toolchain/arm_toolchain/bin/../lib/gcc/arm-none-eabi/8.3.1/../../../../arm-none-eabi/lib/thumb/v7-m/nofp\libg.a(lib_a-mprec.o)
                0x000062f8                __mprec_bigtens
 .rodata.__mprec_tens
                0x00006320       0xc8 d:/gmd/toolchain/arm_toolchain/bin/../lib/gcc/arm-none-eabi/8.3.1/../../../../arm-none-eabi/lib/thumb/v7-m/nofp\libg.a(lib_a-mprec.o)
                0x00006320                __mprec_tens
 .rodata.p05.6125
                0x000063e8        0xc d:/gmd/toolchain/arm_toolchain/bin/../lib/gcc/arm-none-eabi/8.3.1/../../../../arm-none-eabi/lib/thumb/v7-m/nofp\libg.a(lib_a-mprec.o)
 .rodata._setlocale_r.str1.4
                0x000063f4        0xa d:/gmd/toolchain/arm_toolchain/bin/../lib/gcc/arm-none-eabi/8.3.1/../../../../arm-none-eabi/lib/thumb/v7-m/nofp\libg.a(lib_a-locale.o)
                                  0xd (size before relaxing)
 *fill*         0x000063fe        0x2 
 .rodata.str1.4
                0x00006400        0x4 d:/gmd/toolchain/arm_toolchain/bin/../lib/gcc/arm-none-eabi/8.3.1/../../../../arm-none-eabi/lib/thumb/v7-m/nofp\libg.a(lib_a-locale.o)
                                  0x2 (size before relaxing)
 .rodata._ctype_
                0x00006404      0x101 d:/gmd/toolchain/arm_toolchain/bin/../lib/gcc/arm-none-eabi/8.3.1/../../../../arm-none-eabi/lib/thumb/v7-m/nofp\libg.a(lib_a-ctype_.o)
                0x00006404                _ctype_
 *(.eh_frame*)

.glue_7         0x00006508        0x0
 .glue_7        0x00006508        0x0 linker stubs

.glue_7t        0x00006508        0x0
 .glue_7t       0x00006508        0x0 linker stubs

.vfp11_veneer   0x00006508        0x0
 .vfp11_veneer  0x00006508        0x0 linker stubs

.v4_bx          0x00006508        0x0
 .v4_bx         0x00006508        0x0 linker stubs

.iplt           0x00006508        0x0
 .iplt          0x00006508        0x0 ./src/project/timer/timer_demo.o

.ARM.extab
 *(.ARM.extab* .gnu.linkonce.armextab.*)
                0x00006505                __exidx_start = .

.ARM.exidx      0x00006508        0x8
 *(.ARM.exidx* .gnu.linkonce.armexidx.*)
 .ARM.exidx     0x00006508        0x8 d:/gmd/toolchain/arm_toolchain/bin/../lib/gcc/arm-none-eabi/8.3.1/thumb/v7-m/nofp\libgcc.a(_udivmoddi4.o)
                0x00006510                __exidx_end = .
                0x00006510                __etext = .

.rel.dyn        0x00006510        0x0
 .rel.iplt      0x00006510        0x0 ./src/project/timer/timer_demo.o

.data           0x20000000      0x9c0 load address 0x00006510
                0x20000000                __data_start__ = .
 *(vtable)
 *(.data*)
 .data.SystemCoreClock
                0x20000000        0x4 ./src/library/libraries/cmsis/cm3/device_support/system_gw1ns4c.o
                0x20000000                SystemCoreClock
 .data.PCLK1    0x20000004        0x4 ./src/library/libraries/cmsis/cm3/device_support/system_gw1ns4c.o
                0x20000004                PCLK1
 .data.PCLK2    0x20000008        0x4 ./src/library/libraries/cmsis/cm3/device_support/system_gw1ns4c.o
                0x20000008                PCLK2
 .data.HCLK     0x2000000c        0x4 ./src/library/libraries/cmsis/cm3/device_support/system_gw1ns4c.o
                0x2000000c                HCLK
 .data._impure_ptr
                0x20000010        0x4 d:/gmd/toolchain/arm_toolchain/bin/../lib/gcc/arm-none-eabi/8.3.1/../../../../arm-none-eabi/lib/thumb/v7-m/nofp\libg.a(lib_a-impure.o)
                0x20000010                _impure_ptr
 *fill*         0x20000014        0x4 
 .data.impure_data
                0x20000018      0x428 d:/gmd/toolchain/arm_toolchain/bin/../lib/gcc/arm-none-eabi/8.3.1/../../../../arm-none-eabi/lib/thumb/v7-m/nofp\libg.a(lib_a-impure.o)
 .data.__atexit_recursive_mutex
                0x20000440        0x4 d:/gmd/toolchain/arm_toolchain/bin/../lib/gcc/arm-none-eabi/8.3.1/../../../../arm-none-eabi/lib/thumb/v7-m/nofp\libg.a(lib_a-__call_atexit.o)
                0x20000440                __atexit_recursive_mutex
 .data.__malloc_av_
                0x20000444      0x408 d:/gmd/toolchain/arm_toolchain/bin/../lib/gcc/arm-none-eabi/8.3.1/../../../../arm-none-eabi/lib/thumb/v7-m/nofp\libg.a(lib_a-mallocr.o)
                0x20000444                __malloc_av_
 .data.__malloc_sbrk_base
                0x2000084c        0x4 d:/gmd/toolchain/arm_toolchain/bin/../lib/gcc/arm-none-eabi/8.3.1/../../../../arm-none-eabi/lib/thumb/v7-m/nofp\libg.a(lib_a-mallocr.o)
                0x2000084c                __malloc_sbrk_base
 .data.__malloc_trim_threshold
                0x20000850        0x4 d:/gmd/toolchain/arm_toolchain/bin/../lib/gcc/arm-none-eabi/8.3.1/../../../../arm-none-eabi/lib/thumb/v7-m/nofp\libg.a(lib_a-mallocr.o)
                0x20000850                __malloc_trim_threshold
 .data.__global_locale
                0x20000854      0x16c d:/gmd/toolchain/arm_toolchain/bin/../lib/gcc/arm-none-eabi/8.3.1/../../../../arm-none-eabi/lib/thumb/v7-m/nofp\libg.a(lib_a-locale.o)
                0x20000854                __global_locale
                0x200009c0                . = ALIGN (0x4)
                0x200009c0                PROVIDE (__preinit_array_start = .)
 *(.preinit_array)
                0x200009c0                PROVIDE (__preinit_array_end = .)
                0x200009c0                . = ALIGN (0x4)
                0x200009c0                PROVIDE (__init_array_start = .)
 *(SORT_BY_NAME(.init_array.*))
 *(.init_array)
                0x200009c0                PROVIDE (__init_array_end = .)
                0x200009c0                . = ALIGN (0x4)
                0x200009c0                PROVIDE (__fini_array_start = .)
 *(SORT_BY_NAME(.fini_array.*))
 *(.fini_array)
                0x200009c0                PROVIDE (__fini_array_end = .)
                0x200009c0                . = ALIGN (0x4)
                0x200009c0                __data_end__ = .

.igot.plt       0x200009c0        0x0 load address 0x00006ed0
 .igot.plt      0x200009c0        0x0 ./src/project/timer/timer_demo.o

.bss            0x200009c0       0x64 load address 0x00006ed0
                0x200009c0                . = ALIGN (0x4)
                0x200009c0                __bss_start__ = .
 *(.bss*)
 .bss.__malloc_current_mallinfo
                0x200009c0       0x28 d:/gmd/toolchain/arm_toolchain/bin/../lib/gcc/arm-none-eabi/8.3.1/../../../../arm-none-eabi/lib/thumb/v7-m/nofp\libg.a(lib_a-mallocr.o)
                0x200009c0                __malloc_current_mallinfo
 .bss.__malloc_max_sbrked_mem
                0x200009e8        0x4 d:/gmd/toolchain/arm_toolchain/bin/../lib/gcc/arm-none-eabi/8.3.1/../../../../arm-none-eabi/lib/thumb/v7-m/nofp\libg.a(lib_a-mallocr.o)
                0x200009e8                __malloc_max_sbrked_mem
 .bss.__malloc_max_total_mem
                0x200009ec        0x4 d:/gmd/toolchain/arm_toolchain/bin/../lib/gcc/arm-none-eabi/8.3.1/../../../../arm-none-eabi/lib/thumb/v7-m/nofp\libg.a(lib_a-mallocr.o)
                0x200009ec                __malloc_max_total_mem
 .bss.__malloc_top_pad
                0x200009f0        0x4 d:/gmd/toolchain/arm_toolchain/bin/../lib/gcc/arm-none-eabi/8.3.1/../../../../arm-none-eabi/lib/thumb/v7-m/nofp\libg.a(lib_a-mallocr.o)
                0x200009f0                __malloc_top_pad
 .bss.heap_end.4194
                0x200009f4        0x4 d:/gmd/toolchain/arm_toolchain/bin/../lib/gcc/arm-none-eabi/8.3.1/../../../../arm-none-eabi/lib/thumb/v7-m/nofp\libnosys.a(sbrk.o)
 *(COMMON)
 COMMON         0x200009f8        0x4 ./src/project/timer/timer_demo.o
                0x200009f8                counter
 COMMON         0x200009fc       0x21 d:/gmd/toolchain/arm_toolchain/bin/../lib/gcc/arm-none-eabi/8.3.1/../../../../arm-none-eabi/lib/thumb/v7-m/nofp\libg.a(lib_a-lock.o)
                0x200009fc                __lock___atexit_recursive_mutex
                0x20000a00                __lock___arc4random_mutex
                0x20000a04                __lock___env_recursive_mutex
                0x20000a08                __lock___sinit_recursive_mutex
                0x20000a0c                __lock___malloc_recursive_mutex
                0x20000a10                __lock___at_quick_exit_mutex
                0x20000a14                __lock___dd_hash_mutex
                0x20000a18                __lock___tz_mutex
                0x20000a1c                __lock___sfp_recursive_mutex
 *fill*         0x20000a1d        0x3 
 COMMON         0x20000a20        0x4 d:/gmd/toolchain/arm_toolchain/bin/../lib/gcc/arm-none-eabi/8.3.1/../../../../arm-none-eabi/lib/thumb/v7-m/nofp\libg.a(lib_a-reent.o)
                0x20000a20                errno
                0x20000a24                . = ALIGN (0x4)
                0x20000a24                __bss_end__ = .

.heap           0x20000a28      0x200
                0x20000a28                __end__ = .
                0x20000a28                end = __end__
 *(.heap*)
 .heap          0x20000a28      0x200 ./src/library/libraries/cmsis/cm3/device_support/startup/gmd/startup_gw1ns4c.o
                0x20000a28                __HeapBase
                0x20000c28                __HeapLimit = .

.stack_dummy    0x20000a28      0x400
 *(.stack*)
 .stack         0x20000a28      0x400 ./src/library/libraries/cmsis/cm3/device_support/startup/gmd/startup_gw1ns4c.o
                0x20004000                __StackTop = (ORIGIN (RAM) + LENGTH (RAM))
                0x20003c00                __StackLimit = (__StackTop - SIZEOF (.stack_dummy))
                0x20004000                PROVIDE (__stack = __StackTop)
                0x00000001                ASSERT ((__StackLimit >= __HeapLimit), region RAM overflowed with stack)
OUTPUT(cm3_demo.elf elf32-littlearm)

.ARM.attributes
                0x00000000       0x29
 .ARM.attributes
                0x00000000       0x1d d:/gmd/toolchain/arm_toolchain/bin/../lib/gcc/arm-none-eabi/8.3.1/thumb/v7-m/nofp/crti.o
 .ARM.attributes
                0x0000001d       0x2d ./src/project/timer/timer_demo.o
 .ARM.attributes
                0x0000004a       0x2d ./src/project/main.o
 .ARM.attributes
                0x00000077       0x2d ./src/library/middlewares/uart/gmd/retarget.o
 .ARM.attributes
                0x000000a4       0x2d ./src/library/middlewares/uart/uart.o
 .ARM.attributes
                0x000000d1       0x2d ./src/library/libraries/drivers/src/gw1ns4c_misc.o
 .ARM.attributes
                0x000000fe       0x2d ./src/library/libraries/drivers/src/gw1ns4c_timer.o
 .ARM.attributes
                0x0000012b       0x2d ./src/library/libraries/drivers/src/gw1ns4c_uart.o
 .ARM.attributes
                0x00000158       0x1b ./src/library/libraries/cmsis/cm3/device_support/startup/gmd/startup_gw1ns4c.o
 .ARM.attributes
                0x00000173       0x2d ./src/library/libraries/cmsis/cm3/device_support/system_gw1ns4c.o
 .ARM.attributes
                0x000001a0       0x2d d:/gmd/toolchain/arm_toolchain/bin/../lib/gcc/arm-none-eabi/8.3.1/../../../../arm-none-eabi/lib/thumb/v7-m/nofp\libg.a(lib_a-exit.o)
 .ARM.attributes
                0x000001cd       0x2d d:/gmd/toolchain/arm_toolchain/bin/../lib/gcc/arm-none-eabi/8.3.1/../../../../arm-none-eabi/lib/thumb/v7-m/nofp\libg.a(lib_a-impure.o)
 .ARM.attributes
                0x000001fa       0x2d d:/gmd/toolchain/arm_toolchain/bin/../lib/gcc/arm-none-eabi/8.3.1/../../../../arm-none-eabi/lib/thumb/v7-m/nofp\libg.a(lib_a-memset.o)
 .ARM.attributes
                0x00000227       0x2d d:/gmd/toolchain/arm_toolchain/bin/../lib/gcc/arm-none-eabi/8.3.1/../../../../arm-none-eabi/lib/thumb/v7-m/nofp\libg.a(lib_a-printf.o)
 .ARM.attributes
                0x00000254       0x2d d:/gmd/toolchain/arm_toolchain/bin/../lib/gcc/arm-none-eabi/8.3.1/../../../../arm-none-eabi/lib/thumb/v7-m/nofp\libg.a(lib_a-puts.o)
 .ARM.attributes
                0x00000281       0x2d d:/gmd/toolchain/arm_toolchain/bin/../lib/gcc/arm-none-eabi/8.3.1/../../../../arm-none-eabi/lib/thumb/v7-m/nofp\libg.a(lib_a-strlen-stub.o)
 .ARM.attributes
                0x000002ae       0x2d d:/gmd/toolchain/arm_toolchain/bin/../lib/gcc/arm-none-eabi/8.3.1/../../../../arm-none-eabi/lib/thumb/v7-m/nofp\libg.a(lib_a-vfprintf.o)
 .ARM.attributes
                0x000002db       0x2d d:/gmd/toolchain/arm_toolchain/bin/../lib/gcc/arm-none-eabi/8.3.1/../../../../arm-none-eabi/lib/thumb/v7-m/nofp\libg.a(lib_a-wsetup.o)
 .ARM.attributes
                0x00000308       0x2d d:/gmd/toolchain/arm_toolchain/bin/../lib/gcc/arm-none-eabi/8.3.1/../../../../arm-none-eabi/lib/thumb/v7-m/nofp\libg.a(lib_a-__call_atexit.o)
 .ARM.attributes
                0x00000335       0x2d d:/gmd/toolchain/arm_toolchain/bin/../lib/gcc/arm-none-eabi/8.3.1/../../../../arm-none-eabi/lib/thumb/v7-m/nofp\libg.a(lib_a-dtoa.o)
 .ARM.attributes
                0x00000362       0x2d d:/gmd/toolchain/arm_toolchain/bin/../lib/gcc/arm-none-eabi/8.3.1/../../../../arm-none-eabi/lib/thumb/v7-m/nofp\libg.a(lib_a-fflush.o)
 .ARM.attributes
                0x0000038f       0x2d d:/gmd/toolchain/arm_toolchain/bin/../lib/gcc/arm-none-eabi/8.3.1/../../../../arm-none-eabi/lib/thumb/v7-m/nofp\libg.a(lib_a-findfp.o)
 .ARM.attributes
                0x000003bc       0x2d d:/gmd/toolchain/arm_toolchain/bin/../lib/gcc/arm-none-eabi/8.3.1/../../../../arm-none-eabi/lib/thumb/v7-m/nofp\libg.a(lib_a-freer.o)
 .ARM.attributes
                0x000003e9       0x2d d:/gmd/toolchain/arm_toolchain/bin/../lib/gcc/arm-none-eabi/8.3.1/../../../../arm-none-eabi/lib/thumb/v7-m/nofp\libg.a(lib_a-fvwrite.o)
 .ARM.attributes
                0x00000416       0x2d d:/gmd/toolchain/arm_toolchain/bin/../lib/gcc/arm-none-eabi/8.3.1/../../../../arm-none-eabi/lib/thumb/v7-m/nofp\libg.a(lib_a-fwalk.o)
 .ARM.attributes
                0x00000443       0x2d d:/gmd/toolchain/arm_toolchain/bin/../lib/gcc/arm-none-eabi/8.3.1/../../../../arm-none-eabi/lib/thumb/v7-m/nofp\libg.a(lib_a-localeconv.o)
 .ARM.attributes
                0x00000470       0x2d d:/gmd/toolchain/arm_toolchain/bin/../lib/gcc/arm-none-eabi/8.3.1/../../../../arm-none-eabi/lib/thumb/v7-m/nofp\libg.a(lib_a-lock.o)
 .ARM.attributes
                0x0000049d       0x2d d:/gmd/toolchain/arm_toolchain/bin/../lib/gcc/arm-none-eabi/8.3.1/../../../../arm-none-eabi/lib/thumb/v7-m/nofp\libg.a(lib_a-makebuf.o)
 .ARM.attributes
                0x000004ca       0x2d d:/gmd/toolchain/arm_toolchain/bin/../lib/gcc/arm-none-eabi/8.3.1/../../../../arm-none-eabi/lib/thumb/v7-m/nofp\libg.a(lib_a-mallocr.o)
 .ARM.attributes
                0x000004f7       0x2d d:/gmd/toolchain/arm_toolchain/bin/../lib/gcc/arm-none-eabi/8.3.1/../../../../arm-none-eabi/lib/thumb/v7-m/nofp\libg.a(lib_a-memchr-stub.o)
 .ARM.attributes
                0x00000524       0x1b d:/gmd/toolchain/arm_toolchain/bin/../lib/gcc/arm-none-eabi/8.3.1/../../../../arm-none-eabi/lib/thumb/v7-m/nofp\libg.a(lib_a-memcpy.o)
 .ARM.attributes
                0x0000053f       0x2d d:/gmd/toolchain/arm_toolchain/bin/../lib/gcc/arm-none-eabi/8.3.1/../../../../arm-none-eabi/lib/thumb/v7-m/nofp\libg.a(lib_a-memmove.o)
 .ARM.attributes
                0x0000056c       0x2d d:/gmd/toolchain/arm_toolchain/bin/../lib/gcc/arm-none-eabi/8.3.1/../../../../arm-none-eabi/lib/thumb/v7-m/nofp\libg.a(lib_a-mlock.o)
 .ARM.attributes
                0x00000599       0x2d d:/gmd/toolchain/arm_toolchain/bin/../lib/gcc/arm-none-eabi/8.3.1/../../../../arm-none-eabi/lib/thumb/v7-m/nofp\libg.a(lib_a-mprec.o)
 .ARM.attributes
                0x000005c6       0x2d d:/gmd/toolchain/arm_toolchain/bin/../lib/gcc/arm-none-eabi/8.3.1/../../../../arm-none-eabi/lib/thumb/v7-m/nofp\libg.a(lib_a-reallocr.o)
 .ARM.attributes
                0x000005f3       0x2d d:/gmd/toolchain/arm_toolchain/bin/../lib/gcc/arm-none-eabi/8.3.1/../../../../arm-none-eabi/lib/thumb/v7-m/nofp\libg.a(lib_a-s_frexp.o)
 .ARM.attributes
                0x00000620       0x2d d:/gmd/toolchain/arm_toolchain/bin/../lib/gcc/arm-none-eabi/8.3.1/../../../../arm-none-eabi/lib/thumb/v7-m/nofp\libg.a(lib_a-sbrkr.o)
 .ARM.attributes
                0x0000064d       0x2d d:/gmd/toolchain/arm_toolchain/bin/../lib/gcc/arm-none-eabi/8.3.1/../../../../arm-none-eabi/lib/thumb/v7-m/nofp\libg.a(lib_a-stdio.o)
 .ARM.attributes
                0x0000067a       0x2d d:/gmd/toolchain/arm_toolchain/bin/../lib/gcc/arm-none-eabi/8.3.1/../../../../arm-none-eabi/lib/thumb/v7-m/nofp\libg.a(lib_a-strncpy.o)
 .ARM.attributes
                0x000006a7       0x2d d:/gmd/toolchain/arm_toolchain/bin/../lib/gcc/arm-none-eabi/8.3.1/../../../../arm-none-eabi/lib/thumb/v7-m/nofp\libg.a(lib_a-vfiprintf.o)
 .ARM.attributes
                0x000006d4       0x2d d:/gmd/toolchain/arm_toolchain/bin/../lib/gcc/arm-none-eabi/8.3.1/../../../../arm-none-eabi/lib/thumb/v7-m/nofp\libg.a(lib_a-writer.o)
 .ARM.attributes
                0x00000701       0x2d d:/gmd/toolchain/arm_toolchain/bin/../lib/gcc/arm-none-eabi/8.3.1/../../../../arm-none-eabi/lib/thumb/v7-m/nofp\libg.a(lib_a-callocr.o)
 .ARM.attributes
                0x0000072e       0x2d d:/gmd/toolchain/arm_toolchain/bin/../lib/gcc/arm-none-eabi/8.3.1/../../../../arm-none-eabi/lib/thumb/v7-m/nofp\libg.a(lib_a-closer.o)
 .ARM.attributes
                0x0000075b       0x2d d:/gmd/toolchain/arm_toolchain/bin/../lib/gcc/arm-none-eabi/8.3.1/../../../../arm-none-eabi/lib/thumb/v7-m/nofp\libg.a(lib_a-fclose.o)
 .ARM.attributes
                0x00000788       0x2d d:/gmd/toolchain/arm_toolchain/bin/../lib/gcc/arm-none-eabi/8.3.1/../../../../arm-none-eabi/lib/thumb/v7-m/nofp\libg.a(lib_a-fputwc.o)
 .ARM.attributes
                0x000007b5       0x2d d:/gmd/toolchain/arm_toolchain/bin/../lib/gcc/arm-none-eabi/8.3.1/../../../../arm-none-eabi/lib/thumb/v7-m/nofp\libg.a(lib_a-fstatr.o)
 .ARM.attributes
                0x000007e2       0x2d d:/gmd/toolchain/arm_toolchain/bin/../lib/gcc/arm-none-eabi/8.3.1/../../../../arm-none-eabi/lib/thumb/v7-m/nofp\libg.a(lib_a-isattyr.o)
 .ARM.attributes
                0x0000080f       0x2d d:/gmd/toolchain/arm_toolchain/bin/../lib/gcc/arm-none-eabi/8.3.1/../../../../arm-none-eabi/lib/thumb/v7-m/nofp\libg.a(lib_a-locale.o)
 .ARM.attributes
                0x0000083c       0x2d d:/gmd/toolchain/arm_toolchain/bin/../lib/gcc/arm-none-eabi/8.3.1/../../../../arm-none-eabi/lib/thumb/v7-m/nofp\libg.a(lib_a-lseekr.o)
 .ARM.attributes
                0x00000869       0x2d d:/gmd/toolchain/arm_toolchain/bin/../lib/gcc/arm-none-eabi/8.3.1/../../../../arm-none-eabi/lib/thumb/v7-m/nofp\libg.a(lib_a-mbtowc_r.o)
 .ARM.attributes
                0x00000896       0x2d d:/gmd/toolchain/arm_toolchain/bin/../lib/gcc/arm-none-eabi/8.3.1/../../../../arm-none-eabi/lib/thumb/v7-m/nofp\libg.a(lib_a-readr.o)
 .ARM.attributes
                0x000008c3       0x2d d:/gmd/toolchain/arm_toolchain/bin/../lib/gcc/arm-none-eabi/8.3.1/../../../../arm-none-eabi/lib/thumb/v7-m/nofp\libg.a(lib_a-reent.o)
 .ARM.attributes
                0x000008f0       0x2d d:/gmd/toolchain/arm_toolchain/bin/../lib/gcc/arm-none-eabi/8.3.1/../../../../arm-none-eabi/lib/thumb/v7-m/nofp\libg.a(lib_a-wbuf.o)
 .ARM.attributes
                0x0000091d       0x2d d:/gmd/toolchain/arm_toolchain/bin/../lib/gcc/arm-none-eabi/8.3.1/../../../../arm-none-eabi/lib/thumb/v7-m/nofp\libg.a(lib_a-wcrtomb.o)
 .ARM.attributes
                0x0000094a       0x2d d:/gmd/toolchain/arm_toolchain/bin/../lib/gcc/arm-none-eabi/8.3.1/../../../../arm-none-eabi/lib/thumb/v7-m/nofp\libg.a(lib_a-wctomb_r.o)
 .ARM.attributes
                0x00000977       0x2d d:/gmd/toolchain/arm_toolchain/bin/../lib/gcc/arm-none-eabi/8.3.1/../../../../arm-none-eabi/lib/thumb/v7-m/nofp\libg.a(lib_a-ctype_.o)
 .ARM.attributes
                0x000009a4       0x1d d:/gmd/toolchain/arm_toolchain/bin/../lib/gcc/arm-none-eabi/8.3.1/thumb/v7-m/nofp\libgcc.a(_arm_addsubdf3.o)
 .ARM.attributes
                0x000009c1       0x1d d:/gmd/toolchain/arm_toolchain/bin/../lib/gcc/arm-none-eabi/8.3.1/thumb/v7-m/nofp\libgcc.a(_arm_muldivdf3.o)
 .ARM.attributes
                0x000009de       0x1d d:/gmd/toolchain/arm_toolchain/bin/../lib/gcc/arm-none-eabi/8.3.1/thumb/v7-m/nofp\libgcc.a(_arm_cmpdf2.o)
 .ARM.attributes
                0x000009fb       0x1d d:/gmd/toolchain/arm_toolchain/bin/../lib/gcc/arm-none-eabi/8.3.1/thumb/v7-m/nofp\libgcc.a(_arm_unorddf2.o)
 .ARM.attributes
                0x00000a18       0x1d d:/gmd/toolchain/arm_toolchain/bin/../lib/gcc/arm-none-eabi/8.3.1/thumb/v7-m/nofp\libgcc.a(_arm_fixdfsi.o)
 .ARM.attributes
                0x00000a35       0x1d d:/gmd/toolchain/arm_toolchain/bin/../lib/gcc/arm-none-eabi/8.3.1/thumb/v7-m/nofp\libgcc.a(_aeabi_uldivmod.o)
 .ARM.attributes
                0x00000a52       0x2d d:/gmd/toolchain/arm_toolchain/bin/../lib/gcc/arm-none-eabi/8.3.1/thumb/v7-m/nofp\libgcc.a(_udivmoddi4.o)
 .ARM.attributes
                0x00000a7f       0x1d d:/gmd/toolchain/arm_toolchain/bin/../lib/gcc/arm-none-eabi/8.3.1/thumb/v7-m/nofp\libgcc.a(_dvmd_tls.o)
 .ARM.attributes
                0x00000a9c       0x2d d:/gmd/toolchain/arm_toolchain/bin/../lib/gcc/arm-none-eabi/8.3.1/../../../../arm-none-eabi/lib/thumb/v7-m/nofp\libnosys.a(close.o)
 .ARM.attributes
                0x00000ac9       0x2d d:/gmd/toolchain/arm_toolchain/bin/../lib/gcc/arm-none-eabi/8.3.1/../../../../arm-none-eabi/lib/thumb/v7-m/nofp\libnosys.a(fstat.o)
 .ARM.attributes
                0x00000af6       0x2d d:/gmd/toolchain/arm_toolchain/bin/../lib/gcc/arm-none-eabi/8.3.1/../../../../arm-none-eabi/lib/thumb/v7-m/nofp\libnosys.a(isatty.o)
 .ARM.attributes
                0x00000b23       0x2d d:/gmd/toolchain/arm_toolchain/bin/../lib/gcc/arm-none-eabi/8.3.1/../../../../arm-none-eabi/lib/thumb/v7-m/nofp\libnosys.a(lseek.o)
 .ARM.attributes
                0x00000b50       0x2d d:/gmd/toolchain/arm_toolchain/bin/../lib/gcc/arm-none-eabi/8.3.1/../../../../arm-none-eabi/lib/thumb/v7-m/nofp\libnosys.a(read.o)
 .ARM.attributes
                0x00000b7d       0x2d d:/gmd/toolchain/arm_toolchain/bin/../lib/gcc/arm-none-eabi/8.3.1/../../../../arm-none-eabi/lib/thumb/v7-m/nofp\libnosys.a(sbrk.o)
 .ARM.attributes
                0x00000baa       0x2d d:/gmd/toolchain/arm_toolchain/bin/../lib/gcc/arm-none-eabi/8.3.1/../../../../arm-none-eabi/lib/thumb/v7-m/nofp\libnosys.a(_exit.o)

.comment        0x00000000       0x76
 .comment       0x00000000       0x76 ./src/project/timer/timer_demo.o
                                 0x77 (size before relaxing)
 .comment       0x00000076       0x77 ./src/project/main.o
 .comment       0x00000076       0x77 ./src/library/middlewares/uart/gmd/retarget.o
 .comment       0x00000076       0x77 ./src/library/middlewares/uart/uart.o
 .comment       0x00000076       0x77 ./src/library/libraries/drivers/src/gw1ns4c_misc.o
 .comment       0x00000076       0x77 ./src/library/libraries/drivers/src/gw1ns4c_timer.o
 .comment       0x00000076       0x77 ./src/library/libraries/drivers/src/gw1ns4c_uart.o
 .comment       0x00000076       0x77 ./src/library/libraries/cmsis/cm3/device_support/system_gw1ns4c.o

.debug_info     0x00000000     0x2d61
 .debug_info    0x00000000      0xbe8 ./src/project/timer/timer_demo.o
 .debug_info    0x00000be8       0x43 ./src/project/main.o
 .debug_info    0x00000c2b      0xa7b ./src/library/middlewares/uart/gmd/retarget.o
 .debug_info    0x000016a6      0x31f ./src/library/middlewares/uart/uart.o
 .debug_info    0x000019c5      0x7be ./src/library/libraries/drivers/src/gw1ns4c_misc.o
 .debug_info    0x00002183      0x42c ./src/library/libraries/drivers/src/gw1ns4c_timer.o
 .debug_info    0x000025af      0x66a ./src/library/libraries/drivers/src/gw1ns4c_uart.o
 .debug_info    0x00002c19       0x26 ./src/library/libraries/cmsis/cm3/device_support/startup/gmd/startup_gw1ns4c.o
 .debug_info    0x00002c3f      0x122 ./src/library/libraries/cmsis/cm3/device_support/system_gw1ns4c.o

.debug_abbrev   0x00000000      0xbc7
 .debug_abbrev  0x00000000      0x291 ./src/project/timer/timer_demo.o
 .debug_abbrev  0x00000291       0x3b ./src/project/main.o
 .debug_abbrev  0x000002cc      0x203 ./src/library/middlewares/uart/gmd/retarget.o
 .debug_abbrev  0x000004cf      0x128 ./src/library/middlewares/uart/uart.o
 .debug_abbrev  0x000005f7      0x239 ./src/library/libraries/drivers/src/gw1ns4c_misc.o
 .debug_abbrev  0x00000830      0x12d ./src/library/libraries/drivers/src/gw1ns4c_timer.o
 .debug_abbrev  0x0000095d      0x1c7 ./src/library/libraries/drivers/src/gw1ns4c_uart.o
 .debug_abbrev  0x00000b24       0x14 ./src/library/libraries/cmsis/cm3/device_support/startup/gmd/startup_gw1ns4c.o
 .debug_abbrev  0x00000b38       0x8f ./src/library/libraries/cmsis/cm3/device_support/system_gw1ns4c.o

.debug_aranges  0x00000000      0x290
 .debug_aranges
                0x00000000       0x30 ./src/project/timer/timer_demo.o
 .debug_aranges
                0x00000030       0x20 ./src/project/main.o
 .debug_aranges
                0x00000050       0x20 ./src/library/middlewares/uart/gmd/retarget.o
 .debug_aranges
                0x00000070       0x28 ./src/library/middlewares/uart/uart.o
 .debug_aranges
                0x00000098       0x70 ./src/library/libraries/drivers/src/gw1ns4c_misc.o
 .debug_aranges
                0x00000108       0x80 ./src/library/libraries/drivers/src/gw1ns4c_timer.o
 .debug_aranges
                0x00000188       0xc0 ./src/library/libraries/drivers/src/gw1ns4c_uart.o
 .debug_aranges
                0x00000248       0x20 ./src/library/libraries/cmsis/cm3/device_support/startup/gmd/startup_gw1ns4c.o
 .debug_aranges
                0x00000268       0x28 ./src/library/libraries/cmsis/cm3/device_support/system_gw1ns4c.o

.debug_ranges   0x00000000      0x1f0
 .debug_ranges  0x00000000       0x20 ./src/project/timer/timer_demo.o
 .debug_ranges  0x00000020       0x10 ./src/project/main.o
 .debug_ranges  0x00000030       0x10 ./src/library/middlewares/uart/gmd/retarget.o
 .debug_ranges  0x00000040       0x18 ./src/library/middlewares/uart/uart.o
 .debug_ranges  0x00000058       0x60 ./src/library/libraries/drivers/src/gw1ns4c_misc.o
 .debug_ranges  0x000000b8       0x70 ./src/library/libraries/drivers/src/gw1ns4c_timer.o
 .debug_ranges  0x00000128       0xb0 ./src/library/libraries/drivers/src/gw1ns4c_uart.o
 .debug_ranges  0x000001d8       0x18 ./src/library/libraries/cmsis/cm3/device_support/system_gw1ns4c.o

.debug_line     0x00000000     0x1819
 .debug_line    0x00000000      0x2c0 ./src/project/timer/timer_demo.o
 .debug_line    0x000002c0       0x54 ./src/project/main.o
 .debug_line    0x00000314      0x2be ./src/library/middlewares/uart/gmd/retarget.o
 .debug_line    0x000005d2      0x280 ./src/library/middlewares/uart/uart.o
 .debug_line    0x00000852      0x46f ./src/library/libraries/drivers/src/gw1ns4c_misc.o
 .debug_line    0x00000cc1      0x3b3 ./src/library/libraries/drivers/src/gw1ns4c_timer.o
 .debug_line    0x00001074      0x522 ./src/library/libraries/drivers/src/gw1ns4c_uart.o
 .debug_line    0x00001596       0xcb ./src/library/libraries/cmsis/cm3/device_support/startup/gmd/startup_gw1ns4c.o
 .debug_line    0x00001661      0x1b8 ./src/library/libraries/cmsis/cm3/device_support/system_gw1ns4c.o

.debug_str      0x00000000     0x119f
 .debug_str     0x00000000      0x833 ./src/project/timer/timer_demo.o
                                0x899 (size before relaxing)
 .debug_str     0x00000833       0x1b ./src/project/main.o
                                0x11d (size before relaxing)
 .debug_str     0x0000084e       0x52 ./src/library/middlewares/uart/gmd/retarget.o
                                0x63f (size before relaxing)
 .debug_str     0x000008a0      0x156 ./src/library/middlewares/uart/uart.o
                                0x369 (size before relaxing)
 .debug_str     0x000009f6      0x322 ./src/library/libraries/drivers/src/gw1ns4c_misc.o
                                0x76b (size before relaxing)
 .debug_str     0x00000d18      0x19c ./src/library/libraries/drivers/src/gw1ns4c_timer.o
                                0x3d0 (size before relaxing)
 .debug_str     0x00000eb4      0x229 ./src/library/libraries/drivers/src/gw1ns4c_uart.o
                                0x52c (size before relaxing)
 .debug_str     0x000010dd       0x5e ./src/library/libraries/cmsis/cm3/device_support/startup/gmd/startup_gw1ns4c.o
                                 0x91 (size before relaxing)
 .debug_str     0x0000113b       0x64 ./src/library/libraries/cmsis/cm3/device_support/system_gw1ns4c.o
                                0x22c (size before relaxing)

.debug_frame    0x00000000     0x1c84
 .debug_frame   0x00000000       0x70 ./src/project/timer/timer_demo.o
 .debug_frame   0x00000070       0x2c ./src/project/main.o
 .debug_frame   0x0000009c       0x34 ./src/library/middlewares/uart/gmd/retarget.o
 .debug_frame   0x000000d0       0x58 ./src/library/middlewares/uart/uart.o
 .debug_frame   0x00000128      0x1b8 ./src/library/libraries/drivers/src/gw1ns4c_misc.o
 .debug_frame   0x000002e0      0x218 ./src/library/libraries/drivers/src/gw1ns4c_timer.o
 .debug_frame   0x000004f8      0x354 ./src/library/libraries/drivers/src/gw1ns4c_uart.o
 .debug_frame   0x0000084c       0x50 ./src/library/libraries/cmsis/cm3/device_support/system_gw1ns4c.o
 .debug_frame   0x0000089c       0x28 d:/gmd/toolchain/arm_toolchain/bin/../lib/gcc/arm-none-eabi/8.3.1/../../../../arm-none-eabi/lib/thumb/v7-m/nofp\libg.a(lib_a-exit.o)
 .debug_frame   0x000008c4       0x38 d:/gmd/toolchain/arm_toolchain/bin/../lib/gcc/arm-none-eabi/8.3.1/../../../../arm-none-eabi/lib/thumb/v7-m/nofp\libg.a(lib_a-memset.o)
 .debug_frame   0x000008fc       0x78 d:/gmd/toolchain/arm_toolchain/bin/../lib/gcc/arm-none-eabi/8.3.1/../../../../arm-none-eabi/lib/thumb/v7-m/nofp\libg.a(lib_a-printf.o)
 .debug_frame   0x00000974       0x4c d:/gmd/toolchain/arm_toolchain/bin/../lib/gcc/arm-none-eabi/8.3.1/../../../../arm-none-eabi/lib/thumb/v7-m/nofp\libg.a(lib_a-puts.o)
 .debug_frame   0x000009c0       0x20 d:/gmd/toolchain/arm_toolchain/bin/../lib/gcc/arm-none-eabi/8.3.1/../../../../arm-none-eabi/lib/thumb/v7-m/nofp\libg.a(lib_a-strlen-stub.o)
 .debug_frame   0x000009e0       0x8c d:/gmd/toolchain/arm_toolchain/bin/../lib/gcc/arm-none-eabi/8.3.1/../../../../arm-none-eabi/lib/thumb/v7-m/nofp\libg.a(lib_a-vfprintf.o)
 .debug_frame   0x00000a6c       0x2c d:/gmd/toolchain/arm_toolchain/bin/../lib/gcc/arm-none-eabi/8.3.1/../../../../arm-none-eabi/lib/thumb/v7-m/nofp\libg.a(lib_a-wsetup.o)
 .debug_frame   0x00000a98       0x5c d:/gmd/toolchain/arm_toolchain/bin/../lib/gcc/arm-none-eabi/8.3.1/../../../../arm-none-eabi/lib/thumb/v7-m/nofp\libg.a(lib_a-__call_atexit.o)
 .debug_frame   0x00000af4       0x8c d:/gmd/toolchain/arm_toolchain/bin/../lib/gcc/arm-none-eabi/8.3.1/../../../../arm-none-eabi/lib/thumb/v7-m/nofp\libg.a(lib_a-dtoa.o)
 .debug_frame   0x00000b80       0x5c d:/gmd/toolchain/arm_toolchain/bin/../lib/gcc/arm-none-eabi/8.3.1/../../../../arm-none-eabi/lib/thumb/v7-m/nofp\libg.a(lib_a-fflush.o)
 .debug_frame   0x00000bdc      0x150 d:/gmd/toolchain/arm_toolchain/bin/../lib/gcc/arm-none-eabi/8.3.1/../../../../arm-none-eabi/lib/thumb/v7-m/nofp\libg.a(lib_a-findfp.o)
 .debug_frame   0x00000d2c       0x8c d:/gmd/toolchain/arm_toolchain/bin/../lib/gcc/arm-none-eabi/8.3.1/../../../../arm-none-eabi/lib/thumb/v7-m/nofp\libg.a(lib_a-freer.o)
 .debug_frame   0x00000db8       0x64 d:/gmd/toolchain/arm_toolchain/bin/../lib/gcc/arm-none-eabi/8.3.1/../../../../arm-none-eabi/lib/thumb/v7-m/nofp\libg.a(lib_a-fvwrite.o)
 .debug_frame   0x00000e1c       0x54 d:/gmd/toolchain/arm_toolchain/bin/../lib/gcc/arm-none-eabi/8.3.1/../../../../arm-none-eabi/lib/thumb/v7-m/nofp\libg.a(lib_a-fwalk.o)
 .debug_frame   0x00000e70       0x40 d:/gmd/toolchain/arm_toolchain/bin/../lib/gcc/arm-none-eabi/8.3.1/../../../../arm-none-eabi/lib/thumb/v7-m/nofp\libg.a(lib_a-localeconv.o)
 .debug_frame   0x00000eb0       0xb0 d:/gmd/toolchain/arm_toolchain/bin/../lib/gcc/arm-none-eabi/8.3.1/../../../../arm-none-eabi/lib/thumb/v7-m/nofp\libg.a(lib_a-lock.o)
 .debug_frame   0x00000f60       0x64 d:/gmd/toolchain/arm_toolchain/bin/../lib/gcc/arm-none-eabi/8.3.1/../../../../arm-none-eabi/lib/thumb/v7-m/nofp\libg.a(lib_a-makebuf.o)
 .debug_frame   0x00000fc4       0x4c d:/gmd/toolchain/arm_toolchain/bin/../lib/gcc/arm-none-eabi/8.3.1/../../../../arm-none-eabi/lib/thumb/v7-m/nofp\libg.a(lib_a-mallocr.o)
 .debug_frame   0x00001010       0x34 d:/gmd/toolchain/arm_toolchain/bin/../lib/gcc/arm-none-eabi/8.3.1/../../../../arm-none-eabi/lib/thumb/v7-m/nofp\libg.a(lib_a-memchr-stub.o)
 .debug_frame   0x00001044       0x40 d:/gmd/toolchain/arm_toolchain/bin/../lib/gcc/arm-none-eabi/8.3.1/../../../../arm-none-eabi/lib/thumb/v7-m/nofp\libg.a(lib_a-memmove.o)
 .debug_frame   0x00001084       0x30 d:/gmd/toolchain/arm_toolchain/bin/../lib/gcc/arm-none-eabi/8.3.1/../../../../arm-none-eabi/lib/thumb/v7-m/nofp\libg.a(lib_a-mlock.o)
 .debug_frame   0x000010b4      0x260 d:/gmd/toolchain/arm_toolchain/bin/../lib/gcc/arm-none-eabi/8.3.1/../../../../arm-none-eabi/lib/thumb/v7-m/nofp\libg.a(lib_a-mprec.o)
 .debug_frame   0x00001314       0x48 d:/gmd/toolchain/arm_toolchain/bin/../lib/gcc/arm-none-eabi/8.3.1/../../../../arm-none-eabi/lib/thumb/v7-m/nofp\libg.a(lib_a-reallocr.o)
 .debug_frame   0x0000135c       0x30 d:/gmd/toolchain/arm_toolchain/bin/../lib/gcc/arm-none-eabi/8.3.1/../../../../arm-none-eabi/lib/thumb/v7-m/nofp\libg.a(lib_a-s_frexp.o)
 .debug_frame   0x0000138c       0x2c d:/gmd/toolchain/arm_toolchain/bin/../lib/gcc/arm-none-eabi/8.3.1/../../../../arm-none-eabi/lib/thumb/v7-m/nofp\libg.a(lib_a-sbrkr.o)
 .debug_frame   0x000013b8       0x8c d:/gmd/toolchain/arm_toolchain/bin/../lib/gcc/arm-none-eabi/8.3.1/../../../../arm-none-eabi/lib/thumb/v7-m/nofp\libg.a(lib_a-stdio.o)
 .debug_frame   0x00001444       0x38 d:/gmd/toolchain/arm_toolchain/bin/../lib/gcc/arm-none-eabi/8.3.1/../../../../arm-none-eabi/lib/thumb/v7-m/nofp\libg.a(lib_a-strncpy.o)
 .debug_frame   0x0000147c       0xd0 d:/gmd/toolchain/arm_toolchain/bin/../lib/gcc/arm-none-eabi/8.3.1/../../../../arm-none-eabi/lib/thumb/v7-m/nofp\libg.a(lib_a-vfiprintf.o)
 .debug_frame   0x0000154c       0x30 d:/gmd/toolchain/arm_toolchain/bin/../lib/gcc/arm-none-eabi/8.3.1/../../../../arm-none-eabi/lib/thumb/v7-m/nofp\libg.a(lib_a-writer.o)
 .debug_frame   0x0000157c       0x28 d:/gmd/toolchain/arm_toolchain/bin/../lib/gcc/arm-none-eabi/8.3.1/../../../../arm-none-eabi/lib/thumb/v7-m/nofp\libg.a(lib_a-callocr.o)
 .debug_frame   0x000015a4       0x2c d:/gmd/toolchain/arm_toolchain/bin/../lib/gcc/arm-none-eabi/8.3.1/../../../../arm-none-eabi/lib/thumb/v7-m/nofp\libg.a(lib_a-closer.o)
 .debug_frame   0x000015d0       0x3c d:/gmd/toolchain/arm_toolchain/bin/../lib/gcc/arm-none-eabi/8.3.1/../../../../arm-none-eabi/lib/thumb/v7-m/nofp\libg.a(lib_a-fclose.o)
 .debug_frame   0x0000160c       0x9c d:/gmd/toolchain/arm_toolchain/bin/../lib/gcc/arm-none-eabi/8.3.1/../../../../arm-none-eabi/lib/thumb/v7-m/nofp\libg.a(lib_a-fputwc.o)
 .debug_frame   0x000016a8       0x2c d:/gmd/toolchain/arm_toolchain/bin/../lib/gcc/arm-none-eabi/8.3.1/../../../../arm-none-eabi/lib/thumb/v7-m/nofp\libg.a(lib_a-fstatr.o)
 .debug_frame   0x000016d4       0x2c d:/gmd/toolchain/arm_toolchain/bin/../lib/gcc/arm-none-eabi/8.3.1/../../../../arm-none-eabi/lib/thumb/v7-m/nofp\libg.a(lib_a-isattyr.o)
 .debug_frame   0x00001700       0x54 d:/gmd/toolchain/arm_toolchain/bin/../lib/gcc/arm-none-eabi/8.3.1/../../../../arm-none-eabi/lib/thumb/v7-m/nofp\libg.a(lib_a-locale.o)
 .debug_frame   0x00001754       0x30 d:/gmd/toolchain/arm_toolchain/bin/../lib/gcc/arm-none-eabi/8.3.1/../../../../arm-none-eabi/lib/thumb/v7-m/nofp\libg.a(lib_a-lseekr.o)
 .debug_frame   0x00001784       0x4c d:/gmd/toolchain/arm_toolchain/bin/../lib/gcc/arm-none-eabi/8.3.1/../../../../arm-none-eabi/lib/thumb/v7-m/nofp\libg.a(lib_a-mbtowc_r.o)
 .debug_frame   0x000017d0       0x30 d:/gmd/toolchain/arm_toolchain/bin/../lib/gcc/arm-none-eabi/8.3.1/../../../../arm-none-eabi/lib/thumb/v7-m/nofp\libg.a(lib_a-readr.o)
 .debug_frame   0x00001800       0x60 d:/gmd/toolchain/arm_toolchain/bin/../lib/gcc/arm-none-eabi/8.3.1/../../../../arm-none-eabi/lib/thumb/v7-m/nofp\libg.a(lib_a-reent.o)
 .debug_frame   0x00001860       0x40 d:/gmd/toolchain/arm_toolchain/bin/../lib/gcc/arm-none-eabi/8.3.1/../../../../arm-none-eabi/lib/thumb/v7-m/nofp\libg.a(lib_a-wbuf.o)
 .debug_frame   0x000018a0       0x64 d:/gmd/toolchain/arm_toolchain/bin/../lib/gcc/arm-none-eabi/8.3.1/../../../../arm-none-eabi/lib/thumb/v7-m/nofp\libg.a(lib_a-wcrtomb.o)
 .debug_frame   0x00001904       0x3c d:/gmd/toolchain/arm_toolchain/bin/../lib/gcc/arm-none-eabi/8.3.1/../../../../arm-none-eabi/lib/thumb/v7-m/nofp\libg.a(lib_a-wctomb_r.o)
 .debug_frame   0x00001940       0xac d:/gmd/toolchain/arm_toolchain/bin/../lib/gcc/arm-none-eabi/8.3.1/thumb/v7-m/nofp\libgcc.a(_arm_addsubdf3.o)
 .debug_frame   0x000019ec       0x50 d:/gmd/toolchain/arm_toolchain/bin/../lib/gcc/arm-none-eabi/8.3.1/thumb/v7-m/nofp\libgcc.a(_arm_muldivdf3.o)
 .debug_frame   0x00001a3c       0xc4 d:/gmd/toolchain/arm_toolchain/bin/../lib/gcc/arm-none-eabi/8.3.1/thumb/v7-m/nofp\libgcc.a(_arm_cmpdf2.o)
 .debug_frame   0x00001b00       0x20 d:/gmd/toolchain/arm_toolchain/bin/../lib/gcc/arm-none-eabi/8.3.1/thumb/v7-m/nofp\libgcc.a(_arm_unorddf2.o)
 .debug_frame   0x00001b20       0x24 d:/gmd/toolchain/arm_toolchain/bin/../lib/gcc/arm-none-eabi/8.3.1/thumb/v7-m/nofp\libgcc.a(_arm_fixdfsi.o)
 .debug_frame   0x00001b44       0x2c d:/gmd/toolchain/arm_toolchain/bin/../lib/gcc/arm-none-eabi/8.3.1/thumb/v7-m/nofp\libgcc.a(_aeabi_uldivmod.o)
 .debug_frame   0x00001b70       0x34 d:/gmd/toolchain/arm_toolchain/bin/../lib/gcc/arm-none-eabi/8.3.1/thumb/v7-m/nofp\libgcc.a(_udivmoddi4.o)
 .debug_frame   0x00001ba4       0x20 d:/gmd/toolchain/arm_toolchain/bin/../lib/gcc/arm-none-eabi/8.3.1/../../../../arm-none-eabi/lib/thumb/v7-m/nofp\libnosys.a(close.o)
 .debug_frame   0x00001bc4       0x20 d:/gmd/toolchain/arm_toolchain/bin/../lib/gcc/arm-none-eabi/8.3.1/../../../../arm-none-eabi/lib/thumb/v7-m/nofp\libnosys.a(fstat.o)
 .debug_frame   0x00001be4       0x20 d:/gmd/toolchain/arm_toolchain/bin/../lib/gcc/arm-none-eabi/8.3.1/../../../../arm-none-eabi/lib/thumb/v7-m/nofp\libnosys.a(isatty.o)
 .debug_frame   0x00001c04       0x20 d:/gmd/toolchain/arm_toolchain/bin/../lib/gcc/arm-none-eabi/8.3.1/../../../../arm-none-eabi/lib/thumb/v7-m/nofp\libnosys.a(lseek.o)
 .debug_frame   0x00001c24       0x20 d:/gmd/toolchain/arm_toolchain/bin/../lib/gcc/arm-none-eabi/8.3.1/../../../../arm-none-eabi/lib/thumb/v7-m/nofp\libnosys.a(read.o)
 .debug_frame   0x00001c44       0x20 d:/gmd/toolchain/arm_toolchain/bin/../lib/gcc/arm-none-eabi/8.3.1/../../../../arm-none-eabi/lib/thumb/v7-m/nofp\libnosys.a(sbrk.o)
 .debug_frame   0x00001c64       0x20 d:/gmd/toolchain/arm_toolchain/bin/../lib/gcc/arm-none-eabi/8.3.1/../../../../arm-none-eabi/lib/thumb/v7-m/nofp\libnosys.a(_exit.o)

.stab           0x00000000       0x84
 .stab          0x00000000       0x24 d:/gmd/toolchain/arm_toolchain/bin/../lib/gcc/arm-none-eabi/8.3.1/../../../../arm-none-eabi/lib/thumb/v7-m/nofp\libnosys.a(close.o)
 .stab          0x00000024       0x18 d:/gmd/toolchain/arm_toolchain/bin/../lib/gcc/arm-none-eabi/8.3.1/../../../../arm-none-eabi/lib/thumb/v7-m/nofp\libnosys.a(fstat.o)
                                 0x24 (size before relaxing)
 .stab          0x0000003c       0x18 d:/gmd/toolchain/arm_toolchain/bin/../lib/gcc/arm-none-eabi/8.3.1/../../../../arm-none-eabi/lib/thumb/v7-m/nofp\libnosys.a(isatty.o)
                                 0x24 (size before relaxing)
 .stab          0x00000054       0x18 d:/gmd/toolchain/arm_toolchain/bin/../lib/gcc/arm-none-eabi/8.3.1/../../../../arm-none-eabi/lib/thumb/v7-m/nofp\libnosys.a(lseek.o)
                                 0x24 (size before relaxing)
 .stab          0x0000006c       0x18 d:/gmd/toolchain/arm_toolchain/bin/../lib/gcc/arm-none-eabi/8.3.1/../../../../arm-none-eabi/lib/thumb/v7-m/nofp\libnosys.a(read.o)
                                 0x24 (size before relaxing)

.stabstr        0x00000000      0x117
 .stabstr       0x00000000      0x117 d:/gmd/toolchain/arm_toolchain/bin/../lib/gcc/arm-none-eabi/8.3.1/../../../../arm-none-eabi/lib/thumb/v7-m/nofp\libnosys.a(close.o)
