C51 COMPILER V9.56.0.0   I2C                                                               02/20/2024 13:58:47 PAGE 1   


C51 COMPILER V9.56.0.0, COMPILATION OF MODULE I2C
OBJECT MODULE PLACED IN .\Objects\I2C.obj
COMPILER INVOKED BY: C:\Keil_v5\C51\BIN\C51.EXE Source\I2C.c OPTIMIZE(8,SPEED) BROWSE INCDIR(.\Source;.\Source;.\Source\
                    -Buzzer;.\Source\CHRG;.\Source\KEY;.\Source\Timer;.\Source\IIC;.\Source\USER;.\Source\SYS;.\Source\UART;.\Source\LCD;.\So
                    -urce\LED;.\Source\INC;.\Source\InfraRed;.\Source\ISP;.\Source\WS2811;.\Source\RF;.\Hardware\SN8F5702_Hardware\inc;.\Sour
                    -ce\AHT10) DEBUG OBJECTEXTEND PRINT(.\Listings\I2C.lst) TABS(2) OBJECT(.\Objects\I2C.obj)

line level    source

   1          /*****************************************************************************************
   2          Filename    : I2C.c
   3          Function    : 
   4          Description : 
   5          *****************************************************************************************/
   6          #include "I2C.h"
   7          //-------------------------------------------------------------
   8          //  ht1261 ram define
   9          //-------------------------------------------------------------
  10          //bit F_I2C_DATA;                       //数据接收OK标志
  11          //uint8_t R_I2C_BUF;                    //I2C DATA BUF
  12          //================================================
  13          //  I2C clock delay
  14          //================================================
  15          
  16          #define delay_cnt   2
  17          
  18          static void Delay(void)
  19          {
  20   1        uint8_t i;
  21   1        for(i = 0; i < delay_cnt; i++);
  22   1      }
  23          //================================================
  24          //  I2C Start Procedure
  25          //================================================
  26          static void I2C_Start(void)
  27          {
  28   1      //
  29   1        I2C_SCL_OUT_1;
  30   1        Delay();    
  31   1        I2C_SDA_OUT_1;
  32   1        Delay();
  33   1        I2C_SDA_OUT_0;
  34   1        Delay();
  35   1        I2C_SCL_OUT_0;  
  36   1      }
  37          //================================================
  38          //  I2C Stop Procedure
  39          //================================================
  40          static void I2C_Stop(void)
  41          {
  42   1        I2C_SCL_OUT_0;
  43   1        Delay();
  44   1        I2C_SDA_OUT_0;
  45   1        Delay();
  46   1        I2C_SCL_OUT_1;
  47   1        Delay();
  48   1        I2C_SDA_OUT_1;
  49   1        SDAM_IN;
  50   1      }
  51          //==============================================
  52          //  I2C_ACK
C51 COMPILER V9.56.0.0   I2C                                                               02/20/2024 13:58:47 PAGE 2   

  53          //==============================================
  54          static void I2C_SACK(void)
  55          {
  56   1        I2C_SCL_OUT_0;
  57   1        Delay();
  58   1        I2C_SDA_OUT_0;
  59   1        Delay();
  60   1        I2C_SCL_OUT_1;
  61   1        Delay();
  62   1        I2C_SCL_OUT_0;
  63   1        Delay();
  64   1      }
  65          //==============================================
  66          //  I2C_NACK
  67          //==============================================
  68          static void I2C_SNACK(void)
  69          {
  70   1        I2C_SCL_OUT_0;
  71   1        Delay();
  72   1        I2C_SDA_OUT_1;
  73   1        Delay();
  74   1        I2C_SCL_OUT_1;
  75   1        Delay();
  76   1        I2C_SCL_OUT_0;
  77   1      }
  78          //==============================================
  79          //  I2C_Check_ACK
  80          //==============================================
  81          static uint8_t I2C_Check_ACK(void)
  82          {
  83   1        uint8_t F_I2C_ACK;
  84   1        
  85   1        I2C_SCL_OUT_0;
  86   1        
  87   1        SDAM_IN;
  88   1        
  89   1        Delay();
  90   1        
  91   1        I2C_SCL_OUT_1;
  92   1        Delay();
  93   1        if(I2C_SDA_READ_1)
  94   1          F_I2C_ACK = 0;   //SDA  CHECK NCK
  95   1        else
  96   1          F_I2C_ACK = 1;
  97   1        
  98   1        I2C_SCL_OUT_0;
  99   1          
 100   1        return F_I2C_ACK;
 101   1      }
 102          void I2C_Write_Byte(uint8_t DATA)
 103          {
 104   1        uint8_t i;
 105   1        for(i = 0; i < 8; i++)
 106   1        {
 107   2          I2C_SCL_OUT_0; 
 108   2          if((DATA & 0x80) == 0x80)
 109   2          {
 110   3            I2C_SDA_OUT_1;
 111   3          }    
 112   2          else
 113   2          {
 114   3            I2C_SDA_OUT_0;
C51 COMPILER V9.56.0.0   I2C                                                               02/20/2024 13:58:47 PAGE 3   

 115   3          }
 116   2          Delay();
 117   2          I2C_SCL_OUT_1;
 118   2          DATA = DATA << 1;   
 119   2          Delay();
 120   2        }
 121   1      }
 122          
 123          //==============================================
 124          //  I2C_Read_Byte
 125          
 126          
 127          //==============================================
 128          uint8_t I2C_Read_Byte(void)
 129          {
 130   1        uint8_t i;
 131   1        uint8_t DATA = 0; 
 132   1        SDAM_IN;
 133   1        for(i = 0;i < 8;i ++)
 134   1        {
 135   2          I2C_SCL_OUT_0;
 136   2          Delay();  
 137   2          I2C_SCL_OUT_1;
 138   2          DATA = DATA << 1;
 139   2          if(I2C_SDA_READ_1)
 140   2          {
 141   3            DATA = DATA | 0x01;
 142   3          }
 143   2          Delay();
 144   2        }
 145   1        return  DATA;
 146   1      }
 147          //==============================================
 148          //  I2C_write_Byte
 149          //==============================================
 150          #if 1 
 151          
 152          void  write_n_byte(uint8_t cAddr,uint8_t *cData, uint8_t cSize)
 153          {
 154   1        uint8_t i;
 155   1        I2C_Start();
 156   1        I2C_Write_Byte(cAddr);
 157   1        if(!I2C_Check_ACK())
 158   1        {
 159   2          I2C_Stop();
 160   2          return;
 161   2        }
 162   1        {
 163   2          for(i = 0;i < cSize;i ++)
 164   2          {
 165   3            I2C_Write_Byte(*(cData+i));
 166   3            if(I2C_Check_ACK() == 0)
 167   3            {
 168   4              i = cSize;
 169   4            }
 170   3          }
 171   2        }
 172   1        I2C_Stop(); 
 173   1      }
 174          //==============================================
 175          //  I2C_read_Byte
 176          //==============================================
C51 COMPILER V9.56.0.0   I2C                                                               02/20/2024 13:58:47 PAGE 4   

 177          void  read_n_byte(uint8_t cAddr, uint8_t *cData, uint8_t cSize)
 178          {
 179   1        uint8_t i;
 180   1        
 181   1        I2C_Start();
 182   1        I2C_Write_Byte(cAddr|0x01);                       //send  slave's   addr，waitting for ACK
 183   1        if(!I2C_Check_ACK())
 184   1        {
 185   2          I2C_Stop();
 186   2          return;
 187   2        }                         
 188   1        for(i = 0;i < cSize - 1;i ++)             //read  csize  byte  
 189   1        {
 190   2          (*(cData+i)) = I2C_Read_Byte();
 191   2          I2C_SACK();
 192   2        }
 193   1        (*(cData+i)) = I2C_Read_Byte();
 194   1        I2C_SNACK();    
 195   1        I2C_Stop();
 196   1      }
 197          #endif 
 198          #if 0
              //==============================================
              //  eeprom_I2C_write_Byte
              //==============================================
              void  eeprom_write_n_byte(uint8_t cAddr,uint8_t dataAddr ,uint8_t *cData, uint8_t cSize)
              {
                uint8_t i;
                I2C_Start();
                I2C_Write_Byte(cAddr);
                if(!I2C_Check_ACK())
                {
                  I2C_Stop();
                  return;
                }
                else
                  
                  I2C_Write_Byte(dataAddr);
                if(I2C_Check_ACK())
                {
                  for(i = 0;i < cSize;i ++)
                  {
                    I2C_Write_Byte(*(cData+i));
                    if(I2C_Check_ACK() == 0)
                    {
                      i = cSize;
                    }
                  } 
                }
                I2C_Stop();
                
              }
              //==============================================
              //  eeprom_I2C_read_Byte
              //==============================================
              void  eeprom_read_n_byte(uint8_t cAddr,uint8_t dataAddr,  uint8_t *cData, uint8_t cSize)
              {
                uint8_t i;
                
                I2C_Start();
                I2C_Write_Byte(cAddr);
                if(!I2C_Check_ACK())
C51 COMPILER V9.56.0.0   I2C                                                               02/20/2024 13:58:47 PAGE 5   

                {
                  I2C_Stop();
                  return;
                }
                else
                  I2C_Write_Byte(dataAddr); 
                if(!I2C_Check_ACK())
                {
                  I2C_Stop();                                                                                             
             - 
                  return;
                }
                else  
                {
                  I2C_Start();
                  I2C_Write_Byte(cAddr|0x01);
                }
                if(I2C_Check_ACK())
                {
                  for(i = 0;i < cSize - 1;i ++)
                  {
                    (*(cData+i)) = I2C_Read_Byte();
                    I2C_SACK();
                  }
                  (*(cData+i)) = I2C_Read_Byte();
                  I2C_SNACK();
                
                }
                I2C_Stop();
              }
              #endif


MODULE INFORMATION:   STATIC OVERLAYABLE
   CODE SIZE        =    351    ----
   CONSTANT SIZE    =   ----    ----
   XDATA SIZE       =   ----    ----
   PDATA SIZE       =   ----    ----
   DATA SIZE        =   ----      10
   IDATA SIZE       =   ----    ----
   BIT SIZE         =   ----    ----
END OF MODULE INFORMATION.


C51 COMPILATION COMPLETE.  0 WARNING(S),  0 ERROR(S)
