BL51 BANKED LINKER/LOCATER V6.22                                                        03/27/2024  16:54:39  PAGE 1


BL51 BANKED LINKER/LOCATER V6.22, INVOKED BY:
C:\KEIL_V5\C51\BIN\BL51.EXE .\Objects\STARTUP.obj, .\Objects\OPTIONS_SN8F5708.obj, .\Objects\main.obj, .\Objects\led.obj
>>  TO .\Objects\key_demo PRINT (.\Listings\key_demo.m51) RAMSIZE (256)


MEMORY MODEL: SMALL


INPUT MODULES INCLUDED:
  .\Objects\STARTUP.obj (?C_STARTUP)
  .\Objects\OPTIONS_SN8F5708.obj (OPTIONS_SN8F5708)
  .\Objects\main.obj (MAIN)
  .\Objects\led.obj (LED)


LINK MAP OF MODULE:  .\Objects\key_demo (?C_STARTUP)


            TYPE    BASE      LENGTH    RELOCATION   SEGMENT NAME
            -----------------------------------------------------

            * * * * * * *   D A T A   M E M O R Y   * * * * * * *
            REG     0000H     0008H     ABSOLUTE     "REG BANK 0"
            IDATA   0008H     0001H     UNIT         ?STACK

            * * * * * * *   C O D E   M E M O R Y   * * * * * * *
            CODE    0000H     0003H     ABSOLUTE     
            CODE    0003H     003DH     UNIT         ?PR?MAIN?MAIN
            CODE    0040H     0023H     UNIT         ?PR?_DELAY_MS?MAIN
            CODE    0063H     0013H     UNIT         ?PR?_LED_CTR?LED
            CODE    0076H     000CH     UNIT         ?C_C51STARTUP
            CODE    0082H     0007H     UNIT         ?PR?LED_CONFIG?LED
                    0089H     3F72H                  *** GAP ***
            CODE    3FFBH     0005H     ABSOLUTE     



OVERLAY MAP OF MODULE:   .\Objects\key_demo (?C_STARTUP)


SEGMENT
  +--> CALLED SEGMENT
---------------------
?C_C51STARTUP
  +--> ?PR?MAIN?MAIN

?PR?MAIN?MAIN
  +--> ?PR?LED_CONFIG?LED
  +--> ?PR?_LED_CTR?LED
  +--> ?PR?_DELAY_MS?MAIN



SYMBOL TABLE OF MODULE:  .\Objects\key_demo (?C_STARTUP)

  VALUE           TYPE          NAME
  ----------------------------------

BL51 BANKED LINKER/LOCATER V6.22                                                      03/27/2024  16:54:39  PAGE 2


  -------         MODULE        ?C_STARTUP
  C:0076H         SEGMENT       ?C_C51STARTUP
  I:0008H         SEGMENT       ?STACK
  C:0000H         PUBLIC        ?C_STARTUP
  D:00E0H         SYMBOL        ACC
  D:00F0H         SYMBOL        B
  D:0083H         SYMBOL        DPH
  D:0082H         SYMBOL        DPL
  N:0000H         SYMBOL        IBPSTACK
  N:0100H         SYMBOL        IBPSTACKTOP
  N:0100H         SYMBOL        IDATALEN
  C:0079H         SYMBOL        IDATALOOP
  N:0000H         SYMBOL        PBPSTACK
  N:0100H         SYMBOL        PBPSTACKTOP
  N:0000H         SYMBOL        PDATALEN
  N:0000H         SYMBOL        PDATASTART
  N:0000H         SYMBOL        PPAGE
  N:0000H         SYMBOL        PPAGEENABLE
  D:00A0H         SYMBOL        PPAGE_SFR
  D:0081H         SYMBOL        SP
  C:0076H         SYMBOL        STARTUP1
  N:0000H         SYMBOL        XBPSTACK
  N:0000H         SYMBOL        XBPSTACKTOP
  N:0000H         SYMBOL        XDATALEN
  N:0000H         SYMBOL        XDATASTART
  C:0000H         LINE#         126
  C:0076H         LINE#         133
  C:0078H         LINE#         134
  C:0079H         LINE#         135
  C:007AH         LINE#         136
  C:007CH         LINE#         185
  C:007FH         LINE#         196
  -------         ENDMOD        ?C_STARTUP

  -------         MODULE        OPTIONS_SN8F5708
  N:000EH         SYMBOL        CLOCKSRC_SET
  N:0006H         SYMBOL        LVDMODE_SET
  N:0001H         SYMBOL        NOISEFILT_SET
  N:0010H         SYMBOL        RESETPIN_SET
  N:0001H         SYMBOL        SECURITY_SET
  N:00C0H         SYMBOL        WATCHCLK_SET
  N:0050H         SYMBOL        WATCHDOG_SET
  -------         ENDMOD        OPTIONS_SN8F5708

  -------         MODULE        MAIN
  C:0000H         SYMBOL        _ICE_DUMMY_
  D:0080H         PUBLIC        P0
  D:0090H         PUBLIC        P1
  D:00A0H         PUBLIC        P2
  D:00B0H         PUBLIC        P3
  D:00E8H         PUBLIC        P4
  D:00F8H         PUBLIC        P5
  D:00A8H         PUBLIC        IEN0
  D:00B8H         PUBLIC        IEN1
  D:00D8H         PUBLIC        S0CON2
  C:0003H         PUBLIC        main
  D:00E6H         PUBLIC        CLKCMD
BL51 BANKED LINKER/LOCATER V6.22                                                      03/27/2024  16:54:39  PAGE 3


  D:0088H         PUBLIC        TCON
  D:00E5H         PUBLIC        CLKSEL
  D:0086H         PUBLIC        WDTR
  C:0040H         PUBLIC        _delay_ms
  D:0098H         PUBLIC        S0CON
  D:00C8H         PUBLIC        T2CON
  D:008EH         PUBLIC        CKCON
  D:00D0H         PUBLIC        PSW
  D:00C0H         PUBLIC        IRCON
  -------         PROC          MAIN
  C:0003H         LINE#         15
  C:0003H         LINE#         16
  C:0003H         LINE#         17
  C:0006H         LINE#         18
  C:0009H         LINE#         19
  C:000CH         LINE#         20
  C:000FH         LINE#         21
  C:0012H         LINE#         22
  C:0012H         LINE#         23
  C:0012H         LINE#         24
  C:0015H         LINE#         25
  C:001BH         LINE#         26
  C:0022H         LINE#         27
  C:0029H         LINE#         28
  C:0030H         LINE#         29
  C:0037H         LINE#         30
  C:003EH         LINE#         31
  -------         ENDPROC       MAIN
  -------         PROC          _DELAY_MS
  D:0006H         SYMBOL        ms
  -------         DO            
  D:0004H         SYMBOL        i
  D:0002H         SYMBOL        j
  -------         ENDDO         
  C:0040H         LINE#         42
  C:0040H         LINE#         43
  C:0040H         LINE#         45
  C:0043H         LINE#         46
  C:0043H         LINE#         47
  C:0046H         LINE#         48
  C:0057H         LINE#         49
  C:0062H         LINE#         50
  -------         ENDPROC       _DELAY_MS
  -------         ENDMOD        MAIN

  -------         MODULE        LED
  C:0000H         SYMBOL        _ICE_DUMMY_
  D:0080H         PUBLIC        P0
  D:0090H         PUBLIC        P1
  D:00A0H         PUBLIC        P2
  D:00B0H         PUBLIC        P3
  D:00E8H         PUBLIC        P4
  D:00F8H         PUBLIC        P5
  D:00A8H         PUBLIC        IEN0
  D:00B8H         PUBLIC        IEN1
  C:0082H         PUBLIC        led_config
  D:00D8H         PUBLIC        S0CON2
BL51 BANKED LINKER/LOCATER V6.22                                                      03/27/2024  16:54:39  PAGE 4


  B:0080H.3       PUBLIC        P03
  B:0080H.4       PUBLIC        P04
  D:0088H         PUBLIC        TCON
  D:00F9H         PUBLIC        P0M
  C:0063H         PUBLIC        _led_ctr
  D:0098H         PUBLIC        S0CON
  D:00C8H         PUBLIC        T2CON
  D:00D0H         PUBLIC        PSW
  D:00C0H         PUBLIC        IRCON
  -------         PROC          LED_CONFIG
  C:0082H         LINE#         13
  C:0082H         LINE#         14
  C:0082H         LINE#         15
  C:0085H         LINE#         16
  C:0088H         LINE#         17
  -------         ENDPROC       LED_CONFIG
  -------         PROC          _LED_CTR
  D:0007H         SYMBOL        led
  D:0005H         SYMBOL        cmd
  C:0063H         LINE#         27
  C:0063H         LINE#         28
  C:0063H         LINE#         29
  C:006AH         LINE#         30
  C:006AH         LINE#         31
  C:0070H         LINE#         32
  C:0075H         LINE#         33
  C:0075H         LINE#         34
  -------         ENDPROC       _LED_CTR
  -------         ENDMOD        LED

Program Size: data=9.0 xdata=0 code=142
LINK/LOCATE RUN COMPLETE.  0 WARNING(S),  0 ERROR(S)
