C51 COMPILER V9.56.0.0   SYS_TICK                                                          03/14/2024 15:26:21 PAGE 1   


C51 COMPILER V9.56.0.0, COMPILATION OF MODULE SYS_TICK
OBJECT MODULE PLACED IN .\Objects\sys_tick.obj
COMPILER INVOKED BY: C:\Keil_v5\C51\BIN\C51.EXE Source\sys_tick.c OPTIMIZE(8,SPEED) BROWSE INCDIR(.\Source;.\Source;.\So
                    -urce\Buzzer;.\Source\CHRG;.\Source\KEY;.\Source\Timer;.\Source\IIC;.\Source\USER;.\Source\SYS;.\Source\UART;.\Source\LCD
                    -;.\Source\LED;.\Source\INC;.\Source\InfraRed;.\Source\ISP;.\Source\WS2811;.\Source\RF;.\Hardware\SN8F5702_Hardware\inc;.
                    -\Source\AHT10) DEBUG OBJECTEXTEND PRINT(.\Listings\sys_tick.lst) TABS(2) OBJECT(.\Objects\sys_tick.obj)

line level    source

   1          #include "sys_tick.h"
   2          uint8_t  sys_tick_10ms ;
   3          uint8_t  sys_tick_100ms ;
   4          uint8_t  sys_tick_1s ;
   5          uint8_t  sys_tick_1min ;
   6          uint8_t  sys_tick_flag;
   7          /***********************************************************
   8          **函数名     :sys_tick_init
   9          **功能描述   :
  10          **
  11          **输入参数   : 
  12          **
  13          **返回参数   :
  14          **
  15          **使用说明   :T0 做系统心跳定时器 初始化 1MS 定时  做系统心跳
  16          ***********************************************************/
  17          void sys_tick_init(void)
  18          {
  19   1        TMOD = 0x06;         
  20   1        TCON0 = 0x00;          
  21   1        TH0 = 256-251;             
  22   1        TL0 = 256-251;                  
  23   1        TR0 = 1;                      
  24   1        ET0 = 1;   
  25   1        EAL = 1;
  26   1      }
  27          
  28          /***********************************************************
  29          **函数名     :
  30          **功能描述   :
  31          **
  32          **输入参数   : 
  33          **
  34          **返回参数   :
  35          **
  36          **使用说明   :T0 中断 
  37          ***********************************************************/
  38          void sys_tick_ISR(void) interrupt ISRTimer0   // Vector @  0x0B
  39          {
  40   1        P07 = 0;
  41   1        sys_tick_flag |= 0x01;
  42   1        if(++sys_tick_10ms >= 10 ){
  43   2          sys_tick_10ms = 0;
  44   2          sys_tick_flag |= 0x02;
  45   2          if(++sys_tick_100ms >= 10){
  46   3            sys_tick_100ms = 0;
  47   3            sys_tick_flag |= 0x04;
  48   3            if(++sys_tick_1s >= 10){
  49   4              sys_tick_1s = 0;
  50   4              sys_tick_flag |= 0x08;
  51   4              if(++sys_tick_1min >= 60){
  52   5                sys_tick_1min = 0;
C51 COMPILER V9.56.0.0   SYS_TICK                                                          03/14/2024 15:26:21 PAGE 2   

  53   5                sys_tick_flag |= 0x10;
  54   5              }     
  55   4            }
  56   3          }     
  57   2        }
  58   1      }
  59          
  60          /***********************************************************
  61          **函数名     :get_sys_tick()
  62          **功能描述   :
  63          **
  64          **输入参数   : systick  心跳参数 1ms 10ms 100ms  1s 1min 
  65          **
  66          **返回参数   :
  67          **
  68          **使用说明   :获取系统心跳 如果有则返回1 
  69          ***********************************************************/
  70          uint8_t get_sys_tick(uint8_t systick)
  71          {
  72   1        uint8_t tick = 0;
  73   1      
  74   1        tick = sys_tick_flag & systick;
  75   1        if(tick)
  76   1          sys_tick_flag &= ~systick;
  77   1        
  78   1        return tick;
  79   1      }


MODULE INFORMATION:   STATIC OVERLAYABLE
   CODE SIZE        =    103    ----
   CONSTANT SIZE    =   ----    ----
   XDATA SIZE       =   ----    ----
   PDATA SIZE       =   ----    ----
   DATA SIZE        =      5    ----
   IDATA SIZE       =   ----    ----
   BIT SIZE         =   ----    ----
END OF MODULE INFORMATION.


C51 COMPILATION COMPLETE.  0 WARNING(S),  0 ERROR(S)
