Reading netlist file: "D:\PTIT\HocKy2_Nam2025\NCKHSV-FPGA\KiWi-1P5\20261104_FPGA_UART_Basic\impl\gwsynthesis\20261104_FPGA_UART_Basic.vg"
Parsing netlist file "D:\PTIT\HocKy2_Nam2025\NCKHSV-FPGA\KiWi-1P5\20261104_FPGA_UART_Basic\impl\gwsynthesis\20261104_FPGA_UART_Basic.vg" completed
Processing netlist completed
Reading constraint file: "D:\PTIT\HocKy2_Nam2025\NCKHSV-FPGA\KiWi-1P5\20261104_FPGA_UART_Basic\src\20261104_FPGA_UART_Basic.cst"
Physical Constraint parsed completed
Running placement......
[10%] Placement Phase 0 completed
[20%] Placement Phase 1 completed
[30%] Placement Phase 2 completed
[50%] Placement Phase 3 completed
Running routing......
[60%] Routing Phase 0 completed
[70%] Routing Phase 1 completed
[80%] Routing Phase 2 completed
[90%] Routing Phase 3 completed
Running timing analysis......
[95%] Timing analysis completed
Placement and routing completed
Bitstream generation in progress......
Bitstream generation completed
Running power analysis......
[100%] Power analysis completed
Generate file "D:\PTIT\HocKy2_Nam2025\NCKHSV-FPGA\KiWi-1P5\20261104_FPGA_UART_Basic\impl\pnr\20261104_FPGA_UART_Basic.power.html" completed
Generate file "D:\PTIT\HocKy2_Nam2025\NCKHSV-FPGA\KiWi-1P5\20261104_FPGA_UART_Basic\impl\pnr\20261104_FPGA_UART_Basic.pin.html" completed
Generate file "D:\PTIT\HocKy2_Nam2025\NCKHSV-FPGA\KiWi-1P5\20261104_FPGA_UART_Basic\impl\pnr\20261104_FPGA_UART_Basic.rpt.html" completed
Generate file "D:\PTIT\HocKy2_Nam2025\NCKHSV-FPGA\KiWi-1P5\20261104_FPGA_UART_Basic\impl\pnr\20261104_FPGA_UART_Basic.rpt.txt" completed
Generate file "D:\PTIT\HocKy2_Nam2025\NCKHSV-FPGA\KiWi-1P5\20261104_FPGA_UART_Basic\impl\pnr\20261104_FPGA_UART_Basic.tr.html" completed
Sat Apr 11 11:02:26 2026

