C51 COMPILER V9.56.0.0   LED                                                               03/14/2024 16:44:23 PAGE 1   


C51 COMPILER V9.56.0.0, COMPILATION OF MODULE LED
OBJECT MODULE PLACED IN .\Objects\led.obj
COMPILER INVOKED BY: C:\Keil_v5\C51\BIN\C51.EXE Source\led.c OPTIMIZE(8,SPEED) BROWSE INCDIR(.\Source;.\Source;.\Source\
                    -Buzzer;.\Source\CHRG;.\Source\KEY;.\Source\Timer;.\Source\IIC;.\Source\USER;.\Source\SYS;.\Source\UART;.\Source\LCD;.\So
                    -urce\LED;.\Source\INC;.\Source\InfraRed;.\Source\ISP;.\Source\WS2811;.\Source\RF;.\Hardware\SN8F5702_Hardware\inc;.\Sour
                    -ce\AHT10) DEBUG OBJECTEXTEND PRINT(.\Listings\led.lst) TABS(2) OBJECT(.\Objects\led.obj)

line level    source

   1          #include "mcu.h"
   2          #include "led.h"
   3          
   4          /***********************************************************
   5          **函数名     :led_config()
   6          **功能描述   :
   7          **
   8          **输入参数   : 
   9          **
  10          **返回参数   :
  11          **
  12          **使用说明   :P03 P04配置成输出模式,输出1
  13          ***********************************************************/
  14          void led_config()
  15          {
  16   1        P0 |= 0X18;
  17   1        P0M |= 0X18;
  18   1      }
  19          /***********************************************************
  20          **函数名     :led_ctr()
  21          **功能描述   :
  22          **
  23          **输入参数   : led  ：LED0 or LED1  cmd: 0or 1 亮 or 灭
  24          **
  25          **返回参数   :
  26          **
  27          **使用说明   :P03 P04配置成输出模式,输出1
  28          ***********************************************************/
  29          void led_ctr(uint8_t led,uint8_t cmd)
  30          {
  31   1        switch(led)
  32   1        {
  33   2          case 0:LED0 = cmd;break;
  34   2          case 1:LED1 = cmd;break;
  35   2        }
  36   1      }


MODULE INFORMATION:   STATIC OVERLAYABLE
   CODE SIZE        =     26    ----
   CONSTANT SIZE    =   ----    ----
   XDATA SIZE       =   ----    ----
   PDATA SIZE       =   ----    ----
   DATA SIZE        =   ----    ----
   IDATA SIZE       =   ----    ----
   BIT SIZE         =   ----    ----
END OF MODULE INFORMATION.


C51 COMPILATION COMPLETE.  0 WARNING(S),  0 ERROR(S)
