C51 COMPILER V9.56.0.0   MAIN                                                              03/26/2024 09:27:21 PAGE 1   


C51 COMPILER V9.56.0.0, COMPILATION OF MODULE MAIN
OBJECT MODULE PLACED IN .\Objects\main.obj
COMPILER INVOKED BY: C:\Keil_v5\C51\BIN\C51.EXE Source\main.c OPTIMIZE(8,SPEED) BROWSE INCDIR(.\Source;.\Source;.\Source
                    -\Buzzer;.\Source\CHRG;.\Source\KEY;.\Source\Timer;.\Source\IIC;.\Source\USER;.\Source\SYS;.\Source\UART;.\Source\LCD;.\S
                    -ource\LED;.\Source\INC;.\Source\InfraRed;.\Source\ISP;.\Source\WS2811;.\Source\RF;.\Hardware\SN8F5702_Hardware\inc;.\Sou
                    -rce\AHT10) DEBUG OBJECTEXTEND PRINT(.\Listings\main.lst) TABS(2) OBJECT(.\Objects\main.obj)

line level    source

   1          #define __XRAM_SFR_H__
   2          #include "mcu.h"
   3          #include "uart.h"
   4          #include "stdio.h"
   5          void delay_ms(uint16_t ms);
   6          uint32_t sys_running_timer;
   7          /***********************************************************
   8          **Function name   :
   9          **
  10          **Input parameter : 
  11          **
  12          **Input parameter :
  13          **
  14          **Description     :
  15          ***********************************************************/
  16          int main(void)
  17          { 
  18   1        CKCON   = 0X70;
  19   1        CLKSEL  = 0X05;               //Fcpu = 32M/4
  20   1        CLKCMD  = 0X69;               
  21   1        CKCON   = 0X00;   
  22   1        uart0_config();
  23   1        while(1)
  24   1        {
  25   2          WDTR = 0x5A;                //CLR WDTR
  26   2        }
  27   1      }


MODULE INFORMATION:   STATIC OVERLAYABLE
   CODE SIZE        =     20    ----
   CONSTANT SIZE    =   ----    ----
   XDATA SIZE       =   ----    ----
   PDATA SIZE       =   ----    ----
   DATA SIZE        =      4    ----
   IDATA SIZE       =   ----    ----
   BIT SIZE         =   ----    ----
END OF MODULE INFORMATION.


C51 COMPILATION COMPLETE.  0 WARNING(S),  0 ERROR(S)
