BL51 BANKED LINKER/LOCATER V6.22                                                        03/27/2024  16:54:57  PAGE 1


BL51 BANKED LINKER/LOCATER V6.22, INVOKED BY:
C:\KEIL_V5\C51\BIN\BL51.EXE .\Objects\STARTUP.obj, .\Objects\OPTIONS_SN8F5708.obj, .\Objects\7segment_led.obj, .\Objects
>> \main.obj TO .\Objects\key_demo PRINT (.\Listings\key_demo.m51) RAMSIZE (256)


MEMORY MODEL: SMALL


INPUT MODULES INCLUDED:
  .\Objects\STARTUP.obj (?C_STARTUP)
  .\Objects\OPTIONS_SN8F5708.obj (OPTIONS_SN8F5708)
  .\Objects\7segment_led.obj (7SEGMENT_LED)
  .\Objects\main.obj (MAIN)
  C:\KEIL_V5\C51\LIB\C51S.LIB (?C_INIT)
  C:\KEIL_V5\C51\LIB\C51S.LIB (?C?UIDIV)


LINK MAP OF MODULE:  .\Objects\key_demo (?C_STARTUP)


            TYPE    BASE      LENGTH    RELOCATION   SEGMENT NAME
            -----------------------------------------------------

            * * * * * * *   D A T A   M E M O R Y   * * * * * * *
            REG     0000H     0008H     ABSOLUTE     "REG BANK 0"
            DATA    0008H     0005H     UNIT         ?DT?7SEGMENT_LED
            DATA    000DH     0004H     UNIT         ?DT?MAIN
            IDATA   0011H     0001H     UNIT         ?STACK

            * * * * * * *   C O D E   M E M O R Y   * * * * * * *
            CODE    0000H     0003H     ABSOLUTE     
            CODE    0003H     0095H     UNIT         ?PR?_SEGMENT_DISPLAY?7SEGMENT_LED
            CODE    0098H     008CH     UNIT         ?C_C51STARTUP
            CODE    0124H     0069H     UNIT         ?PR?_SEGMENT_DISPLAYHEX?7SEGMENT_LED
            CODE    018DH     0055H     UNIT         ?C?LIB_CODE
            CODE    01E2H     003AH     UNIT         ?PR?SEGMENT_LED_SCAN?7SEGMENT_LED
            CODE    021CH     0025H     UNIT         ?PR?MAIN?MAIN
            CODE    0241H     0023H     UNIT         ?PR?_DELAY_MS?MAIN
            CODE    0264H     0010H     UNIT         ?CO?7SEGMENT_LED
            CODE    0274H     000DH     UNIT         ?PR?SEGMENT_LED_CONFIG?7SEGMENT_LED
            CODE    0281H     0004H     UNIT         ?C_INITSEG
                    0285H     3D76H                  *** GAP ***
            CODE    3FFBH     0005H     ABSOLUTE     



OVERLAY MAP OF MODULE:   .\Objects\key_demo (?C_STARTUP)


SEGMENT
  +--> CALLED SEGMENT
---------------------
?C_C51STARTUP
  +--> ?PR?MAIN?MAIN
  +--> ?C_INITSEG

?PR?MAIN?MAIN
  +--> ?PR?SEGMENT_LED_CONFIG?7SEGMENT_LED
BL51 BANKED LINKER/LOCATER V6.22                                                      03/27/2024  16:54:57  PAGE 2


  +--> ?PR?_SEGMENT_DISPLAY?7SEGMENT_LED
  +--> ?PR?_DELAY_MS?MAIN
  +--> ?PR?SEGMENT_LED_SCAN?7SEGMENT_LED

?PR?_SEGMENT_DISPLAY?7SEGMENT_LED
  +--> ?CO?7SEGMENT_LED



SYMBOL TABLE OF MODULE:  .\Objects\key_demo (?C_STARTUP)

  VALUE           TYPE          NAME
  ----------------------------------

  -------         MODULE        ?C_STARTUP
  C:0098H         SEGMENT       ?C_C51STARTUP
  I:0011H         SEGMENT       ?STACK
  C:0000H         PUBLIC        ?C_STARTUP
  D:00E0H         SYMBOL        ACC
  D:00F0H         SYMBOL        B
  D:0083H         SYMBOL        DPH
  D:0082H         SYMBOL        DPL
  N:0000H         SYMBOL        IBPSTACK
  N:0100H         SYMBOL        IBPSTACKTOP
  N:0100H         SYMBOL        IDATALEN
  C:009BH         SYMBOL        IDATALOOP
  N:0000H         SYMBOL        PBPSTACK
  N:0100H         SYMBOL        PBPSTACKTOP
  N:0000H         SYMBOL        PDATALEN
  N:0000H         SYMBOL        PDATASTART
  N:0000H         SYMBOL        PPAGE
  N:0000H         SYMBOL        PPAGEENABLE
  D:00A0H         SYMBOL        PPAGE_SFR
  D:0081H         SYMBOL        SP
  C:0098H         SYMBOL        STARTUP1
  N:0000H         SYMBOL        XBPSTACK
  N:0000H         SYMBOL        XBPSTACKTOP
  N:0000H         SYMBOL        XDATALEN
  N:0000H         SYMBOL        XDATASTART
  C:0000H         LINE#         126
  C:0098H         LINE#         133
  C:009AH         LINE#         134
  C:009BH         LINE#         135
  C:009CH         LINE#         136
  C:009EH         LINE#         185
  C:00A1H         LINE#         196
  -------         ENDMOD        ?C_STARTUP

  -------         MODULE        OPTIONS_SN8F5708
  N:000EH         SYMBOL        CLOCKSRC_SET
  N:0006H         SYMBOL        LVDMODE_SET
  N:0001H         SYMBOL        NOISEFILT_SET
  N:0010H         SYMBOL        RESETPIN_SET
  N:0001H         SYMBOL        SECURITY_SET
  N:00C0H         SYMBOL        WATCHCLK_SET
  N:0050H         SYMBOL        WATCHDOG_SET
  -------         ENDMOD        OPTIONS_SN8F5708
BL51 BANKED LINKER/LOCATER V6.22                                                      03/27/2024  16:54:57  PAGE 3



  -------         MODULE        7SEGMENT_LED
  C:0000H         SYMBOL        _ICE_DUMMY_
  D:0080H         PUBLIC        P0
  D:0090H         PUBLIC        P1
  D:00A0H         PUBLIC        P2
  D:00B0H         PUBLIC        P3
  D:00E8H         PUBLIC        P4
  D:00F8H         PUBLIC        P5
  D:00A8H         PUBLIC        IEN0
  D:00B8H         PUBLIC        IEN1
  C:01E2H         PUBLIC        segment_led_scan
  D:00D8H         PUBLIC        S0CON2
  C:0124H         PUBLIC        _segment_displayhex
  C:0264H         PUBLIC        numble_tab
  B:00F8H.0       PUBLIC        P50
  D:0088H         PUBLIC        TCON
  B:00F8H.1       PUBLIC        P51
  B:00F8H.2       PUBLIC        P52
  B:00F8H.3       PUBLIC        P53
  D:0009H         PUBLIC        led_buff
  D:00FCH         PUBLIC        P3M
  D:00FEH         PUBLIC        P5M
  C:0003H         PUBLIC        _segment_display
  D:0098H         PUBLIC        S0CON
  D:00C8H         PUBLIC        T2CON
  C:0274H         PUBLIC        segment_led_config
  D:00D0H         PUBLIC        PSW
  D:00C0H         PUBLIC        IRCON
  -------         PROC          SEGMENT_LED_CONFIG
  C:0274H         LINE#         18
  C:0274H         LINE#         19
  C:0274H         LINE#         20
  C:0277H         LINE#         21
  C:027AH         LINE#         22
  C:027DH         LINE#         23
  C:0280H         LINE#         24
  -------         ENDPROC       SEGMENT_LED_CONFIG
  -------         PROC          SEGMENT_LED_SCAN
  -------         DO            
  D:0008H         SYMBOL        cnt
  -------         ENDDO         
  C:01E2H         LINE#         34
  C:01E2H         LINE#         35
  C:01E2H         LINE#         37
  C:01E4H         LINE#         38
  C:01E6H         LINE#         39
  C:01E8H         LINE#         40
  C:01EAH         LINE#         41
  C:01F9H         LINE#         42
  C:01F9H         LINE#         43
  C:01FDH         LINE#         44
  C:0201H         LINE#         45
  C:0205H         LINE#         46
  C:0207H         LINE#         47
  C:0207H         LINE#         48
  C:020FH         LINE#         51
BL51 BANKED LINKER/LOCATER V6.22                                                      03/27/2024  16:54:57  PAGE 4


  C:0218H         LINE#         52
  C:021BH         LINE#         53
  -------         ENDPROC       SEGMENT_LED_SCAN
  -------         PROC          _SEGMENT_DISPLAY
  D:0002H         SYMBOL        tempdata
  C:0003H         LINE#         64
  C:0007H         LINE#         65
  C:0007H         LINE#         66
  C:0010H         LINE#         67
  C:0013H         LINE#         68
  C:0016H         LINE#         69
  C:0019H         LINE#         70
  C:001CH         LINE#         71
  C:001DH         LINE#         72
  C:0036H         LINE#         73
  C:0045H         LINE#         74
  C:005AH         LINE#         75
  C:0069H         LINE#         76
  C:007EH         LINE#         77
  C:0089H         LINE#         78
  C:0097H         LINE#         79
  C:0097H         LINE#         80
  -------         ENDPROC       _SEGMENT_DISPLAY
  -------         PROC          _SEGMENT_DISPLAYHEX
  D:0006H         SYMBOL        tempdata
  C:0124H         LINE#         90
  C:0124H         LINE#         91
  C:0124H         LINE#         92
  C:0136H         LINE#         93
  C:0144H         LINE#         94
  C:0153H         LINE#         95
  C:0161H         LINE#         96
  C:0170H         LINE#         97
  C:017BH         LINE#         98
  C:018CH         LINE#         99
  -------         ENDPROC       _SEGMENT_DISPLAYHEX
  -------         ENDMOD        7SEGMENT_LED

  -------         MODULE        MAIN
  C:0000H         SYMBOL        _ICE_DUMMY_
  D:0080H         PUBLIC        P0
  D:0090H         PUBLIC        P1
  D:00A0H         PUBLIC        P2
  D:00B0H         PUBLIC        P3
  D:00E8H         PUBLIC        P4
  D:00F8H         PUBLIC        P5
  D:00A8H         PUBLIC        IEN0
  D:00B8H         PUBLIC        IEN1
  D:00D8H         PUBLIC        S0CON2
  C:021CH         PUBLIC        main
  D:00E6H         PUBLIC        CLKCMD
  D:0088H         PUBLIC        TCON
  D:00E5H         PUBLIC        CLKSEL
  D:0086H         PUBLIC        WDTR
  D:000DH         PUBLIC        sys_running_timer
  C:0241H         PUBLIC        _delay_ms
  D:0098H         PUBLIC        S0CON
BL51 BANKED LINKER/LOCATER V6.22                                                      03/27/2024  16:54:57  PAGE 5


  D:00C8H         PUBLIC        T2CON
  D:008EH         PUBLIC        CKCON
  D:00D0H         PUBLIC        PSW
  D:00C0H         PUBLIC        IRCON
  -------         PROC          MAIN
  C:021CH         LINE#         15
  C:021CH         LINE#         16
  C:021CH         LINE#         17
  C:021FH         LINE#         18
  C:0222H         LINE#         19
  C:0225H         LINE#         20
  C:0228H         LINE#         21
  C:022BH         LINE#         22
  C:0232H         LINE#         23
  C:0232H         LINE#         24
  C:0232H         LINE#         25
  C:0235H         LINE#         26
  C:023CH         LINE#         27
  C:023FH         LINE#         28
  -------         ENDPROC       MAIN
  -------         PROC          _DELAY_MS
  D:0006H         SYMBOL        ms
  -------         DO            
  D:0004H         SYMBOL        i
  D:0002H         SYMBOL        j
  -------         ENDDO         
  C:0241H         LINE#         39
  C:0241H         LINE#         40
  C:0241H         LINE#         42
  C:0244H         LINE#         43
  C:0244H         LINE#         44
  C:0247H         LINE#         45
  C:0258H         LINE#         46
  C:0263H         LINE#         47
  -------         ENDPROC       _DELAY_MS
  -------         ENDMOD        MAIN

  -------         MODULE        ?C?UIDIV
  C:018DH         PUBLIC        ?C?UIDIV
  -------         ENDMOD        ?C?UIDIV

*** WARNING L16: UNCALLED SEGMENT, IGNORED FOR OVERLAY PROCESS
    SEGMENT: ?PR?_SEGMENT_DISPLAYHEX?7SEGMENT_LED

Program Size: data=18.0 xdata=0 code=650
LINK/LOCATE RUN COMPLETE.  1 WARNING(S),  0 ERROR(S)
