C51 COMPILER V9.56.0.0   SYS_TICK                                                          03/25/2024 09:36:00 PAGE 1   


C51 COMPILER V9.56.0.0, COMPILATION OF MODULE SYS_TICK
OBJECT MODULE PLACED IN .\Objects\sys_tick.obj
COMPILER INVOKED BY: C:\Keil_v5\C51\BIN\C51.EXE Source\sys_tick.c OPTIMIZE(8,SPEED) BROWSE INCDIR(.\Source;.\Source;.\So
                    -urce\Buzzer;.\Source\CHRG;.\Source\KEY;.\Source\Timer;.\Source\IIC;.\Source\USER;.\Source\SYS;.\Source\UART;.\Source\LCD
                    -;.\Source\LED;.\Source\INC;.\Source\InfraRed;.\Source\ISP;.\Source\WS2811;.\Source\RF;.\Hardware\SN8F5702_Hardware\inc;.
                    -\Source\AHT10) DEBUG OBJECTEXTEND PRINT(.\Listings\sys_tick.lst) TABS(2) OBJECT(.\Objects\sys_tick.obj)

line level    source

   1          #include "sys_tick.h"
   2          uint8_t  sys_tick_10ms ;
   3          uint8_t  sys_tick_100ms ;
   4          uint8_t  sys_tick_1s ;
   5          uint8_t  sys_tick_1min ;
   6          uint8_t  sys_tick_flag;
   7          /***********************************************************
   8          **Function name   :sys_tick_init
   9          **
  10          **Input parameter : NULL
  11          **
  12          **Input parameter : NULL
  13          **
  14          **Description     : Timer 0 is configured for 1MS to perform the system heartbeat
  15          ***********************************************************/
  16          void sys_tick_init(void)
  17          {
  18   1        TMOD = 0x06;          //mode 3 autoload timer
  19   1        TCON0 = 0x00;          
  20   1        TH0 = 256-250;             
  21   1        TL0 = 256-250;                  
  22   1        TR0 = 1;                      
  23   1        ET0 = 1;   
  24   1        EAL = 1;
  25   1      }
  26          
  27          /***********************************************************
  28          **Function name   :sys_tick_ISR
  29          **
  30          **Input parameter :
  31          **
  32          **Input parameter : NULL
  33          **
  34          **Description     : Timer 0 Interrupt service function,Generate 10MS, 100MS, 1S timing
  35          ***********************************************************/
  36          void sys_tick_ISR(void) interrupt ISRTimer0   // Vector @  0x0B
  37          {
  38   1        segment_led_scan();
*** WARNING C206 IN LINE 38 OF Source\sys_tick.c: 'segment_led_scan': missing function-prototype
  39   1        sys_tick_flag |= 0x01;
  40   1        if(++sys_tick_10ms >= 10 ){
  41   2          sys_tick_10ms = 0;
  42   2          sys_tick_flag |= 0x02;
  43   2          if(++sys_tick_100ms >= 10){
  44   3            sys_tick_100ms = 0;
  45   3            sys_tick_flag |= 0x04;
  46   3            if(++sys_tick_1s >= 10){
  47   4              sys_tick_1s = 0;
  48   4              sys_tick_flag |= 0x08;
  49   4              if(++sys_tick_1min >= 60){
  50   5                sys_tick_1min = 0;
  51   5                sys_tick_flag |= 0x10;
C51 COMPILER V9.56.0.0   SYS_TICK                                                          03/25/2024 09:36:00 PAGE 2   

  52   5              }     
  53   4            }
  54   3          }     
  55   2        }
  56   1      }
  57          /***********************************************************
  58          **Function name   :get_sys_tick()
  59          **
  60          **Input parameter : __1MS,__10MS,__100MS,__1S,__1MIN
  61          **
  62          **Input parameter : 
  63          **
  64          **Description     :Return 1 if the input parameter's timing is up, 0 otherwise
  65          ***********************************************************/
  66          uint8_t get_sys_tick(uint8_t systick)
  67          {
  68   1        uint8_t tick = 0;
  69   1      
  70   1        tick = sys_tick_flag & systick;
  71   1        
  72   1        if(tick)
  73   1          sys_tick_flag &= ~systick;
  74   1        
  75   1        return tick;
  76   1      }


MODULE INFORMATION:   STATIC OVERLAYABLE
   CODE SIZE        =    151    ----
   CONSTANT SIZE    =   ----    ----
   XDATA SIZE       =   ----    ----
   PDATA SIZE       =   ----    ----
   DATA SIZE        =      5    ----
   IDATA SIZE       =   ----    ----
   BIT SIZE         =   ----    ----
END OF MODULE INFORMATION.


C51 COMPILATION COMPLETE.  1 WARNING(S),  0 ERROR(S)
