C51 COMPILER V9.56.0.0   EXINT                                                             11/28/2024 17:09:49 PAGE 1   


C51 COMPILER V9.56.0.0, COMPILATION OF MODULE EXINT
OBJECT MODULE PLACED IN .\Objects\exint.obj
COMPILER INVOKED BY: C:\Keil_v5\C51\BIN\C51.EXE Source\exint.c OPTIMIZE(8,SPEED) BROWSE INCDIR(.\Source;.\Source;.\Sourc
                    -e\Buzzer;.\Source\CHRG;.\Source\KEY;.\Source\Timer;.\Source\IIC;.\Source\USER;.\Source\SYS;.\Source\UART;.\Source\LCD;.\
                    -Source\LED;.\Source\INC;.\Source\InfraRed;.\Source\ISP;.\Source\WS2811;.\Source\RF;.\Hardware\SN8F5702_Hardware\inc;.\So
                    -urce\AHT10) DEBUG OBJECTEXTEND PRINT(.\Listings\exint.lst) TABS(2) OBJECT(.\Objects\exint.obj)

line level    source

   1          #include "exint.h"
   2          #include "7segment_led.h"
   3          #include "spi.h"
   4          #define keyout0   P44                                           //按键接口引脚定义
   5          #define keyout1   P45
   6          #define keyout2   P46
   7          #define keyout3   P47
   8          
   9          #define keyin0    P24
  10          #define keyin1    P25
  11          #define keyin2    P26
  12          #define keyin3    P27
  13          
  14          uint8_t keyinbuf1,keyinbuf2;      
  15          
  16          uint16_t ep_addr;
  17          uint8_t  ep_data;
  18          uint16_t data_temp;
  19          uint8_t  data_read;
  20          uint8_t  key_value;
  21          uint8_t  input_flag;  // input_flag == 0 input addr  ;input_flag == 1 input data  ;
  22          /***********************************************************
  23          **Function name   :int0_config()
  24          **
  25          **Input parameter : 
  26          **
  27          **Input parameter :
  28          **
  29          **Description     :INT0 is configured to trigger the falling edge
  30          ***********************************************************/
  31          void int0_config()
  32          {
  33   1        P4  &= 0X0F;
  34   1        P4M |= 0XF0;
  35   1        
  36   1        PEDGE = 0X02;
  37   1        EX0 = 1;
  38   1        EAL = 1;
  39   1      }
  40          /***********************************************************
  41          **Function name   :
  42          **
  43          **Input parameter : 
  44          **
  45          **Input parameter :
  46          **
  47          **Description     :
  48          ***********************************************************/
  49          void int0_isr(void) interrupt ISRInt0
  50          {
  51   1        
  52   1      
C51 COMPILER V9.56.0.0   EXINT                                                             11/28/2024 17:09:49 PAGE 2   

  53   1        uint8_t i;
  54   1        PEDGE = 0;
  55   1        P44 = 0;
  56   1        P4 |= 0XEF; 
  57   1        for(i = 0;i<8;i++);
  58   1        if(keyin0 == 0)
  59   1          key_value = 13;
  60   1        if(keyin1 == 0)
  61   1          key_value = 9;
  62   1        if(keyin2 == 0)
  63   1          key_value = 5;
  64   1        if(keyin3 == 0)
  65   1          key_value = 1;  
  66   1      
  67   1        
  68   1        P4 |= 0XDF; 
  69   1        P45 = 0;
  70   1        for(i = 0;i<8;i++);
  71   1        if(keyin0 == 0)
  72   1          key_value = 14;
  73   1        if(keyin1 == 0)
  74   1          key_value = 10;
  75   1        if(keyin2 == 0)
  76   1          key_value = 6;
  77   1        if(keyin3 == 0)
  78   1          key_value = 2;  
  79   1        
  80   1        P4 |= 0XbF; 
  81   1        P46 = 0;
  82   1        for(i = 0;i<8;i++);
  83   1        if(keyin0 == 0)
  84   1          key_value = 15;
  85   1        if(keyin1 == 0)
  86   1          key_value = 11;
  87   1        if(keyin2 == 0)
  88   1          key_value = 7;
  89   1        if(keyin3 == 0)
  90   1          key_value = 3;  
  91   1      
  92   1        P4 |= 0X7F; 
  93   1        P47 = 0;
  94   1        for(i = 0;i<8;i++);
  95   1        if(keyin0 == 0)
  96   1          key_value = 16;
  97   1        if(keyin1 == 0)
  98   1          key_value = 12;
  99   1        if(keyin2 == 0)
 100   1          key_value = 8;
 101   1        if(keyin3 == 0)
 102   1          key_value = 4;    
 103   1        
 104   1        P4 &= 0X0F;
 105   1        
 106   1      
 107   1        PEDGE = 0x02;
 108   1      }
 109          
 110          /***********************************************************
 111          **Function name   :
 112          **
 113          **Input parameter : 
 114          **
C51 COMPILER V9.56.0.0   EXINT                                                             11/28/2024 17:09:49 PAGE 3   

 115          **Input parameter :
 116          **
 117          **Description     : 
 118          ***********************************************************/
 119          void key_value_app()
 120          {
 121   1        if(key_value == 0) 
 122   1          return ;
 123   1        
 124   1        switch(key_value)
 125   1        {
 126   2          case 1: data_temp = 0;break;  //clear 
 127   2          
 128   2          case 2: data_temp = data_temp *10+ 0; break;
 129   2          case 5: data_temp = data_temp *10+ 1; break;
 130   2          case 6: data_temp = data_temp *10+ 2; break;   
 131   2          case 7: data_temp = data_temp *10+ 3; break;
 132   2          case 9: data_temp = data_temp *10+ 4; break;
 133   2          case 10:data_temp = data_temp *10+ 5; break;
 134   2          case 11:data_temp = data_temp *10+ 6; break;
 135   2          case 13:data_temp = data_temp *10+ 7; break;   
 136   2          case 14:data_temp = data_temp *10+ 8; break;   //Pay attention to Data overflow (addr < 65536)
 137   2          case 15:data_temp = data_temp *10+ 9; break;   // Pay attention to address overflow
 138   2          
 139   2          case 8: input_flag = 0;       //input addr
 140   2                  ep_addr = 0;
 141   2                  data_temp = 0;
 142   2                  break;
 143   2          
 144   2          case 4: input_flag = 1;       //input data
 145   2                  ep_data = 0;
 146   2                  data_temp = 0;
 147   2                  break;    
 148   2          case 16:   
 149   2                  w25q_write_256bytes(ep_addr,&ep_data,1);//write 0x80 to addr
 150   2                  segment_display(0);     
 151   2                  break;  
 152   2          case 12:   
 153   2                  w25q_read_data(ep_addr,&data_read,1);//read data from addr
 154   2          
 155   2                  segment_display(data_read);           
 156   2                break;  
 157   2        }
 158   1        
 159   1        if(key_value != 12 && key_value!= 16)
 160   1        {
 161   2          if(input_flag == 1)
 162   2          {
 163   3            if(data_temp > 255)
 164   3              data_temp = 255;
 165   3            
 166   3            ep_data = data_temp;
 167   3          }
 168   2          else
 169   2          {
 170   3            if(data_temp > 9999)
 171   3              data_temp = 9999;         
 172   3            ep_addr = data_temp;
 173   3          }
 174   2          segment_display(data_temp);
 175   2        }
 176   1        
C51 COMPILER V9.56.0.0   EXINT                                                             11/28/2024 17:09:49 PAGE 4   

 177   1        PEDGE = 0X02; 
 178   1        key_value = 0;
 179   1      
 180   1      }


MODULE INFORMATION:   STATIC OVERLAYABLE
   CODE SIZE        =    580    ----
   CONSTANT SIZE    =   ----    ----
   XDATA SIZE       =   ----    ----
   PDATA SIZE       =   ----    ----
   DATA SIZE        =     10    ----
   IDATA SIZE       =   ----    ----
   BIT SIZE         =   ----    ----
END OF MODULE INFORMATION.


C51 COMPILATION COMPLETE.  0 WARNING(S),  0 ERROR(S)
