C51 COMPILER V9.56.0.0   MAIN                                                              11/28/2024 16:32:08 PAGE 1   


C51 COMPILER V9.56.0.0, COMPILATION OF MODULE MAIN
OBJECT MODULE PLACED IN .\Objects\main.obj
COMPILER INVOKED BY: C:\Keil_v5\C51\BIN\C51.EXE Source\main.c OPTIMIZE(8,SPEED) BROWSE INCDIR(.\Source;.\Source;.\Source
                    -\Buzzer;.\Source\CHRG;.\Source\KEY;.\Source\Timer;.\Source\IIC;.\Source\USER;.\Source\SYS;.\Source\UART;.\Source\LCD;.\S
                    -ource\LED;.\Source\INC;.\Source\InfraRed;.\Source\ISP;.\Source\WS2811;.\Source\RF;.\Hardware\SN8F5702_Hardware\inc;.\Sou
                    -rce\AHT10) DEBUG OBJECTEXTEND PRINT(.\Listings\main.lst) TABS(2) OBJECT(.\Objects\main.obj)

line level    source

   1          #define __XRAM_SFR_H__
   2          #include "mcu.h"
   3          #include "exint.h"
   4          #include "spi.h"
   5          #include "7segment_led.h"
   6          void delay_ms(uint16_t ms);
   7          uint32_t sys_running_timer;
   8          /***********************************************************
   9          **函数名     :
  10          **功能描述   :
  11          **
  12          **输入参数   : 
  13          **
  14          **返回参数   :
  15          **
  16          **使用说明   :主循环
  17          ***********************************************************/
  18          int main(void)
  19          { 
  20   1        CKCON   = 0X70;
  21   1        CLKSEL  = 0X05;               //Fcpu = 32M/4
  22   1        CLKCMD  = 0X69;               
  23   1        CKCON   = 0X00;   
  24   1        spi_master_init();
  25   1        int0_config(); 
  26   1        segment_led_config();
  27   1        segment_displayhex(0);
  28   1        while(1)
  29   1        {
  30   2          WDTR = 0x5A;                //CLR WDTR    
  31   2          key_value_app();    
  32   2          delay_ms(10);
  33   2          segment_led_scan();       
  34   2        }
  35   1      }
  36          /***********************************************************
  37          **Function name   :delay_ms
  38          **
  39          **Input parameter : uint16_t ms
  40          **
  41          **Input parameter :
  42          **
  43          **Description     : Software delay ms
  44          ***********************************************************/
  45          void delay_ms(uint16_t ms)
  46          {
  47   1        uint16_t i,j;
  48   1        for(i = 0; i < 100;i++)
  49   1        {
  50   2          WDTR = 0x5A;
  51   2          for(j=0;j<ms;j++);
  52   2        }
C51 COMPILER V9.56.0.0   MAIN                                                              11/28/2024 16:32:08 PAGE 2   

  53   1      }


MODULE INFORMATION:   STATIC OVERLAYABLE
   CODE SIZE        =     80    ----
   CONSTANT SIZE    =   ----    ----
   XDATA SIZE       =   ----    ----
   PDATA SIZE       =   ----    ----
   DATA SIZE        =      4    ----
   IDATA SIZE       =   ----    ----
   BIT SIZE         =   ----    ----
END OF MODULE INFORMATION.


C51 COMPILATION COMPLETE.  0 WARNING(S),  0 ERROR(S)
